Archive member included to satisfy reference by file (symbol)

/usr/lib/gcc/arm-none-eabi/12.2.1/thumb/v6-m/nofp/libgcc.a(_dvmd_tls.o)
                              CMakeFiles/hw9.dir/home/laehon/pico/pico-sdk/src/rp2_common/pico_divider/divider.S.obj (__aeabi_idiv0)
/usr/lib/gcc/arm-none-eabi/12.2.1/../../../arm-none-eabi/lib/thumb/v6-m/nofp/libg.a(lib_a-atexit.o)
                              /usr/lib/gcc/arm-none-eabi/12.2.1/../../../arm-none-eabi/lib/thumb/v6-m/nofp/crt0.o (atexit)
/usr/lib/gcc/arm-none-eabi/12.2.1/../../../arm-none-eabi/lib/thumb/v6-m/nofp/libg.a(lib_a-calloc.o)
                              CMakeFiles/hw9.dir/home/laehon/pico/pico-sdk/src/rp2_common/pico_malloc/pico_malloc.c.obj (calloc)
/usr/lib/gcc/arm-none-eabi/12.2.1/../../../arm-none-eabi/lib/thumb/v6-m/nofp/libg.a(lib_a-callocr.o)
                              /usr/lib/gcc/arm-none-eabi/12.2.1/../../../arm-none-eabi/lib/thumb/v6-m/nofp/libg.a(lib_a-calloc.o) (_calloc_r)
/usr/lib/gcc/arm-none-eabi/12.2.1/../../../arm-none-eabi/lib/thumb/v6-m/nofp/libg.a(lib_a-fini.o)
                              /usr/lib/gcc/arm-none-eabi/12.2.1/../../../arm-none-eabi/lib/thumb/v6-m/nofp/crt0.o (__libc_fini_array)
/usr/lib/gcc/arm-none-eabi/12.2.1/../../../arm-none-eabi/lib/thumb/v6-m/nofp/libg.a(lib_a-impure.o)
                              /usr/lib/gcc/arm-none-eabi/12.2.1/../../../arm-none-eabi/lib/thumb/v6-m/nofp/libg.a(lib_a-calloc.o) (_impure_ptr)
/usr/lib/gcc/arm-none-eabi/12.2.1/../../../arm-none-eabi/lib/thumb/v6-m/nofp/libg.a(lib_a-init.o)
                              /usr/lib/gcc/arm-none-eabi/12.2.1/../../../arm-none-eabi/lib/thumb/v6-m/nofp/crt0.o (__libc_init_array)
/usr/lib/gcc/arm-none-eabi/12.2.1/../../../arm-none-eabi/lib/thumb/v6-m/nofp/libg.a(lib_a-malloc.o)
                              CMakeFiles/hw9.dir/home/laehon/pico/pico-sdk/src/rp2_common/pico_malloc/pico_malloc.c.obj (malloc)
/usr/lib/gcc/arm-none-eabi/12.2.1/../../../arm-none-eabi/lib/thumb/v6-m/nofp/libg.a(lib_a-mallocr.o)
                              /usr/lib/gcc/arm-none-eabi/12.2.1/../../../arm-none-eabi/lib/thumb/v6-m/nofp/libg.a(lib_a-callocr.o) (_malloc_r)
/usr/lib/gcc/arm-none-eabi/12.2.1/../../../arm-none-eabi/lib/thumb/v6-m/nofp/libg.a(lib_a-mlock.o)
                              /usr/lib/gcc/arm-none-eabi/12.2.1/../../../arm-none-eabi/lib/thumb/v6-m/nofp/libg.a(lib_a-mallocr.o) (__malloc_lock)
/usr/lib/gcc/arm-none-eabi/12.2.1/../../../arm-none-eabi/lib/thumb/v6-m/nofp/libg.a(lib_a-realloc.o)
                              CMakeFiles/hw9.dir/home/laehon/pico/pico-sdk/src/rp2_common/pico_malloc/pico_malloc.c.obj (realloc)
/usr/lib/gcc/arm-none-eabi/12.2.1/../../../arm-none-eabi/lib/thumb/v6-m/nofp/libg.a(lib_a-reallocr.o)
                              /usr/lib/gcc/arm-none-eabi/12.2.1/../../../arm-none-eabi/lib/thumb/v6-m/nofp/libg.a(lib_a-realloc.o) (_realloc_r)
/usr/lib/gcc/arm-none-eabi/12.2.1/../../../arm-none-eabi/lib/thumb/v6-m/nofp/libg.a(lib_a-sbrkr.o)
                              /usr/lib/gcc/arm-none-eabi/12.2.1/../../../arm-none-eabi/lib/thumb/v6-m/nofp/libg.a(lib_a-mallocr.o) (_sbrk_r)
/usr/lib/gcc/arm-none-eabi/12.2.1/../../../arm-none-eabi/lib/thumb/v6-m/nofp/libg.a(lib_a-scanf.o)
                              CMakeFiles/hw9.dir/hw9.c.obj (scanf)
/usr/lib/gcc/arm-none-eabi/12.2.1/../../../arm-none-eabi/lib/thumb/v6-m/nofp/libg.a(lib_a-strlen-stub.o)
                              CMakeFiles/hw9.dir/home/laehon/pico/pico-sdk/src/rp2_common/pico_stdio/stdio.c.obj (strlen)
/usr/lib/gcc/arm-none-eabi/12.2.1/../../../arm-none-eabi/lib/thumb/v6-m/nofp/libg.a(lib_a-vfscanf.o)
                              /usr/lib/gcc/arm-none-eabi/12.2.1/../../../arm-none-eabi/lib/thumb/v6-m/nofp/libg.a(lib_a-scanf.o) (_vfscanf_r)
/usr/lib/gcc/arm-none-eabi/12.2.1/../../../arm-none-eabi/lib/thumb/v6-m/nofp/libg.a(lib_a-__atexit.o)
                              /usr/lib/gcc/arm-none-eabi/12.2.1/../../../arm-none-eabi/lib/thumb/v6-m/nofp/libg.a(lib_a-atexit.o) (__register_exitproc)
/usr/lib/gcc/arm-none-eabi/12.2.1/../../../arm-none-eabi/lib/thumb/v6-m/nofp/libg.a(lib_a-ctype_.o)
                              /usr/lib/gcc/arm-none-eabi/12.2.1/../../../arm-none-eabi/lib/thumb/v6-m/nofp/libg.a(lib_a-vfscanf.o) (_ctype_)
/usr/lib/gcc/arm-none-eabi/12.2.1/../../../arm-none-eabi/lib/thumb/v6-m/nofp/libg.a(lib_a-findfp.o)
                              /usr/lib/gcc/arm-none-eabi/12.2.1/../../../arm-none-eabi/lib/thumb/v6-m/nofp/libg.a(lib_a-vfscanf.o) (__sinit)
/usr/lib/gcc/arm-none-eabi/12.2.1/../../../arm-none-eabi/lib/thumb/v6-m/nofp/libg.a(lib_a-fread.o)
                              /usr/lib/gcc/arm-none-eabi/12.2.1/../../../arm-none-eabi/lib/thumb/v6-m/nofp/libg.a(lib_a-vfscanf.o) (_fread_r)
/usr/lib/gcc/arm-none-eabi/12.2.1/../../../arm-none-eabi/lib/thumb/v6-m/nofp/libg.a(lib_a-freer.o)
                              /usr/lib/gcc/arm-none-eabi/12.2.1/../../../arm-none-eabi/lib/thumb/v6-m/nofp/libg.a(lib_a-malloc.o) (_free_r)
[...]
Memory Configuration

Name             Origin             Length             Attributes
FLASH            0x0000000010000000 0x0000000000200000 xr
RAM              0x0000000020000000 0x0000000000040000 xrw
SCRATCH_X        0x0000000020040000 0x0000000000001000 xrw
SCRATCH_Y        0x0000000020041000 0x0000000000001000 xrw
*default*        0x0000000000000000 0xffffffffffffffff

Linker script and memory map

LOAD /usr/lib/gcc/arm-none-eabi/12.2.1/thumb/v6-m/nofp/crti.o
LOAD /usr/lib/gcc/arm-none-eabi/12.2.1/thumb/v6-m/nofp/crtbegin.o
LOAD /usr/lib/gcc/arm-none-eabi/12.2.1/../../../arm-none-eabi/lib/thumb/v6-m/nofp/crt0.o

.flash_begin    0x0000000010000000        0x0
                0x0000000010000000                __flash_binary_start = .

.boot2          0x0000000010000000      0x100
                0x0000000010000000                __boot2_start__ = .
 *(.boot2)
 .boot2         0x0000000010000000      0x100 /tmp/ccUfImUA.o
                0x0000000010000100                __boot2_end__ = .
                0x0000000000000001                ASSERT (((__boot2_end__ - __boot2_start__) == 0x100), ERROR: Pico second stage bootloader must be 256 bytes in size)

.text           0x0000000010000100     0xcab8
                0x0000000010000100                __logical_binary_start = .
 *(.vectors)
 .vectors       0x0000000010000100       0xd4 CMakeFiles/hw9.dir/home/laehon/pico/pico-sdk/src/rp2_common/pico_standard_link/crt0.S.obj
                0x0000000010000100                __vectors
                0x0000000010000100                __VECTOR_TABLE
                0x00000000100001c0                isr_invalid
                0x00000000100001c0                __default_isrs_start
                0x00000000100001c2                isr_nmi
                0x00000000100001c4                isr_hardfault
                0x00000000100001c6                isr_svcall
                0x00000000100001c8                isr_pendsv
                0x00000000100001ca                isr_systick
                0x00000000100001cc                isr_irq30
                0x00000000100001cc                __unhandled_user_irq
                0x00000000100001cc                isr_irq13
                0x00000000100001cc                isr_irq27
                0x00000000100001cc                isr_irq31
                0x00000000100001cc                isr_irq5
                0x00000000100001cc                isr_irq11
                0x00000000100001cc                isr_irq23
                0x00000000100001cc                isr_irq18
                0x00000000100001cc                isr_irq28
                0x00000000100001cc                isr_irq19
                0x00000000100001cc                isr_irq0
                0x00000000100001cc                isr_irq6
                0x00000000100001cc                isr_irq22
                0x00000000100001cc                isr_irq17
                0x00000000100001cc                isr_irq14
                0x00000000100001cc                isr_irq2
                0x00000000100001cc                isr_irq10
                0x00000000100001cc                isr_irq8
                0x00000000100001cc                isr_irq24
                0x00000000100001cc                isr_irq1
                0x00000000100001cc                isr_irq7
                0x00000000100001cc                isr_irq21
                0x00000000100001cc                isr_irq20
                0x00000000100001cc                isr_irq15
                0x00000000100001cc                isr_irq25
                0x00000000100001cc                isr_irq4
                0x00000000100001cc                isr_irq16
                0x00000000100001cc                isr_irq29
                0x00000000100001cc                isr_irq26
                0x00000000100001cc                __default_isrs_end
                0x00000000100001cc                isr_irq3
                0x00000000100001cc                isr_irq12
                0x00000000100001cc                isr_irq9
                0x00000000100001d2                unhandled_user_irq_num_in_r0
 *(.binary_info_header)
 .binary_info_header
                0x00000000100001d4       0x14 CMakeFiles/hw9.dir/home/laehon/pico/pico-sdk/src/rp2_common/pico_standard_link/crt0.S.obj
                0x00000000100001e8                __binary_info_header_end = .
 *(.reset)
 .reset         0x00000000100001e8       0xa0 CMakeFiles/hw9.dir/home/laehon/pico/pico-sdk/src/rp2_common/pico_standard_link/crt0.S.obj
                0x00000000100001e8                _entry_point
 .reset         0x0000000010000288       0x30 CMakeFiles/hw9.dir/home/laehon/pico/pico-sdk/src/rp2_common/pico_standard_link/binary_info.c.obj
 *(.init)
 .init          0x00000000100002b8        0x4 /usr/lib/gcc/arm-none-eabi/12.2.1/thumb/v6-m/nofp/crti.o
                0x00000000100002b8                _init
 *(EXCLUDE_FILE(*libm.a: *libc.a:*lib_a-mem*.o *libgcc.a:) .text*)
 .text          0x00000000100002bc       0x98 /usr/lib/gcc/arm-none-eabi/12.2.1/thumb/v6-m/nofp/crtbegin.o
 .text.uart_putc
                0x0000000010000354       0x60 CMakeFiles/hw9.dir/hw9.c.obj
 .text.uart_puts
                0x00000000100003b4       0x4a CMakeFiles/hw9.dir/hw9.c.obj
 .text.uart_getc
                0x00000000100003fe       0x24 CMakeFiles/hw9.dir/hw9.c.obj
 *fill*         0x0000000010000422        0x2 
 .text.on_uart_rx
                0x0000000010000424       0x58 CMakeFiles/hw9.dir/hw9.c.obj
                0x0000000010000424                on_uart_rx
 .text.main     0x000000001000047c       0xb0 CMakeFiles/hw9.dir/hw9.c.obj
                0x000000001000047c                main
 .text.gpio_set_function
                0x000000001000052c       0x30 CMakeFiles/hw9.dir/home/laehon/pico/pico-sdk/src/rp2_common/hardware_gpio/gpio.c.obj
                0x000000001000052c                gpio_set_function
 .text.running_on_fpga
                0x000000001000055c       0x14 CMakeFiles/hw9.dir/home/laehon/pico/pico-sdk/src/rp2_common/pico_platform/platform.c.obj
                0x000000001000055c                running_on_fpga
 .text.hw_claim_lock
                0x0000000010000570       0x18 CMakeFiles/hw9.dir/home/laehon/pico/pico-sdk/src/rp2_common/hardware_claim/claim.c.obj
                0x0000000010000570                hw_claim_lock
 .text.hw_claim_unlock
                0x0000000010000588       0x14 CMakeFiles/hw9.dir/home/laehon/pico/pico-sdk/src/rp2_common/hardware_claim/claim.c.obj
                0x0000000010000588                hw_claim_unlock
 .text.hw_claim_or_assert
                0x000000001000059c       0x32 CMakeFiles/hw9.dir/home/laehon/pico/pico-sdk/src/rp2_common/hardware_claim/claim.c.obj
                0x000000001000059c                hw_claim_or_assert
 .text.hw_claim_unused_from_range
                0x00000000100005ce       0x50 CMakeFiles/hw9.dir/home/laehon/pico/pico-sdk/src/rp2_common/hardware_claim/claim.c.obj
                0x00000000100005ce                hw_claim_unused_from_range
 *fill*         0x000000001000061e        0x2 
 .text.spin_locks_reset
                0x0000000010000620       0x20 CMakeFiles/hw9.dir/home/laehon/pico/pico-sdk/src/rp2_common/hardware_sync/sync.c.obj
                0x0000000010000620                spin_locks_reset
 .text.next_striped_spin_lock_num
                0x0000000010000640       0x1c CMakeFiles/hw9.dir/home/laehon/pico/pico-sdk/src/rp2_common/hardware_sync/sync.c.obj
                0x0000000010000640                next_striped_spin_lock_num
 .text.spin_lock_claim_unused
                0x000000001000065c       0x24 CMakeFiles/hw9.dir/home/laehon/pico/pico-sdk/src/rp2_common/hardware_sync/sync.c.obj
                0x000000001000065c                spin_lock_claim_unused
 .text.set_raw_irq_handler_and_unlock
                0x0000000010000680       0x28 CMakeFiles/hw9.dir/home/laehon/pico/pico-sdk/src/rp2_common/hardware_irq/irq.c.obj
 .text.resolve_branch
                0x00000000100006a8       0x30 CMakeFiles/hw9.dir/home/laehon/pico/pico-sdk/src/rp2_common/hardware_irq/irq.c.obj
 .text.make_branch
                0x00000000100006d8       0x48 CMakeFiles/hw9.dir/home/laehon/pico/pico-sdk/src/rp2_common/hardware_irq/irq.c.obj
 .text.insert_branch_and_link
                0x0000000010000720       0x40 CMakeFiles/hw9.dir/home/laehon/pico/pico-sdk/src/rp2_common/hardware_irq/irq.c.obj
 .text.irq_is_enabled
                0x0000000010000760       0x18 CMakeFiles/hw9.dir/home/laehon/pico/pico-sdk/src/rp2_common/hardware_irq/irq.c.obj
                0x0000000010000760                irq_is_enabled
 .text.irq_set_mask_enabled
                0x0000000010000778       0x20 CMakeFiles/hw9.dir/home/laehon/pico/pico-sdk/src/rp2_common/hardware_irq/irq.c.obj
                0x0000000010000778                irq_set_mask_enabled
 .text.irq_set_enabled
                0x0000000010000798        0xe CMakeFiles/hw9.dir/home/laehon/pico/pico-sdk/src/rp2_common/hardware_irq/irq.c.obj
                0x0000000010000798                irq_set_enabled
 *fill*         0x00000000100007a6        0x2 
 .text.irq_set_pending
                0x00000000100007a8       0x10 CMakeFiles/hw9.dir/home/laehon/pico/pico-sdk/src/rp2_common/hardware_irq/irq.c.obj
                0x00000000100007a8                irq_set_pending
 .text.irq_get_vtable_handler
                0x00000000100007b8       0x10 CMakeFiles/hw9.dir/home/laehon/pico/pico-sdk/src/rp2_common/hardware_irq/irq.c.obj
                0x00000000100007b8                irq_get_vtable_handler
 .text.irq_has_shared_handler
                0x00000000100007c8       0x24 CMakeFiles/hw9.dir/home/laehon/pico/pico-sdk/src/rp2_common/hardware_irq/irq.c.obj
                0x00000000100007c8                irq_has_shared_handler
 .text.irq_set_exclusive_handler
                0x00000000100007ec       0x54 CMakeFiles/hw9.dir/home/laehon/pico/pico-sdk/src/rp2_common/hardware_irq/irq.c.obj
                0x00000000100007ec                irq_set_exclusive_handler
 .text.irq_add_shared_handler
                0x0000000010000840      0x210 CMakeFiles/hw9.dir/home/laehon/pico/pico-sdk/src/rp2_common/hardware_irq/irq.c.obj
                0x0000000010000840                irq_add_shared_handler
 .text.irq_remove_handler
                0x0000000010000a50      0x188 CMakeFiles/hw9.dir/home/laehon/pico/pico-sdk/src/rp2_common/hardware_irq/irq.c.obj
                0x0000000010000a50                irq_remove_handler
 .text.irq_add_tail_to_free_list
                0x0000000010000bd8       0xf0 CMakeFiles/hw9.dir/home/laehon/pico/pico-sdk/src/rp2_common/hardware_irq/irq.c.obj
                0x0000000010000bd8                irq_add_tail_to_free_list
 .text.irq_init_priorities
                0x0000000010000cc8       0x1c CMakeFiles/hw9.dir/home/laehon/pico/pico-sdk/src/rp2_common/hardware_irq/irq.c.obj
                0x0000000010000cc8                irq_init_priorities
 .text.user_irq_claim_unused
                0x0000000010000ce4       0x2c CMakeFiles/hw9.dir/home/laehon/pico/pico-sdk/src/rp2_common/hardware_irq/irq.c.obj
                0x0000000010000ce4                user_irq_claim_unused
 .text.lock_init
                0x0000000010000d10       0x10 CMakeFiles/hw9.dir/home/laehon/pico/pico-sdk/src/common/pico_sync/lock_core.c.obj
                0x0000000010000d10                lock_init
 .text.update_us_since_boot
                0x0000000010000d20       0x24 CMakeFiles/hw9.dir/home/laehon/pico/pico-sdk/src/common/pico_sync/mutex.c.obj
 .text.delayed_by_ms
                0x0000000010000d44       0x44 CMakeFiles/hw9.dir/home/laehon/pico/pico-sdk/src/common/pico_sync/mutex.c.obj
 .text.get_absolute_time
                0x0000000010000d88       0x22 CMakeFiles/hw9.dir/home/laehon/pico/pico-sdk/src/common/pico_sync/mutex.c.obj
 .text.make_timeout_time_ms
                0x0000000010000daa       0x20 CMakeFiles/hw9.dir/home/laehon/pico/pico-sdk/src/common/pico_sync/mutex.c.obj
 .text.mutex_init
                0x0000000010000dca       0x1a CMakeFiles/hw9.dir/home/laehon/pico/pico-sdk/src/common/pico_sync/mutex.c.obj
                0x0000000010000dca                mutex_init
 .text.recursive_mutex_init
                0x0000000010000de4       0x1e CMakeFiles/hw9.dir/home/laehon/pico/pico-sdk/src/common/pico_sync/mutex.c.obj
                0x0000000010000de4                recursive_mutex_init
 *fill*         0x0000000010000e02        0x2 
 .text.critical_section_init_with_lock_num
                0x0000000010000e04       0x14 CMakeFiles/hw9.dir/home/laehon/pico/pico-sdk/src/common/pico_sync/critical_section.c.obj
                0x0000000010000e04                critical_section_init_with_lock_num
 .text.critical_section_init
                0x0000000010000e18       0x14 CMakeFiles/hw9.dir/home/laehon/pico/pico-sdk/src/common/pico_sync/critical_section.c.obj
                0x0000000010000e18                critical_section_init
 .text.time_reached
                0x0000000010000e2c       0x28 CMakeFiles/hw9.dir/home/laehon/pico/pico-sdk/src/common/pico_time/time.c.obj
 .text.get_entry
                0x0000000010000e54       0x38 CMakeFiles/hw9.dir/home/laehon/pico/pico-sdk/src/common/pico_time/time.c.obj
 .text.timer_pool_entry_comparator
                0x0000000010000e8c       0x2e CMakeFiles/hw9.dir/home/laehon/pico/pico-sdk/src/common/pico_time/time.c.obj
                0x0000000010000e8c                timer_pool_entry_comparator
 *fill*         0x0000000010000eba        0x2 
 .text.update_us_since_boot
                0x0000000010000ebc       0x24 CMakeFiles/hw9.dir/home/laehon/pico/pico-sdk/src/common/pico_time/time.c.obj
 .text.delayed_by_us
                0x0000000010000ee0       0x34 CMakeFiles/hw9.dir/home/laehon/pico/pico-sdk/src/common/pico_time/time.c.obj
 .text.ph_get_node
                0x0000000010000f14       0x30 CMakeFiles/hw9.dir/home/laehon/pico/pico-sdk/src/common/pico_time/time.c.obj
 .text.ph_contains_node
                0x0000000010000f44       0x1e CMakeFiles/hw9.dir/home/laehon/pico/pico-sdk/src/common/pico_time/time.c.obj
 .text.ph_new_node
                0x0000000010000f62       0x28 CMakeFiles/hw9.dir/home/laehon/pico/pico-sdk/src/common/pico_time/time.c.obj
 *fill*         0x0000000010000f8a        0x2 
 .text.ph_add_child_node
                0x0000000010000f8c       0x6c CMakeFiles/hw9.dir/home/laehon/pico/pico-sdk/src/common/pico_time/time.c.obj
 .text.ph_merge_nodes
                0x0000000010000ff8       0x3e CMakeFiles/hw9.dir/home/laehon/pico/pico-sdk/src/common/pico_time/time.c.obj
 *fill*         0x0000000010001036        0x2 
 .text.ph_insert_node
                0x0000000010001038       0x3c CMakeFiles/hw9.dir/home/laehon/pico/pico-sdk/src/common/pico_time/time.c.obj
 .text.ph_free_node
                0x0000000010001074       0x5c CMakeFiles/hw9.dir/home/laehon/pico/pico-sdk/src/common/pico_time/time.c.obj
 .text.get_entry_id_high
                0x00000000100010d0       0x30 CMakeFiles/hw9.dir/home/laehon/pico/pico-sdk/src/common/pico_time/time.c.obj
 .text.alarm_pool_post_alloc_init
                0x0000000010001100       0x40 CMakeFiles/hw9.dir/home/laehon/pico/pico-sdk/src/common/pico_time/time.c.obj
 .text.sleep_until_callback
                0x0000000010001140       0x30 CMakeFiles/hw9.dir/home/laehon/pico/pico-sdk/src/common/pico_time/time.c.obj
 .text.get_absolute_time
                0x0000000010001170       0x22 CMakeFiles/hw9.dir/home/laehon/pico/pico-sdk/src/common/pico_time/time.c.obj
 .text.make_timeout_time_us
                0x0000000010001192       0x24 CMakeFiles/hw9.dir/home/laehon/pico/pico-sdk/src/common/pico_time/time.c.obj
 *fill*         0x00000000100011b6        0x2 
 .text.add_alarm_under_lock
                0x00000000100011b8       0x94 CMakeFiles/hw9.dir/home/laehon/pico/pico-sdk/src/common/pico_time/time.c.obj
 .text.alarm_pool_alarm_callback
                0x000000001000124c      0x210 CMakeFiles/hw9.dir/home/laehon/pico/pico-sdk/src/common/pico_time/time.c.obj
 .text.alarm_pool_init_default
                0x000000001000145c       0x40 CMakeFiles/hw9.dir/home/laehon/pico/pico-sdk/src/common/pico_time/time.c.obj
                0x000000001000145c                alarm_pool_init_default
 .text.alarm_pool_get_default
                0x000000001000149c       0x2c CMakeFiles/hw9.dir/home/laehon/pico/pico-sdk/src/common/pico_time/time.c.obj
                0x000000001000149c                alarm_pool_get_default
 .text.alarm_pool_add_alarm_at
                0x00000000100014c8      0x10e CMakeFiles/hw9.dir/home/laehon/pico/pico-sdk/src/common/pico_time/time.c.obj
                0x00000000100014c8                alarm_pool_add_alarm_at
 .text.add_alarm_at
                0x00000000100015d6       0x2e CMakeFiles/hw9.dir/home/laehon/pico/pico-sdk/src/common/pico_time/time.c.obj
 .text.alarm_pool_cancel_alarm
                0x0000000010001604       0xa8 CMakeFiles/hw9.dir/home/laehon/pico/pico-sdk/src/common/pico_time/time.c.obj
                0x0000000010001604                alarm_pool_cancel_alarm
 .text.cancel_alarm
                0x00000000100016ac       0x10 CMakeFiles/hw9.dir/home/laehon/pico/pico-sdk/src/common/pico_time/time.c.obj
 .text.alarm_pool_core_num
                0x00000000100016bc        0x4 CMakeFiles/hw9.dir/home/laehon/pico/pico-sdk/src/common/pico_time/time.c.obj
                0x00000000100016bc                alarm_pool_core_num
 .text.sleep_until
                0x00000000100016c0       0xb0 CMakeFiles/hw9.dir/home/laehon/pico/pico-sdk/src/common/pico_time/time.c.obj
                0x00000000100016c0                sleep_until
 .text.sleep_us
                0x0000000010001770       0x1a CMakeFiles/hw9.dir/home/laehon/pico/pico-sdk/src/common/pico_time/time.c.obj
                0x0000000010001770                sleep_us
 .text.sleep_ms
                0x000000001000178a       0x14 CMakeFiles/hw9.dir/home/laehon/pico/pico-sdk/src/common/pico_time/time.c.obj
                0x000000001000178a                sleep_ms
 *fill*         0x000000001000179e        0x2 
 .text.best_effort_wfe_or_timeout
                0x00000000100017a0       0x44 CMakeFiles/hw9.dir/home/laehon/pico/pico-sdk/src/common/pico_time/time.c.obj
                0x00000000100017a0                best_effort_wfe_or_timeout
 .text.update_us_since_boot
                0x00000000100017e4       0x24 CMakeFiles/hw9.dir/home/laehon/pico/pico-sdk/src/rp2_common/hardware_timer/timer.c.obj
 .text.hardware_alarm_irq_handler
                0x0000000010001808       0x8c CMakeFiles/hw9.dir/home/laehon/pico/pico-sdk/src/rp2_common/hardware_timer/timer.c.obj
 .text.hardware_alarm_claim
                0x0000000010001894       0x18 CMakeFiles/hw9.dir/home/laehon/pico/pico-sdk/src/rp2_common/hardware_timer/timer.c.obj
                0x0000000010001894                hardware_alarm_claim
 .text.time_us_64
                0x00000000100018ac       0x18 CMakeFiles/hw9.dir/home/laehon/pico/pico-sdk/src/rp2_common/hardware_timer/timer.c.obj
                0x00000000100018ac                time_us_64
 .text.busy_wait_until
                0x00000000100018c4       0x28 CMakeFiles/hw9.dir/home/laehon/pico/pico-sdk/src/rp2_common/hardware_timer/timer.c.obj
                0x00000000100018c4                busy_wait_until
 .text.busy_wait_us
                0x00000000100018ec       0x3a CMakeFiles/hw9.dir/home/laehon/pico/pico-sdk/src/rp2_common/hardware_timer/timer.c.obj
                0x00000000100018ec                busy_wait_us
 *fill*         0x0000000010001926        0x2 
 .text.hardware_alarm_set_callback
                0x0000000010001928       0x90 CMakeFiles/hw9.dir/home/laehon/pico/pico-sdk/src/rp2_common/hardware_timer/timer.c.obj
                0x0000000010001928                hardware_alarm_set_callback
 .text.hardware_alarm_set_target
                0x00000000100019b8       0xe8 CMakeFiles/hw9.dir/home/laehon/pico/pico-sdk/src/rp2_common/hardware_timer/timer.c.obj
                0x00000000100019b8                hardware_alarm_set_target
 .text.hardware_alarm_cancel
                0x0000000010001aa0       0x40 CMakeFiles/hw9.dir/home/laehon/pico/pico-sdk/src/rp2_common/hardware_timer/timer.c.obj
                0x0000000010001aa0                hardware_alarm_cancel
 .text.ph_get_node
                0x0000000010001ae0       0x30 CMakeFiles/hw9.dir/home/laehon/pico/pico-sdk/src/common/pico_util/pheap.c.obj
 .text.ph_add_child_node
                0x0000000010001b10       0x6c CMakeFiles/hw9.dir/home/laehon/pico/pico-sdk/src/common/pico_util/pheap.c.obj
 .text.ph_merge_nodes
                0x0000000010001b7c       0x3e CMakeFiles/hw9.dir/home/laehon/pico/pico-sdk/src/common/pico_util/pheap.c.obj
 .text.ph_clear
                0x0000000010001bba       0x34 CMakeFiles/hw9.dir/home/laehon/pico/pico-sdk/src/common/pico_util/pheap.c.obj
                0x0000000010001bba                ph_clear
 .text.ph_post_alloc_init
                0x0000000010001bee        0xe CMakeFiles/hw9.dir/home/laehon/pico/pico-sdk/src/common/pico_util/pheap.c.obj
                0x0000000010001bee                ph_post_alloc_init
 .text.ph_merge_two_pass
                0x0000000010001bfc       0x5c CMakeFiles/hw9.dir/home/laehon/pico/pico-sdk/src/common/pico_util/pheap.c.obj
                0x0000000010001bfc                ph_merge_two_pass
 .text.ph_remove_any_head
                0x0000000010001c58       0xc0 CMakeFiles/hw9.dir/home/laehon/pico/pico-sdk/src/common/pico_util/pheap.c.obj
 .text.ph_remove_head
                0x0000000010001d18       0x14 CMakeFiles/hw9.dir/home/laehon/pico/pico-sdk/src/common/pico_util/pheap.c.obj
                0x0000000010001d18                ph_remove_head
 .text.ph_remove_and_free_node
                0x0000000010001d2c       0xa0 CMakeFiles/hw9.dir/home/laehon/pico/pico-sdk/src/common/pico_util/pheap.c.obj
                0x0000000010001d2c                ph_remove_and_free_node
 .text.uart_disable_before_lcr_write
                0x0000000010001dcc       0x48 CMakeFiles/hw9.dir/home/laehon/pico/pico-sdk/src/rp2_common/hardware_uart/uart.c.obj
 .text.uart_write_lcr_bits_masked
                0x0000000010001e14       0x22 CMakeFiles/hw9.dir/home/laehon/pico/pico-sdk/src/rp2_common/hardware_uart/uart.c.obj
 *fill*         0x0000000010001e36        0x2 
 .text.uart_set_baudrate
                0x0000000010001e38       0x5c CMakeFiles/hw9.dir/home/laehon/pico/pico-sdk/src/rp2_common/hardware_uart/uart.c.obj
                0x0000000010001e38                uart_set_baudrate
 .text.uart_set_format
                0x0000000010001e94       0x2c CMakeFiles/hw9.dir/home/laehon/pico/pico-sdk/src/rp2_common/hardware_uart/uart.c.obj
                0x0000000010001e94                uart_set_format
 .text.uart_set_fifo_enabled
                0x0000000010001ec0       0x10 CMakeFiles/hw9.dir/home/laehon/pico/pico-sdk/src/rp2_common/hardware_uart/uart.c.obj
                0x0000000010001ec0                uart_set_fifo_enabled
 .text.uart_set_translate_crlf
                0x0000000010001ed0       0x28 CMakeFiles/hw9.dir/home/laehon/pico/pico-sdk/src/rp2_common/hardware_uart/uart.c.obj
                0x0000000010001ed0                uart_set_translate_crlf
 .text.uart_init
                0x0000000010001ef8       0x80 CMakeFiles/hw9.dir/home/laehon/pico/pico-sdk/src/rp2_common/hardware_uart/uart.c.obj
                0x0000000010001ef8                uart_init
 .text.clock_configure
                0x0000000010001f78      0x108 CMakeFiles/hw9.dir/home/laehon/pico/pico-sdk/src/rp2_common/hardware_clocks/clocks.c.obj
                0x0000000010001f78                clock_configure
 .text.clocks_init
                0x0000000010002080      0x100 CMakeFiles/hw9.dir/home/laehon/pico/pico-sdk/src/rp2_common/hardware_clocks/clocks.c.obj
                0x0000000010002080                clocks_init
 .text.clock_get_hz
                0x0000000010002180        0xc CMakeFiles/hw9.dir/home/laehon/pico/pico-sdk/src/rp2_common/hardware_clocks/clocks.c.obj
                0x0000000010002180                clock_get_hz
 .text.pll_init
                0x000000001000218c      0x120 CMakeFiles/hw9.dir/home/laehon/pico/pico-sdk/src/rp2_common/hardware_pll/pll.c.obj
                0x000000001000218c                pll_init
 .text.watchdog_start_tick
                0x00000000100022ac       0x10 CMakeFiles/hw9.dir/home/laehon/pico/pico-sdk/src/rp2_common/hardware_watchdog/watchdog.c.obj
                0x00000000100022ac                watchdog_start_tick
 .text.watchdog_update
                0x00000000100022bc       0x14 CMakeFiles/hw9.dir/home/laehon/pico/pico-sdk/src/rp2_common/hardware_watchdog/watchdog.c.obj
                0x00000000100022bc                watchdog_update
 .text._watchdog_enable
                0x00000000100022d0       0x78 CMakeFiles/hw9.dir/home/laehon/pico/pico-sdk/src/rp2_common/hardware_watchdog/watchdog.c.obj
                0x00000000100022d0                _watchdog_enable
 .text.watchdog_reboot
                0x0000000010002348       0x48 CMakeFiles/hw9.dir/home/laehon/pico/pico-sdk/src/rp2_common/hardware_watchdog/watchdog.c.obj
                0x0000000010002348                watchdog_reboot
 .text.xosc_init
                0x0000000010002390       0x28 CMakeFiles/hw9.dir/home/laehon/pico/pico-sdk/src/rp2_common/hardware_xosc/xosc.c.obj
                0x0000000010002390                xosc_init
 .text._exit    0x00000000100023b8        0x4 CMakeFiles/hw9.dir/home/laehon/pico/pico-sdk/src/rp2_common/pico_runtime/runtime.c.obj
                0x00000000100023b8                _exit
 .text._sbrk    0x00000000100023bc       0x38 CMakeFiles/hw9.dir/home/laehon/pico/pico-sdk/src/rp2_common/pico_runtime/runtime.c.obj
                0x00000000100023bc                _sbrk
 .text.exit     0x00000000100023f4        0x6 CMakeFiles/hw9.dir/home/laehon/pico/pico-sdk/src/rp2_common/pico_runtime/runtime.c.obj
                0x00000000100023f4                exit
 *fill*         0x00000000100023fa        0x2 
 .text.__assert_func
                0x00000000100023fc       0x38 CMakeFiles/hw9.dir/home/laehon/pico/pico-sdk/src/rp2_common/pico_runtime/runtime.c.obj
                0x00000000100023fc                __assert_func
 .text.runtime_init
                0x0000000010002434       0xf8 CMakeFiles/hw9.dir/home/laehon/pico/pico-sdk/src/rp2_common/pico_runtime/runtime.c.obj
                0x0000000010002434                runtime_init
 .text.panic    0x000000001000252c       0x30 CMakeFiles/hw9.dir/home/laehon/pico/pico-sdk/src/rp2_common/pico_runtime/runtime.c.obj
                0x000000001000252c                panic
 .text._out_buffer
                0x000000001000255c        0x8 CMakeFiles/hw9.dir/home/laehon/pico/pico-sdk/src/rp2_common/pico_printf/printf.c.obj
 .text._out_null
                0x0000000010002564        0x2 CMakeFiles/hw9.dir/home/laehon/pico/pico-sdk/src/rp2_common/pico_printf/printf.c.obj
 .text._out_fct
                0x0000000010002566        0xe CMakeFiles/hw9.dir/home/laehon/pico/pico-sdk/src/rp2_common/pico_printf/printf.c.obj
 .text._atoi    0x0000000010002574       0x24 CMakeFiles/hw9.dir/home/laehon/pico/pico-sdk/src/rp2_common/pico_printf/printf.c.obj
 .text._out_rev
                0x0000000010002598       0xae CMakeFiles/hw9.dir/home/laehon/pico/pico-sdk/src/rp2_common/pico_printf/printf.c.obj
 .text._ntoa_format
                0x0000000010002646      0x110 CMakeFiles/hw9.dir/home/laehon/pico/pico-sdk/src/rp2_common/pico_printf/printf.c.obj
 .text._ntoa_long
                0x0000000010002756       0xbc CMakeFiles/hw9.dir/home/laehon/pico/pico-sdk/src/rp2_common/pico_printf/printf.c.obj
 .text._ntoa_long_long
                0x0000000010002812      0x10e CMakeFiles/hw9.dir/home/laehon/pico/pico-sdk/src/rp2_common/pico_printf/printf.c.obj
 .text._etoa    0x0000000010002920      0x420 CMakeFiles/hw9.dir/home/laehon/pico/pico-sdk/src/rp2_common/pico_printf/printf.c.obj
 .text._ftoa    0x0000000010002d40      0x354 CMakeFiles/hw9.dir/home/laehon/pico/pico-sdk/src/rp2_common/pico_printf/printf.c.obj
 .text._vsnprintf
                0x0000000010003094      0x65c CMakeFiles/hw9.dir/home/laehon/pico/pico-sdk/src/rp2_common/pico_printf/printf.c.obj
 .text.__wrap_sprintf
                0x00000000100036f0       0x2c CMakeFiles/hw9.dir/home/laehon/pico/pico-sdk/src/rp2_common/pico_printf/printf.c.obj
                0x00000000100036f0                __wrap_sprintf
 .text.vfctprintf
                0x000000001000371c       0x20 CMakeFiles/hw9.dir/home/laehon/pico/pico-sdk/src/rp2_common/pico_printf/printf.c.obj
                0x000000001000371c                vfctprintf
 .text          0x000000001000373c       0x10 CMakeFiles/hw9.dir/home/laehon/pico/pico-sdk/src/rp2_common/pico_bit_ops/bit_ops_aeabi.S.obj
 .text.rom_func_lookup
                0x000000001000374c       0x10 CMakeFiles/hw9.dir/home/laehon/pico/pico-sdk/src/rp2_common/pico_bootrom/bootrom.c.obj
                0x000000001000374c                rom_func_lookup
 .text.rom_data_lookup
                0x000000001000375c       0x10 CMakeFiles/hw9.dir/home/laehon/pico/pico-sdk/src/rp2_common/pico_bootrom/bootrom.c.obj
                0x000000001000375c                rom_data_lookup
 .text.rom_funcs_lookup
                0x000000001000376c       0x36 CMakeFiles/hw9.dir/home/laehon/pico/pico-sdk/src/rp2_common/pico_bootrom/bootrom.c.obj
                0x000000001000376c                rom_funcs_lookup
 *fill*         0x00000000100037a2        0x2 
 .text.__wrap___aeabi_idiv
                0x00000000100037a4       0x50 CMakeFiles/hw9.dir/home/laehon/pico/pico-sdk/src/rp2_common/pico_divider/divider.S.obj
                0x00000000100037a4                __wrap___aeabi_idivmod
                0x00000000100037a4                divmod_s32s32
                0x00000000100037a4                div_s32s32
                0x00000000100037a4                __wrap___aeabi_idiv
                0x00000000100037ac                divmod_s32s32_unsafe
                0x00000000100037d8                divmod_s32s32_savestate
 .text.__wrap___aeabi_uidiv
                0x00000000100037f4       0x4c CMakeFiles/hw9.dir/home/laehon/pico/pico-sdk/src/rp2_common/pico_divider/divider.S.obj
                0x00000000100037f4                __wrap___aeabi_uidiv
                0x00000000100037f4                __wrap___aeabi_uidivmod
                0x00000000100037f4                div_u32u32
                0x00000000100037f4                divmod_u32u32
                0x00000000100037fc                divmod_u32u32_unsafe
                0x0000000010003824                divmod_u32u32_savestate
 .text.__wrap___aeabi_ldiv
                0x0000000010003840      0x424 CMakeFiles/hw9.dir/home/laehon/pico/pico-sdk/src/rp2_common/pico_divider/divider.S.obj
                0x0000000010003840                div_s64s64
                0x0000000010003840                divmod_s64s64
                0x0000000010003840                __wrap___aeabi_ldivmod
                0x0000000010003870                div_u64u64
                0x0000000010003870                divmod_u64u64
                0x0000000010003870                __wrap___aeabi_uldivmod
                0x0000000010003880                divmod_u64u64_savestate
                0x00000000100038a0                divmod_s64s64_unsafe
                0x0000000010003928                divmod_u64u64_unsafe
 .text.__wrap___aeabi_darithmetic
                0x0000000010003c64       0x80 CMakeFiles/hw9.dir/home/laehon/pico/pico-sdk/src/rp2_common/pico_double/double_aeabi.S.obj
                0x0000000010003c64                __wrap___aeabi_drsub
                0x0000000010003c6a                __wrap___aeabi_dsub
                0x0000000010003c7c                __wrap___aeabi_dadd
                0x0000000010003c8e                __wrap___aeabi_ddiv
                0x0000000010003cca                __wrap___aeabi_dmul
 .text.__wrap___aeabi_cdcmple
                0x0000000010003ce4       0x6c CMakeFiles/hw9.dir/home/laehon/pico/pico-sdk/src/rp2_common/pico_double/double_aeabi.S.obj
                0x0000000010003ce4                __wrap___aeabi_cdrcmple
                0x0000000010003cf4                __wrap___aeabi_cdcmple
                0x0000000010003cf4                __wrap___aeabi_cdcmpeq
 .text.__wrap___aeabi_dcmpeq
                0x0000000010003d50       0x10 CMakeFiles/hw9.dir/home/laehon/pico/pico-sdk/src/rp2_common/pico_double/double_aeabi.S.obj
                0x0000000010003d50                __wrap___aeabi_dcmpeq
 .text.__wrap___aeabi_dcmplt
                0x0000000010003d60        0xc CMakeFiles/hw9.dir/home/laehon/pico/pico-sdk/src/rp2_common/pico_double/double_aeabi.S.obj
                0x0000000010003d60                __wrap___aeabi_dcmplt
 .text.__wrap___aeabi_dcmple
                0x0000000010003d6c       0x10 CMakeFiles/hw9.dir/home/laehon/pico/pico-sdk/src/rp2_common/pico_double/double_aeabi.S.obj
                0x0000000010003d6c                __wrap___aeabi_dcmple
 .text.__wrap___aeabi_dcmpge
                0x0000000010003d7c       0x10 CMakeFiles/hw9.dir/home/laehon/pico/pico-sdk/src/rp2_common/pico_double/double_aeabi.S.obj
                0x0000000010003d7c                __wrap___aeabi_dcmpge
 .text.__wrap___aeabi_dcmpgt
                0x0000000010003d8c        0xa CMakeFiles/hw9.dir/home/laehon/pico/pico-sdk/src/rp2_common/pico_double/double_aeabi.S.obj
                0x0000000010003d8c                __wrap___aeabi_dcmpgt
 .text.__wrap___aeabi_dcmpun
                0x0000000010003d96       0x1c CMakeFiles/hw9.dir/home/laehon/pico/pico-sdk/src/rp2_common/pico_double/double_aeabi.S.obj
                0x0000000010003d96                __wrap___aeabi_dcmpun
 *fill*         0x0000000010003db2        0x2 
 .text.__wrap___aeabi_i2d
                0x0000000010003db4       0x38 CMakeFiles/hw9.dir/home/laehon/pico/pico-sdk/src/rp2_common/pico_double/double_aeabi.S.obj
                0x0000000010003db4                __wrap___aeabi_ui2d
                0x0000000010003dbc                __wrap___aeabi_i2d
 .text.__wrap___aeabi_d2iz
                0x0000000010003dec       0x48 CMakeFiles/hw9.dir/home/laehon/pico/pico-sdk/src/rp2_common/pico_double/double_aeabi.S.obj
                0x0000000010003dec                __wrap___aeabi_d2iz
                0x0000000010003dec                double2int_z
 .text.__wrap___aeabi_d2uiz
                0x0000000010003e34       0x18 CMakeFiles/hw9.dir/home/laehon/pico/pico-sdk/src/rp2_common/pico_double/double_aeabi.S.obj
                0x0000000010003e34                double2uint
                0x0000000010003e34                __wrap___aeabi_d2uiz
 .text.__wrap___aeabi_l2d
                0x0000000010003e4c       0x18 CMakeFiles/hw9.dir/home/laehon/pico/pico-sdk/src/rp2_common/pico_double/double_aeabi.S.obj
                0x0000000010003e4c                __wrap___aeabi_l2d
 .text.__wrap___aeabi_d2lz
                0x0000000010003e64       0x26 CMakeFiles/hw9.dir/home/laehon/pico/pico-sdk/src/rp2_common/pico_double/double_aeabi.S.obj
                0x0000000010003e64                __wrap___aeabi_d2lz
                0x0000000010003e64                double2int64_z
 *fill*         0x0000000010003e8a        0x2 
 .text.double2int64
                0x0000000010003e8c       0x18 CMakeFiles/hw9.dir/home/laehon/pico/pico-sdk/src/rp2_common/pico_double/double_aeabi.S.obj
                0x0000000010003e8c                double2int64
 .text.double2ufix64
                0x0000000010003ea4       0x18 CMakeFiles/hw9.dir/home/laehon/pico/pico-sdk/src/rp2_common/pico_double/double_aeabi.S.obj
                0x0000000010003ea4                double2ufix64
 .text.__wrap___aeabi_d2f
                0x0000000010003ebc       0x18 CMakeFiles/hw9.dir/home/laehon/pico/pico-sdk/src/rp2_common/pico_double/double_aeabi.S.obj
                0x0000000010003ebc                __wrap___aeabi_d2f
 .text.__aeabi_double_init
                0x0000000010003ed4       0xcc CMakeFiles/hw9.dir/home/laehon/pico/pico-sdk/src/rp2_common/pico_double/double_init_rom.c.obj
                0x0000000010003ed4                __aeabi_double_init
 .text.double_table_shim_on_use_helper
                0x0000000010003fa0       0x34 CMakeFiles/hw9.dir/home/laehon/pico/pico-sdk/src/rp2_common/pico_double/double_v1_rom_shim.S.obj
                0x0000000010003fa0                double_table_shim_on_use_helper
 .text.__wrap___aeabi_dsub
                0x0000000010003fd4       0x10 CMakeFiles/hw9.dir/home/laehon/pico/pico-sdk/src/rp2_common/pico_double/double_v1_rom_shim.S.obj
                0x0000000010003fd4                drsub_shim
                0x0000000010003fda                dsub_shim
 .text.dadd_shim
                0x0000000010003fe4      0x15c CMakeFiles/hw9.dir/home/laehon/pico/pico-sdk/src/rp2_common/pico_double/double_v1_rom_shim.S.obj
                0x0000000010003fe4                dadd_shim
 .text.dmul_shim
                0x0000000010004140      0x15c CMakeFiles/hw9.dir/home/laehon/pico/pico-sdk/src/rp2_common/pico_double/double_v1_rom_shim.S.obj
                0x0000000010004140                dmul_shim
 .text.ddiv_shim
                0x000000001000429c      0x1b0 CMakeFiles/hw9.dir/home/laehon/pico/pico-sdk/src/rp2_common/pico_double/double_v1_rom_shim.S.obj
                0x000000001000429c                ddiv_shim
 .text.double2uint_shim
                0x000000001000444c        0xe CMakeFiles/hw9.dir/home/laehon/pico/pico-sdk/src/rp2_common/pico_double/double_v1_rom_shim.S.obj
                0x000000001000444c                double2uint_shim
                0x000000001000444e                double2ufix_shim
 .text.double2int64_shim
                0x000000001000445a       0x1a CMakeFiles/hw9.dir/home/laehon/pico/pico-sdk/src/rp2_common/pico_double/double_v1_rom_shim.S.obj
                0x000000001000445a                double2int64_shim
                0x000000001000445c                double2fix64_shim
 .text.double2uint64_shim
                0x0000000010004474       0x70 CMakeFiles/hw9.dir/home/laehon/pico/pico-sdk/src/rp2_common/pico_double/double_v1_rom_shim.S.obj
                0x0000000010004474                double2uint64_shim
                0x0000000010004476                double2ufix64_shim
                0x0000000010004496                d2fix_a
 .text.double2float_shim
                0x00000000100044e4       0x5c CMakeFiles/hw9.dir/home/laehon/pico/pico-sdk/src/rp2_common/pico_double/double_v1_rom_shim.S.obj
                0x00000000100044e4                double2float_shim
 .text.x2double_shims
                0x0000000010004540       0x90 CMakeFiles/hw9.dir/home/laehon/pico/pico-sdk/src/rp2_common/pico_double/double_v1_rom_shim.S.obj
                0x0000000010004540                uint2double_shim
                0x0000000010004542                ufix2double_shim
                0x0000000010004548                int2double_shim
                0x000000001000454a                fix2double_shim
                0x0000000010004550                uint642double_shim
                0x0000000010004552                ufix642double_shim
                0x0000000010004558                int642double_shim
                0x000000001000455a                fix642double_shim
 .text.dunpacks
                0x00000000100045d0       0x3c CMakeFiles/hw9.dir/home/laehon/pico/pico-sdk/src/rp2_common/pico_double/double_v1_rom_shim.S.obj
                0x00000000100045d0                dunpacks
 .text.__aeabi_lmul
                0x000000001000460c       0x32 CMakeFiles/hw9.dir/home/laehon/pico/pico-sdk/src/rp2_common/pico_int64_ops/pico_int64_ops_aeabi.S.obj
                0x000000001000460c                __wrap___aeabi_lmul
 *fill*         0x000000001000463e        0x2 
 .text.__wrap___aeabi_cfcmple
                0x0000000010004640       0x50 CMakeFiles/hw9.dir/home/laehon/pico/pico-sdk/src/rp2_common/pico_float/float_aeabi.S.obj
                0x0000000010004640                __wrap___aeabi_cfrcmple
                0x000000001000464c                __wrap___aeabi_cfcmpeq
                0x000000001000464c                __wrap___aeabi_cfcmple
 .text.__wrap___aeabi_fcmple
                0x0000000010004690       0x10 CMakeFiles/hw9.dir/home/laehon/pico/pico-sdk/src/rp2_common/pico_float/float_aeabi.S.obj
                0x0000000010004690                __wrap___aeabi_fcmple
 .text.__wrap___aeabi_fcmpun
                0x00000000100046a0       0x18 CMakeFiles/hw9.dir/home/laehon/pico/pico-sdk/src/rp2_common/pico_float/float_aeabi.S.obj
                0x00000000100046a0                __wrap___aeabi_fcmpun
 .text.__aeabi_float_init
                0x00000000100046b8       0xfc CMakeFiles/hw9.dir/home/laehon/pico/pico-sdk/src/rp2_common/pico_float/float_init_rom.c.obj
                0x00000000100046b8                __aeabi_float_init
 .text.float_table_shim_on_use_helper
                0x00000000100047b4       0x34 CMakeFiles/hw9.dir/home/laehon/pico/pico-sdk/src/rp2_common/pico_float/float_v1_rom_shim.S.obj
                0x00000000100047b4                float_table_shim_on_use_helper
 .text          0x00000000100047e8       0x10 CMakeFiles/hw9.dir/home/laehon/pico/pico-sdk/src/rp2_common/pico_mem_ops/mem_ops_aeabi.S.obj
                0x00000000100047e8                __aeabi_mem_init
 .text.memset   0x00000000100047f8        0xc CMakeFiles/hw9.dir/home/laehon/pico/pico-sdk/src/rp2_common/pico_mem_ops/mem_ops_aeabi.S.obj
                0x00000000100047f8                __wrap_memset
 .text.memcpy   0x0000000010004804        0xc CMakeFiles/hw9.dir/home/laehon/pico/pico-sdk/src/rp2_common/pico_mem_ops/mem_ops_aeabi.S.obj
                0x0000000010004804                __wrap___aeabi_memcpy
                0x0000000010004804                __wrap_memcpy
 .text.time_reached
                0x0000000010004810       0x28 CMakeFiles/hw9.dir/home/laehon/pico/pico-sdk/src/rp2_common/pico_stdio/stdio.c.obj
 .text.stdio_out_chars_no_crlf
                0x0000000010004838        0xe CMakeFiles/hw9.dir/home/laehon/pico/pico-sdk/src/rp2_common/pico_stdio/stdio.c.obj
 *fill*         0x0000000010004846        0x2 
 .text.stdio_out_chars_crlf
                0x0000000010004848       0x80 CMakeFiles/hw9.dir/home/laehon/pico/pico-sdk/src/rp2_common/pico_stdio/stdio.c.obj
 .text.stdio_stack_buffer_flush
                0x00000000100048c8       0x44 CMakeFiles/hw9.dir/home/laehon/pico/pico-sdk/src/rp2_common/pico_stdio/stdio.c.obj
 .text.stdio_buffered_printer
                0x000000001000490c       0x20 CMakeFiles/hw9.dir/home/laehon/pico/pico-sdk/src/rp2_common/pico_stdio/stdio.c.obj
 .text.update_us_since_boot
                0x000000001000492c       0x24 CMakeFiles/hw9.dir/home/laehon/pico/pico-sdk/src/rp2_common/pico_stdio/stdio.c.obj
 .text.get_absolute_time
                0x0000000010004950       0x22 CMakeFiles/hw9.dir/home/laehon/pico/pico-sdk/src/rp2_common/pico_stdio/stdio.c.obj
 *fill*         0x0000000010004972        0x2 
 .text.delayed_by_ms
                0x0000000010004974       0x44 CMakeFiles/hw9.dir/home/laehon/pico/pico-sdk/src/rp2_common/pico_stdio/stdio.c.obj
 .text.make_timeout_time_ms
                0x00000000100049b8       0x20 CMakeFiles/hw9.dir/home/laehon/pico/pico-sdk/src/rp2_common/pico_stdio/stdio.c.obj
 .text.stdio_get_until
                0x00000000100049d8       0x64 CMakeFiles/hw9.dir/home/laehon/pico/pico-sdk/src/rp2_common/pico_stdio/stdio.c.obj
 .text.stdout_serialize_begin
                0x0000000010004a3c       0x20 CMakeFiles/hw9.dir/home/laehon/pico/pico-sdk/src/rp2_common/pico_stdio/stdio.c.obj
                0x0000000010004a3c                stdout_serialize_begin
 .text.stdout_serialize_end
                0x0000000010004a5c       0x10 CMakeFiles/hw9.dir/home/laehon/pico/pico-sdk/src/rp2_common/pico_stdio/stdio.c.obj
                0x0000000010004a5c                stdout_serialize_end
 .text.stdio_put_string
                0x0000000010004a6c       0x98 CMakeFiles/hw9.dir/home/laehon/pico/pico-sdk/src/rp2_common/pico_stdio/stdio.c.obj
 .text._read    0x0000000010004b04       0x24 CMakeFiles/hw9.dir/home/laehon/pico/pico-sdk/src/rp2_common/pico_stdio/stdio.c.obj
                0x0000000010004b04                _read
 .text._write   0x0000000010004b28       0x22 CMakeFiles/hw9.dir/home/laehon/pico/pico-sdk/src/rp2_common/pico_stdio/stdio.c.obj
                0x0000000010004b28                _write
 .text._close   0x0000000010004b4a        0x6 CMakeFiles/hw9.dir/home/laehon/pico/pico-sdk/src/rp2_common/pico_stdio/stdio.c.obj
                0x0000000010004b4a                _close
 .text._lseek   0x0000000010004b50        0x6 CMakeFiles/hw9.dir/home/laehon/pico/pico-sdk/src/rp2_common/pico_stdio/stdio.c.obj
                0x0000000010004b50                _lseek
 .text._fstat   0x0000000010004b56        0x6 CMakeFiles/hw9.dir/home/laehon/pico/pico-sdk/src/rp2_common/pico_stdio/stdio.c.obj
                0x0000000010004b56                _fstat
 .text._isatty  0x0000000010004b5c        0xc CMakeFiles/hw9.dir/home/laehon/pico/pico-sdk/src/rp2_common/pico_stdio/stdio.c.obj
                0x0000000010004b5c                _isatty
 .text.stdio_set_driver_enabled
                0x0000000010004b68       0x2c CMakeFiles/hw9.dir/home/laehon/pico/pico-sdk/src/rp2_common/pico_stdio/stdio.c.obj
                0x0000000010004b68                stdio_set_driver_enabled
 .text.stdio_flush
                0x0000000010004b94       0x20 CMakeFiles/hw9.dir/home/laehon/pico/pico-sdk/src/rp2_common/pico_stdio/stdio.c.obj
                0x0000000010004b94                stdio_flush
 .text.__wrap_puts
                0x0000000010004bb4       0x1e CMakeFiles/hw9.dir/home/laehon/pico/pico-sdk/src/rp2_common/pico_stdio/stdio.c.obj
                0x0000000010004bb4                __wrap_puts
 *fill*         0x0000000010004bd2        0x2 
 .text.__wrap_vprintf
                0x0000000010004bd4       0x40 CMakeFiles/hw9.dir/home/laehon/pico/pico-sdk/src/rp2_common/pico_stdio/stdio.c.obj
                0x0000000010004bd4                __wrap_vprintf
 .text.__wrap_printf
                0x0000000010004c14       0x18 CMakeFiles/hw9.dir/home/laehon/pico/pico-sdk/src/rp2_common/pico_stdio/stdio.c.obj
                0x0000000010004c14                __wrap_printf
 .text.stdio_init_all
                0x0000000010004c2c        0x8 CMakeFiles/hw9.dir/home/laehon/pico/pico-sdk/src/rp2_common/pico_stdio/stdio.c.obj
                0x0000000010004c2c                stdio_init_all
 .text.resetd_init
                0x0000000010004c34        0x2 CMakeFiles/hw9.dir/home/laehon/pico/pico-sdk/src/rp2_common/pico_stdio_usb/reset_interface.c.obj
 *fill*         0x0000000010004c36        0x2 
 .text.resetd_reset
                0x0000000010004c38        0xc CMakeFiles/hw9.dir/home/laehon/pico/pico-sdk/src/rp2_common/pico_stdio_usb/reset_interface.c.obj
 .text.resetd_open
                0x0000000010004c44       0x34 CMakeFiles/hw9.dir/home/laehon/pico/pico-sdk/src/rp2_common/pico_stdio_usb/reset_interface.c.obj
 .text.resetd_xfer_cb
                0x0000000010004c78        0x4 CMakeFiles/hw9.dir/home/laehon/pico/pico-sdk/src/rp2_common/pico_stdio_usb/reset_interface.c.obj
 .text.reset_usb_boot
                0x0000000010004c7c       0x18 CMakeFiles/hw9.dir/home/laehon/pico/pico-sdk/src/rp2_common/pico_stdio_usb/reset_interface.c.obj
 .text.resetd_control_xfer_cb
                0x0000000010004c94       0x5c CMakeFiles/hw9.dir/home/laehon/pico/pico-sdk/src/rp2_common/pico_stdio_usb/reset_interface.c.obj
 .text.usbd_app_driver_get_cb
                0x0000000010004cf0        0xc CMakeFiles/hw9.dir/home/laehon/pico/pico-sdk/src/rp2_common/pico_stdio_usb/reset_interface.c.obj
                0x0000000010004cf0                usbd_app_driver_get_cb
 .text.tud_cdc_line_coding_cb
                0x0000000010004cfc       0x28 CMakeFiles/hw9.dir/home/laehon/pico/pico-sdk/src/rp2_common/pico_stdio_usb/reset_interface.c.obj
                0x0000000010004cfc                tud_cdc_line_coding_cb
 .text.stdio_usb_set_chars_available_callback
                0x0000000010004d24       0x14 CMakeFiles/hw9.dir/home/laehon/pico/pico-sdk/src/rp2_common/pico_stdio_usb/stdio_usb.c.obj
                0x0000000010004d24                stdio_usb_set_chars_available_callback
 .text.update_us_since_boot
                0x0000000010004d38       0x24 CMakeFiles/hw9.dir/home/laehon/pico/pico-sdk/src/rp2_common/pico_stdio_usb/stdio_usb.c.obj
 .text.get_absolute_time
                0x0000000010004d5c       0x22 CMakeFiles/hw9.dir/home/laehon/pico/pico-sdk/src/rp2_common/pico_stdio_usb/stdio_usb.c.obj
 *fill*         0x0000000010004d7e        0x2 
 .text.delayed_by_ms
                0x0000000010004d80       0x44 CMakeFiles/hw9.dir/home/laehon/pico/pico-sdk/src/rp2_common/pico_stdio_usb/stdio_usb.c.obj
 .text.make_timeout_time_ms
                0x0000000010004dc4       0x20 CMakeFiles/hw9.dir/home/laehon/pico/pico-sdk/src/rp2_common/pico_stdio_usb/stdio_usb.c.obj
 .text.delayed_by_us
                0x0000000010004de4       0x34 CMakeFiles/hw9.dir/home/laehon/pico/pico-sdk/src/rp2_common/pico_stdio_usb/stdio_usb.c.obj
 .text.usb_irq  0x0000000010004e18       0x10 CMakeFiles/hw9.dir/home/laehon/pico/pico-sdk/src/rp2_common/pico_stdio_usb/stdio_usb.c.obj
 .text.critical_section_enter_blocking
                0x0000000010004e28       0x16 CMakeFiles/hw9.dir/home/laehon/pico/pico-sdk/src/rp2_common/pico_stdio_usb/stdio_usb.c.obj
 *fill*         0x0000000010004e3e        0x2 
 .text.timer_task
                0x0000000010004e40       0x4c CMakeFiles/hw9.dir/home/laehon/pico/pico-sdk/src/rp2_common/pico_stdio_usb/stdio_usb.c.obj
 .text.alarm_pool_add_alarm_in_us
                0x0000000010004e8c       0x3a CMakeFiles/hw9.dir/home/laehon/pico/pico-sdk/src/rp2_common/pico_stdio_usb/stdio_usb.c.obj
 .text.add_alarm_in_us
                0x0000000010004ec6       0x2e CMakeFiles/hw9.dir/home/laehon/pico/pico-sdk/src/rp2_common/pico_stdio_usb/stdio_usb.c.obj
 .text.low_priority_worker_irq
                0x0000000010004ef4       0x7c CMakeFiles/hw9.dir/home/laehon/pico/pico-sdk/src/rp2_common/pico_stdio_usb/stdio_usb.c.obj
 .text.tud_cdc_rx_cb
                0x0000000010004f70       0x20 CMakeFiles/hw9.dir/home/laehon/pico/pico-sdk/src/rp2_common/pico_stdio_usb/stdio_usb.c.obj
                0x0000000010004f70                tud_cdc_rx_cb
 .text.stdio_usb_init
                0x0000000010004f90       0xd0 CMakeFiles/hw9.dir/home/laehon/pico/pico-sdk/src/rp2_common/pico_stdio_usb/stdio_usb.c.obj
                0x0000000010004f90                stdio_usb_init
 .text.stdio_usb_connected
                0x0000000010005060        0xa CMakeFiles/hw9.dir/home/laehon/pico/pico-sdk/src/rp2_common/pico_stdio_usb/stdio_usb.c.obj
                0x0000000010005060                stdio_usb_connected
 *fill*         0x000000001000506a        0x2 
 .text.stdio_usb_in_chars
                0x000000001000506c       0x88 CMakeFiles/hw9.dir/home/laehon/pico/pico-sdk/src/rp2_common/pico_stdio_usb/stdio_usb.c.obj
                0x000000001000506c                stdio_usb_in_chars
 .text.stdio_usb_out_chars
                0x00000000100050f4       0xd8 CMakeFiles/hw9.dir/home/laehon/pico/pico-sdk/src/rp2_common/pico_stdio_usb/stdio_usb.c.obj
 .text.tud_descriptor_device_cb
                0x00000000100051cc        0x8 CMakeFiles/hw9.dir/home/laehon/pico/pico-sdk/src/rp2_common/pico_stdio_usb/stdio_usb_descriptors.c.obj
                0x00000000100051cc                tud_descriptor_device_cb
 .text.tud_descriptor_configuration_cb
                0x00000000100051d4        0x8 CMakeFiles/hw9.dir/home/laehon/pico/pico-sdk/src/rp2_common/pico_stdio_usb/stdio_usb_descriptors.c.obj
                0x00000000100051d4                tud_descriptor_configuration_cb
 .text.tud_descriptor_string_cb
                0x00000000100051dc       0x6c CMakeFiles/hw9.dir/home/laehon/pico/pico-sdk/src/rp2_common/pico_stdio_usb/stdio_usb_descriptors.c.obj
                0x00000000100051dc                tud_descriptor_string_cb
 .text._retrieve_unique_id_on_boot
                0x0000000010005248       0x10 CMakeFiles/hw9.dir/home/laehon/pico/pico-sdk/src/rp2_common/pico_unique_id/unique_id.c.obj
 .text.pico_get_unique_board_id_string
                0x0000000010005258       0x5c CMakeFiles/hw9.dir/home/laehon/pico/pico-sdk/src/rp2_common/pico_unique_id/unique_id.c.obj
                0x0000000010005258                pico_get_unique_board_id_string
 .text.flash_get_unique_id
                0x00000000100052b4       0x46 CMakeFiles/hw9.dir/home/laehon/pico/pico-sdk/src/rp2_common/hardware_flash/flash.c.obj
                0x00000000100052b4                flash_get_unique_id
 *fill*         0x00000000100052fa        0x2 
 .text.hw_endpoint_get_by_addr
                0x00000000100052fc       0x18 CMakeFiles/hw9.dir/home/laehon/pico/pico-sdk/lib/tinyusb/src/portable/raspberrypi/rp2040/dcd_rp2040.c.obj
 .text._hw_endpoint_alloc
                0x0000000010005314       0x70 CMakeFiles/hw9.dir/home/laehon/pico/pico-sdk/lib/tinyusb/src/portable/raspberrypi/rp2040/dcd_rp2040.c.obj
 .text.hw_endpoint_init
                0x0000000010005384       0x88 CMakeFiles/hw9.dir/home/laehon/pico/pico-sdk/lib/tinyusb/src/portable/raspberrypi/rp2040/dcd_rp2040.c.obj
 .text.dcd_event_sof
                0x000000001000540c       0x2c CMakeFiles/hw9.dir/home/laehon/pico/pico-sdk/lib/tinyusb/src/portable/raspberrypi/rp2040/dcd_rp2040.c.obj
 .text.hw_endpoint_xfer
                0x0000000010005438       0x14 CMakeFiles/hw9.dir/home/laehon/pico/pico-sdk/lib/tinyusb/src/portable/raspberrypi/rp2040/dcd_rp2040.c.obj
 .text.dcd_int_enable
                0x000000001000544c       0x2c CMakeFiles/hw9.dir/home/laehon/pico/pico-sdk/lib/tinyusb/src/portable/raspberrypi/rp2040/dcd_rp2040.c.obj
                0x000000001000544c                dcd_int_enable
 .text.dcd_set_address
                0x0000000010005478       0x2c CMakeFiles/hw9.dir/home/laehon/pico/pico-sdk/lib/tinyusb/src/portable/raspberrypi/rp2040/dcd_rp2040.c.obj
                0x0000000010005478                dcd_set_address
 .text.dcd_connect
                0x00000000100054a4       0x10 CMakeFiles/hw9.dir/home/laehon/pico/pico-sdk/lib/tinyusb/src/portable/raspberrypi/rp2040/dcd_rp2040.c.obj
                0x00000000100054a4                dcd_connect
 .text.dcd_init
                0x00000000100054b4       0x80 CMakeFiles/hw9.dir/home/laehon/pico/pico-sdk/lib/tinyusb/src/portable/raspberrypi/rp2040/dcd_rp2040.c.obj
                0x00000000100054b4                dcd_init
 .text.dcd_edpt0_status_complete
                0x0000000010005534       0x1c CMakeFiles/hw9.dir/home/laehon/pico/pico-sdk/lib/tinyusb/src/portable/raspberrypi/rp2040/dcd_rp2040.c.obj
                0x0000000010005534                dcd_edpt0_status_complete
 .text.dcd_edpt_open
                0x0000000010005550       0x40 CMakeFiles/hw9.dir/home/laehon/pico/pico-sdk/lib/tinyusb/src/portable/raspberrypi/rp2040/dcd_rp2040.c.obj
                0x0000000010005550                dcd_edpt_open
 .text.dcd_edpt_close_all
                0x0000000010005590        0x8 CMakeFiles/hw9.dir/home/laehon/pico/pico-sdk/lib/tinyusb/src/portable/raspberrypi/rp2040/dcd_rp2040.c.obj
                0x0000000010005590                dcd_edpt_close_all
 .text.dcd_edpt_xfer
                0x0000000010005598       0x34 CMakeFiles/hw9.dir/home/laehon/pico/pico-sdk/lib/tinyusb/src/portable/raspberrypi/rp2040/dcd_rp2040.c.obj
                0x0000000010005598                dcd_edpt_xfer
 .text.dcd_edpt_stall
                0x00000000100055cc       0x2c CMakeFiles/hw9.dir/home/laehon/pico/pico-sdk/lib/tinyusb/src/portable/raspberrypi/rp2040/dcd_rp2040.c.obj
                0x00000000100055cc                dcd_edpt_stall
 .text.dcd_edpt_clear_stall
                0x00000000100055f8       0x20 CMakeFiles/hw9.dir/home/laehon/pico/pico-sdk/lib/tinyusb/src/portable/raspberrypi/rp2040/dcd_rp2040.c.obj
                0x00000000100055f8                dcd_edpt_clear_stall
 .text.rp2040_usb_init
                0x0000000010005618       0x4c CMakeFiles/hw9.dir/home/laehon/pico/pico-sdk/lib/tinyusb/src/portable/raspberrypi/rp2040/rp2040_usb.c.obj
                0x0000000010005618                rp2040_usb_init
 .text.hw_endpoint_xfer_start
                0x0000000010005664       0x50 CMakeFiles/hw9.dir/home/laehon/pico/pico-sdk/lib/tinyusb/src/portable/raspberrypi/rp2040/rp2040_usb.c.obj
                0x0000000010005664                hw_endpoint_xfer_start
 .text.configuration_reset
                0x00000000100056b4       0x84 CMakeFiles/hw9.dir/home/laehon/pico/pico-sdk/lib/tinyusb/src/device/usbd.c.obj
 .text.critical_section_enter_blocking
                0x0000000010005738       0x16 CMakeFiles/hw9.dir/home/laehon/pico/pico-sdk/lib/tinyusb/src/device/usbd.c.obj
 .text.usbd_reset
                0x000000001000574e        0xc CMakeFiles/hw9.dir/home/laehon/pico/pico-sdk/lib/tinyusb/src/device/usbd.c.obj
 .text.invoke_class_control
                0x000000001000575a       0x1a CMakeFiles/hw9.dir/home/laehon/pico/pico-sdk/lib/tinyusb/src/device/usbd.c.obj
 .text.process_set_config
                0x0000000010005774      0x178 CMakeFiles/hw9.dir/home/laehon/pico/pico-sdk/lib/tinyusb/src/device/usbd.c.obj
 .text.process_get_descriptor
                0x00000000100058ec       0xdc CMakeFiles/hw9.dir/home/laehon/pico/pico-sdk/lib/tinyusb/src/device/usbd.c.obj
 .text.tud_mounted
                0x00000000100059c8       0x10 CMakeFiles/hw9.dir/home/laehon/pico/pico-sdk/lib/tinyusb/src/device/usbd.c.obj
                0x00000000100059c8                tud_mounted
 .text.tud_suspended
                0x00000000100059d8       0x10 CMakeFiles/hw9.dir/home/laehon/pico/pico-sdk/lib/tinyusb/src/device/usbd.c.obj
                0x00000000100059d8                tud_suspended
 .text.tud_inited
                0x00000000100059e8       0x14 CMakeFiles/hw9.dir/home/laehon/pico/pico-sdk/lib/tinyusb/src/device/usbd.c.obj
                0x00000000100059e8                tud_inited
 .text.tud_init
                0x00000000100059fc       0xcc CMakeFiles/hw9.dir/home/laehon/pico/pico-sdk/lib/tinyusb/src/device/usbd.c.obj
                0x00000000100059fc                tud_init
 .text.usbd_defer_func
                0x0000000010005ac8       0x2a CMakeFiles/hw9.dir/home/laehon/pico/pico-sdk/lib/tinyusb/src/device/usbd.c.obj
                0x0000000010005ac8                usbd_defer_func
 *fill*         0x0000000010005af2        0x2 
 .text.usbd_edpt_open
                0x0000000010005af4       0x34 CMakeFiles/hw9.dir/home/laehon/pico/pico-sdk/lib/tinyusb/src/device/usbd.c.obj
                0x0000000010005af4                usbd_edpt_open
 .text.usbd_open_edpt_pair
                0x0000000010005b28       0x62 CMakeFiles/hw9.dir/home/laehon/pico/pico-sdk/lib/tinyusb/src/device/usbd.c.obj
                0x0000000010005b28                usbd_open_edpt_pair
 *fill*         0x0000000010005b8a        0x2 
 .text.usbd_edpt_claim
                0x0000000010005b8c       0x28 CMakeFiles/hw9.dir/home/laehon/pico/pico-sdk/lib/tinyusb/src/device/usbd.c.obj
                0x0000000010005b8c                usbd_edpt_claim
 .text.usbd_edpt_release
                0x0000000010005bb4       0x28 CMakeFiles/hw9.dir/home/laehon/pico/pico-sdk/lib/tinyusb/src/device/usbd.c.obj
                0x0000000010005bb4                usbd_edpt_release
 .text.usbd_edpt_xfer
                0x0000000010005bdc       0x78 CMakeFiles/hw9.dir/home/laehon/pico/pico-sdk/lib/tinyusb/src/device/usbd.c.obj
                0x0000000010005bdc                usbd_edpt_xfer
 .text.usbd_edpt_stall
                0x0000000010005c54       0x48 CMakeFiles/hw9.dir/home/laehon/pico/pico-sdk/lib/tinyusb/src/device/usbd.c.obj
                0x0000000010005c54                usbd_edpt_stall
 .text.usbd_edpt_clear_stall
                0x0000000010005c9c       0x48 CMakeFiles/hw9.dir/home/laehon/pico/pico-sdk/lib/tinyusb/src/device/usbd.c.obj
                0x0000000010005c9c                usbd_edpt_clear_stall
 .text.usbd_edpt_stalled
                0x0000000010005ce4       0x1c CMakeFiles/hw9.dir/home/laehon/pico/pico-sdk/lib/tinyusb/src/device/usbd.c.obj
                0x0000000010005ce4                usbd_edpt_stalled
 .text.process_control_request
                0x0000000010005d00      0x374 CMakeFiles/hw9.dir/home/laehon/pico/pico-sdk/lib/tinyusb/src/device/usbd.c.obj
 .text.tud_task_ext
                0x0000000010006074      0x1a8 CMakeFiles/hw9.dir/home/laehon/pico/pico-sdk/lib/tinyusb/src/device/usbd.c.obj
                0x0000000010006074                tud_task_ext
 .text._status_stage_xact
                0x000000001000621c       0x1a CMakeFiles/hw9.dir/home/laehon/pico/pico-sdk/lib/tinyusb/src/device/usbd_control.c.obj
 *fill*         0x0000000010006236        0x2 
 .text._data_stage_xact
                0x0000000010006238       0x58 CMakeFiles/hw9.dir/home/laehon/pico/pico-sdk/lib/tinyusb/src/device/usbd_control.c.obj
 .text.tud_control_status
                0x0000000010006290       0x28 CMakeFiles/hw9.dir/home/laehon/pico/pico-sdk/lib/tinyusb/src/device/usbd_control.c.obj
                0x0000000010006290                tud_control_status
 .text.tud_control_xfer
                0x00000000100062b8       0x68 CMakeFiles/hw9.dir/home/laehon/pico/pico-sdk/lib/tinyusb/src/device/usbd_control.c.obj
                0x00000000100062b8                tud_control_xfer
 .text.usbd_control_reset
                0x0000000010006320       0x14 CMakeFiles/hw9.dir/home/laehon/pico/pico-sdk/lib/tinyusb/src/device/usbd_control.c.obj
                0x0000000010006320                usbd_control_reset
 .text.usbd_control_set_complete_callback
                0x0000000010006334        0xc CMakeFiles/hw9.dir/home/laehon/pico/pico-sdk/lib/tinyusb/src/device/usbd_control.c.obj
                0x0000000010006334                usbd_control_set_complete_callback
 .text.usbd_control_set_request
                0x0000000010006340       0x1c CMakeFiles/hw9.dir/home/laehon/pico/pico-sdk/lib/tinyusb/src/device/usbd_control.c.obj
                0x0000000010006340                usbd_control_set_request
 .text.usbd_control_xfer_cb
                0x000000001000635c       0xbc CMakeFiles/hw9.dir/home/laehon/pico/pico-sdk/lib/tinyusb/src/device/usbd_control.c.obj
                0x000000001000635c                usbd_control_xfer_cb
 .text._prep_out_transaction
                0x0000000010006418       0x4a CMakeFiles/hw9.dir/home/laehon/pico/pico-sdk/lib/tinyusb/src/class/cdc/cdc_device.c.obj
 *fill*         0x0000000010006462        0x2 
 .text.tud_cdc_n_connected
                0x0000000010006464       0x38 CMakeFiles/hw9.dir/home/laehon/pico/pico-sdk/lib/tinyusb/src/class/cdc/cdc_device.c.obj
                0x0000000010006464                tud_cdc_n_connected
 .text.tud_cdc_n_available
                0x000000001000649c       0x18 CMakeFiles/hw9.dir/home/laehon/pico/pico-sdk/lib/tinyusb/src/class/cdc/cdc_device.c.obj
                0x000000001000649c                tud_cdc_n_available
 .text.tud_cdc_n_read
                0x00000000100064b4       0x28 CMakeFiles/hw9.dir/home/laehon/pico/pico-sdk/lib/tinyusb/src/class/cdc/cdc_device.c.obj
                0x00000000100064b4                tud_cdc_n_read
 .text.tud_cdc_n_write_flush
                0x00000000100064dc       0xb8 CMakeFiles/hw9.dir/home/laehon/pico/pico-sdk/lib/tinyusb/src/class/cdc/cdc_device.c.obj
                0x00000000100064dc                tud_cdc_n_write_flush
 .text.tud_cdc_n_write
                0x0000000010006594       0x38 CMakeFiles/hw9.dir/home/laehon/pico/pico-sdk/lib/tinyusb/src/class/cdc/cdc_device.c.obj
                0x0000000010006594                tud_cdc_n_write
 .text.tud_cdc_n_write_available
                0x00000000100065cc       0x1c CMakeFiles/hw9.dir/home/laehon/pico/pico-sdk/lib/tinyusb/src/class/cdc/cdc_device.c.obj
                0x00000000100065cc                tud_cdc_n_write_available
 .text.cdcd_init
                0x00000000100065e8       0xbc CMakeFiles/hw9.dir/home/laehon/pico/pico-sdk/lib/tinyusb/src/class/cdc/cdc_device.c.obj
                0x00000000100065e8                cdcd_init
 .text.cdcd_reset
                0x00000000100066a4       0x44 CMakeFiles/hw9.dir/home/laehon/pico/pico-sdk/lib/tinyusb/src/class/cdc/cdc_device.c.obj
                0x00000000100066a4                cdcd_reset
 .text.cdcd_open
                0x00000000100066e8       0xc4 CMakeFiles/hw9.dir/home/laehon/pico/pico-sdk/lib/tinyusb/src/class/cdc/cdc_device.c.obj
                0x00000000100066e8                cdcd_open
 .text.cdcd_control_xfer_cb
                0x00000000100067ac      0x134 CMakeFiles/hw9.dir/home/laehon/pico/pico-sdk/lib/tinyusb/src/class/cdc/cdc_device.c.obj
                0x00000000100067ac                cdcd_control_xfer_cb
 .text.cdcd_xfer_cb
                0x00000000100068e0      0x130 CMakeFiles/hw9.dir/home/laehon/pico/pico-sdk/lib/tinyusb/src/class/cdc/cdc_device.c.obj
                0x00000000100068e0                cdcd_xfer_cb
 .text.tusb_init
                0x0000000010006a10        0xa CMakeFiles/hw9.dir/home/laehon/pico/pico-sdk/lib/tinyusb/src/tusb.c.obj
                0x0000000010006a10                tusb_init
 .text.tusb_inited
                0x0000000010006a1a        0xe CMakeFiles/hw9.dir/home/laehon/pico/pico-sdk/lib/tinyusb/src/tusb.c.obj
                0x0000000010006a1a                tusb_inited
 .text.tu_edpt_claim
                0x0000000010006a28       0x50 CMakeFiles/hw9.dir/home/laehon/pico/pico-sdk/lib/tinyusb/src/tusb.c.obj
                0x0000000010006a28                tu_edpt_claim
 .text.tu_edpt_release
                0x0000000010006a78       0x38 CMakeFiles/hw9.dir/home/laehon/pico/pico-sdk/lib/tinyusb/src/tusb.c.obj
                0x0000000010006a78                tu_edpt_release
 .text.tu_edpt_validate
                0x0000000010006ab0       0x78 CMakeFiles/hw9.dir/home/laehon/pico/pico-sdk/lib/tinyusb/src/tusb.c.obj
                0x0000000010006ab0                tu_edpt_validate
 .text.tu_edpt_bind_driver
                0x0000000010006b28       0x26 CMakeFiles/hw9.dir/home/laehon/pico/pico-sdk/lib/tinyusb/src/tusb.c.obj
                0x0000000010006b28                tu_edpt_bind_driver
 .text.advance_index
                0x0000000010006b4e       0x1a CMakeFiles/hw9.dir/home/laehon/pico/pico-sdk/lib/tinyusb/src/common/tusb_fifo.c.obj
 .text._tu_fifo_peek
                0x0000000010006b68       0x56 CMakeFiles/hw9.dir/home/laehon/pico/pico-sdk/lib/tinyusb/src/common/tusb_fifo.c.obj
 .text._ff_pull_const_addr
                0x0000000010006bbe       0x4c CMakeFiles/hw9.dir/home/laehon/pico/pico-sdk/lib/tinyusb/src/common/tusb_fifo.c.obj
 .text._ff_pull_n
                0x0000000010006c0a      0x110 CMakeFiles/hw9.dir/home/laehon/pico/pico-sdk/lib/tinyusb/src/common/tusb_fifo.c.obj
 .text._tu_fifo_peek_n
                0x0000000010006d1a       0x6a CMakeFiles/hw9.dir/home/laehon/pico/pico-sdk/lib/tinyusb/src/common/tusb_fifo.c.obj
 .text._tu_fifo_read_n
                0x0000000010006d84       0x4e CMakeFiles/hw9.dir/home/laehon/pico/pico-sdk/lib/tinyusb/src/common/tusb_fifo.c.obj
 .text._ff_push_const_addr
                0x0000000010006dd2       0x40 CMakeFiles/hw9.dir/home/laehon/pico/pico-sdk/lib/tinyusb/src/common/tusb_fifo.c.obj
 .text._ff_push_n
                0x0000000010006e12      0x10c CMakeFiles/hw9.dir/home/laehon/pico/pico-sdk/lib/tinyusb/src/common/tusb_fifo.c.obj
 .text._tu_fifo_write_n
                0x0000000010006f1e       0xf0 CMakeFiles/hw9.dir/home/laehon/pico/pico-sdk/lib/tinyusb/src/common/tusb_fifo.c.obj
 .text.tu_fifo_config
                0x000000001000700e       0x7c CMakeFiles/hw9.dir/home/laehon/pico/pico-sdk/lib/tinyusb/src/common/tusb_fifo.c.obj
                0x000000001000700e                tu_fifo_config
 .text.tu_fifo_count
                0x000000001000708a       0x2a CMakeFiles/hw9.dir/home/laehon/pico/pico-sdk/lib/tinyusb/src/common/tusb_fifo.c.obj
                0x000000001000708a                tu_fifo_count
 .text.tu_fifo_empty
                0x00000000100070b4        0xe CMakeFiles/hw9.dir/home/laehon/pico/pico-sdk/lib/tinyusb/src/common/tusb_fifo.c.obj
                0x00000000100070b4                tu_fifo_empty
 .text.tu_fifo_full
                0x00000000100070c2       0x28 CMakeFiles/hw9.dir/home/laehon/pico/pico-sdk/lib/tinyusb/src/common/tusb_fifo.c.obj
                0x00000000100070c2                tu_fifo_full
 .text.tu_fifo_remaining
                0x00000000100070ea       0x2c CMakeFiles/hw9.dir/home/laehon/pico/pico-sdk/lib/tinyusb/src/common/tusb_fifo.c.obj
                0x00000000100070ea                tu_fifo_remaining
 .text.tu_fifo_read
                0x0000000010007116       0x42 CMakeFiles/hw9.dir/home/laehon/pico/pico-sdk/lib/tinyusb/src/common/tusb_fifo.c.obj
                0x0000000010007116                tu_fifo_read
 .text.tu_fifo_read_n
                0x0000000010007158        0xa CMakeFiles/hw9.dir/home/laehon/pico/pico-sdk/lib/tinyusb/src/common/tusb_fifo.c.obj
                0x0000000010007158                tu_fifo_read_n
 .text.tu_fifo_write
                0x0000000010007162       0x64 CMakeFiles/hw9.dir/home/laehon/pico/pico-sdk/lib/tinyusb/src/common/tusb_fifo.c.obj
                0x0000000010007162                tu_fifo_write
 .text.tu_fifo_write_n
                0x00000000100071c6        0xa CMakeFiles/hw9.dir/home/laehon/pico/pico-sdk/lib/tinyusb/src/common/tusb_fifo.c.obj
                0x00000000100071c6                tu_fifo_write_n
 .text.tu_fifo_clear
                0x00000000100071d0       0x3e CMakeFiles/hw9.dir/home/laehon/pico/pico-sdk/lib/tinyusb/src/common/tusb_fifo.c.obj
                0x00000000100071d0                tu_fifo_clear
 .text.tu_fifo_set_overwritable
                0x000000001000720e       0x46 CMakeFiles/hw9.dir/home/laehon/pico/pico-sdk/lib/tinyusb/src/common/tusb_fifo.c.obj
                0x000000001000720e                tu_fifo_set_overwritable
 .text          0x0000000010007254       0x5c /usr/lib/gcc/arm-none-eabi/12.2.1/../../../arm-none-eabi/lib/thumb/v6-m/nofp/libg.a(lib_a-callocr.o)
                0x0000000010007254                _calloc_r
 .text          0x00000000100072b0      0x574 /usr/lib/gcc/arm-none-eabi/12.2.1/../../../arm-none-eabi/lib/thumb/v6-m/nofp/libg.a(lib_a-mallocr.o)
                0x00000000100072b0                _malloc_r
 .text          0x0000000010007824        0x8 /usr/lib/gcc/arm-none-eabi/12.2.1/../../../arm-none-eabi/lib/thumb/v6-m/nofp/libg.a(lib_a-mlock.o)
                0x0000000010007824                __malloc_lock
                0x0000000010007828                __malloc_unlock
 .text          0x000000001000782c      0x354 /usr/lib/gcc/arm-none-eabi/12.2.1/../../../arm-none-eabi/lib/thumb/v6-m/nofp/libg.a(lib_a-reallocr.o)
                0x000000001000782c                _realloc_r
 .text          0x0000000010007b80       0x24 /usr/lib/gcc/arm-none-eabi/12.2.1/../../../arm-none-eabi/lib/thumb/v6-m/nofp/libg.a(lib_a-sbrkr.o)
                0x0000000010007b80                _sbrk_r
 .text          0x0000000010007ba4       0x40 /usr/lib/gcc/arm-none-eabi/12.2.1/../../../arm-none-eabi/lib/thumb/v6-m/nofp/libg.a(lib_a-scanf.o)
                0x0000000010007ba4                scanf
                0x0000000010007bc8                _scanf_r
 .text          0x0000000010007be4       0x5c /usr/lib/gcc/arm-none-eabi/12.2.1/../../../arm-none-eabi/lib/thumb/v6-m/nofp/libg.a(lib_a-strlen-stub.o)
                0x0000000010007be4                strlen
 .text          0x0000000010007c40      0xfe0 /usr/lib/gcc/arm-none-eabi/12.2.1/../../../arm-none-eabi/lib/thumb/v6-m/nofp/libg.a(lib_a-vfscanf.o)
                0x0000000010007c40                __svfscanf_r
                0x0000000010008bb0                vfscanf
                0x0000000010008be0                __svfscanf
                0x0000000010008bf8                _vfscanf_r
 .text          0x0000000010008c20      0x248 /usr/lib/gcc/arm-none-eabi/12.2.1/../../../arm-none-eabi/lib/thumb/v6-m/nofp/libg.a(lib_a-findfp.o)
                0x0000000010008c24                _cleanup_r
                0x0000000010008d20                __sfmoreglue
                0x0000000010008d50                __sfp
                0x0000000010008e00                _cleanup
                0x0000000010008e18                __sinit
                0x0000000010008e28                __sfp_lock_acquire
                0x0000000010008e2c                __sfp_lock_release
                0x0000000010008e30                __sinit_lock_acquire
                0x0000000010008e34                __sinit_lock_release
                0x0000000010008e38                __fp_lock_all
                0x0000000010008e50                __fp_unlock_all
 .text          0x0000000010008e68      0x190 /usr/lib/gcc/arm-none-eabi/12.2.1/../../../arm-none-eabi/lib/thumb/v6-m/nofp/libg.a(lib_a-fread.o)
                0x0000000010008e68                _fread_r
                0x0000000010008fd8                fread
 .text          0x0000000010008ff8      0x260 /usr/lib/gcc/arm-none-eabi/12.2.1/../../../arm-none-eabi/lib/thumb/v6-m/nofp/libg.a(lib_a-freer.o)
                0x0000000010008ff8                _malloc_trim_r
                0x0000000010009094                _free_r
 .text          0x0000000010009258       0x88 /usr/lib/gcc/arm-none-eabi/12.2.1/../../../arm-none-eabi/lib/thumb/v6-m/nofp/libg.a(lib_a-fwalk.o)
                0x0000000010009258                _fwalk
                0x0000000010009298                _fwalk_reent
 .text          0x00000000100092e0        0xc /usr/lib/gcc/arm-none-eabi/12.2.1/../../../arm-none-eabi/lib/thumb/v6-m/nofp/libg.a(lib_a-iswspace.o)
                0x00000000100092e0                iswspace
 .text          0x00000000100092ec       0x18 /usr/lib/gcc/arm-none-eabi/12.2.1/../../../arm-none-eabi/lib/thumb/v6-m/nofp/libg.a(lib_a-iswspace_l.o)
                0x00000000100092ec                iswspace_l
 .text          0x0000000010009304       0x98 /usr/lib/gcc/arm-none-eabi/12.2.1/../../../arm-none-eabi/lib/thumb/v6-m/nofp/libg.a(lib_a-locale.o)
                0x0000000010009304                _setlocale_r
                0x0000000010009348                __locale_mb_cur_max
                0x0000000010009358                setlocale
 .text          0x000000001000939c       0x14 /usr/lib/gcc/arm-none-eabi/12.2.1/../../../arm-none-eabi/lib/thumb/v6-m/nofp/libg.a(lib_a-localeconv.o)
                0x000000001000939c                __localeconv_l
                0x00000000100093a0                _localeconv_r
                0x00000000100093a8                localeconv
 .text          0x00000000100093b0       0x9c /usr/lib/gcc/arm-none-eabi/12.2.1/../../../arm-none-eabi/lib/thumb/v6-m/nofp/libg.a(lib_a-mbrtowc.o)
                0x00000000100093b0                _mbrtowc_r
                0x00000000100093fc                mbrtowc
 .text          0x000000001000944c       0x44 /usr/lib/gcc/arm-none-eabi/12.2.1/../../../arm-none-eabi/lib/thumb/v6-m/nofp/libg.a(lib_a-mbtowc_r.o)
                0x000000001000944c                _mbtowc_r
                0x0000000010009464                __ascii_mbtowc
 .text          0x0000000010009490       0xac /usr/lib/gcc/arm-none-eabi/12.2.1/../../../arm-none-eabi/lib/thumb/v6-m/nofp/libg.a(lib_a-memmove.o)
                0x0000000010009490                memmove
 .text          0x000000001000953c      0x140 /usr/lib/gcc/arm-none-eabi/12.2.1/../../../arm-none-eabi/lib/thumb/v6-m/nofp/libg.a(lib_a-refill.o)
                0x0000000010009558                __srefill_r
 .text          0x000000001000967c       0x80 /usr/lib/gcc/arm-none-eabi/12.2.1/../../../arm-none-eabi/lib/thumb/v6-m/nofp/libg.a(lib_a-sccl.o)
                0x000000001000967c                __sccl
 .text          0x00000000100096fc        0x8 /usr/lib/gcc/arm-none-eabi/12.2.1/../../../arm-none-eabi/lib/thumb/v6-m/nofp/libg.a(lib_a-sf_nan.o)
                0x00000000100096fc                nanf
 .text          0x0000000010009704       0xa4 /usr/lib/gcc/arm-none-eabi/12.2.1/../../../arm-none-eabi/lib/thumb/v6-m/nofp/libg.a(lib_a-stdio.o)
                0x0000000010009704                __sread
                0x000000001000972c                __seofread
                0x0000000010009730                __swrite
                0x0000000010009770                __sseek
                0x000000001000979c                __sclose
 .text          0x00000000100097a8       0x88 /usr/lib/gcc/arm-none-eabi/12.2.1/../../../arm-none-eabi/lib/thumb/v6-m/nofp/libg.a(lib_a-strcmp.o)
                0x00000000100097a8                strcmp
 .text          0x0000000010009830     0x1128 /usr/lib/gcc/arm-none-eabi/12.2.1/../../../arm-none-eabi/lib/thumb/v6-m/nofp/libg.a(lib_a-strtod.o)
                0x0000000010009830                _strtod_l
                0x000000001000a7b0                _strtod_r
                0x000000001000a7c0                strtod_l
                0x000000001000a7d8                strtod
                0x000000001000a7f4                strtof_l
                0x000000001000a8a4                strtof
 .text          0x000000001000a958      0x1b8 /usr/lib/gcc/arm-none-eabi/12.2.1/../../../arm-none-eabi/lib/thumb/v6-m/nofp/libg.a(lib_a-strtol.o)
                0x000000001000aa9c                _strtol_r
                0x000000001000aab8                strtol_l
                0x000000001000aae4                strtol
 .text          0x000000001000ab10      0x1d0 /usr/lib/gcc/arm-none-eabi/12.2.1/../../../arm-none-eabi/lib/thumb/v6-m/nofp/libg.a(lib_a-strtoll.o)
                0x000000001000aca8                _strtoll_r
                0x000000001000acb0                strtoll_l
                0x000000001000acc8                strtoll
 .text          0x000000001000ace0      0x180 /usr/lib/gcc/arm-none-eabi/12.2.1/../../../arm-none-eabi/lib/thumb/v6-m/nofp/libg.a(lib_a-strtoul.o)
                0x000000001000ae28                _strtoul_r
                0x000000001000ae30                strtoul_l
                0x000000001000ae48                strtoul
 .text          0x000000001000ae60      0x1f4 /usr/lib/gcc/arm-none-eabi/12.2.1/../../../arm-none-eabi/lib/thumb/v6-m/nofp/libg.a(lib_a-strtoull.o)
                0x000000001000b01c                _strtoull_r
                0x000000001000b024                strtoull_l
                0x000000001000b03c                strtoull
 .text          0x000000001000b054      0x188 /usr/lib/gcc/arm-none-eabi/12.2.1/../../../arm-none-eabi/lib/thumb/v6-m/nofp/libg.a(lib_a-ungetc.o)
                0x000000001000b054                __submore
                0x000000001000b0d8                _ungetc_r
                0x000000001000b1c4                ungetc
 .text          0x000000001000b1dc       0x2c /usr/lib/gcc/arm-none-eabi/12.2.1/../../../arm-none-eabi/lib/thumb/v6-m/nofp/libg.a(lib_a-wctomb_r.o)
                0x000000001000b1dc                _wctomb_r
                0x000000001000b1ec                __ascii_wctomb
 .text          0x000000001000b208       0x28 /usr/lib/gcc/arm-none-eabi/12.2.1/../../../arm-none-eabi/lib/thumb/v6-m/nofp/libg.a(lib_a-writer.o)
                0x000000001000b208                _write_r
 .text          0x000000001000b230       0x24 /usr/lib/gcc/arm-none-eabi/12.2.1/../../../arm-none-eabi/lib/thumb/v6-m/nofp/libg.a(lib_a-closer.o)
                0x000000001000b230                _close_r
 .text          0x000000001000b254        0xc /usr/lib/gcc/arm-none-eabi/12.2.1/../../../arm-none-eabi/lib/thumb/v6-m/nofp/libg.a(lib_a-errno.o)
                0x000000001000b254                __errno
 .text          0x000000001000b260       0xe8 /usr/lib/gcc/arm-none-eabi/12.2.1/../../../arm-none-eabi/lib/thumb/v6-m/nofp/libg.a(lib_a-fclose.o)
                0x000000001000b2d0                _fclose_r
                0x000000001000b308                fclose
 .text          0x000000001000b348      0x1c0 /usr/lib/gcc/arm-none-eabi/12.2.1/../../../arm-none-eabi/lib/thumb/v6-m/nofp/libg.a(lib_a-fflush.o)
                0x000000001000b348                __sflush_r
                0x000000001000b488                _fflush_r
                0x000000001000b4b4                fflush
 .text          0x000000001000b508      0x670 /usr/lib/gcc/arm-none-eabi/12.2.1/../../../arm-none-eabi/lib/thumb/v6-m/nofp/libg.a(lib_a-gdtoa-gethex.o)
                0x000000001000b5ac                __gethex
 .text          0x000000001000bb78      0x1fc /usr/lib/gcc/arm-none-eabi/12.2.1/../../../arm-none-eabi/lib/thumb/v6-m/nofp/libg.a(lib_a-gdtoa-hexnan.o)
                0x000000001000bb78                __match
                0x000000001000bba4                __hexnan
 .text          0x000000001000bd74       0x28 /usr/lib/gcc/arm-none-eabi/12.2.1/../../../arm-none-eabi/lib/thumb/v6-m/nofp/libg.a(lib_a-lseekr.o)
                0x000000001000bd74                _lseek_r
 .text          0x000000001000bd9c      0x144 /usr/lib/gcc/arm-none-eabi/12.2.1/../../../arm-none-eabi/lib/thumb/v6-m/nofp/libg.a(lib_a-makebuf.o)
                0x000000001000bd9c                __smakebuf_r
                0x000000001000be80                __swhatbuf_r
 .text          0x000000001000bee0      0xafc /usr/lib/gcc/arm-none-eabi/12.2.1/../../../arm-none-eabi/lib/thumb/v6-m/nofp/libg.a(lib_a-mprec.o)
                0x000000001000bee0                _Balloc
                0x000000001000bf30                _Bfree
                0x000000001000bf44                __multadd
                0x000000001000bfec                __s2b
                0x000000001000c09c                __hi0bits
                0x000000001000c0d4                __lo0bits
                0x000000001000c130                __i2b
                0x000000001000c190                __multiply
                0x000000001000c334                __pow5mult
                0x000000001000c40c                __lshift
                0x000000001000c508                __mcmp
                0x000000001000c53c                __mdiff
                0x000000001000c6c8                __ulp
                0x000000001000c710                __b2d
                0x000000001000c7d8                __d2b
                0x000000001000c8b0                __ratio
                0x000000001000c918                _mprec_log10
                0x000000001000c94c                __copybits
                0x000000001000c98c                __any_on
 .text          0x000000001000c9dc       0x28 /usr/lib/gcc/arm-none-eabi/12.2.1/../../../arm-none-eabi/lib/thumb/v6-m/nofp/libg.a(lib_a-readr.o)
                0x000000001000c9dc                _read_r
 .text          0x000000001000ca04        0xc /usr/lib/gcc/arm-none-eabi/12.2.1/../../../arm-none-eabi/lib/thumb/v6-m/nofp/libg.a(lib_a-s_nan.o)
                0x000000001000ca04                nan
 .text          0x000000001000ca10       0x74 /usr/lib/gcc/arm-none-eabi/12.2.1/../../../arm-none-eabi/lib/thumb/v6-m/nofp/libg.a(lib_a-strncmp.o)
                0x000000001000ca10                strncmp
 .text          0x000000001000ca84       0x28 /usr/lib/gcc/arm-none-eabi/12.2.1/../../../arm-none-eabi/lib/thumb/v6-m/nofp/libg.a(lib_a-fstatr.o)
                0x000000001000ca84                _fstat_r
 .text          0x000000001000caac       0x24 /usr/lib/gcc/arm-none-eabi/12.2.1/../../../arm-none-eabi/lib/thumb/v6-m/nofp/libg.a(lib_a-isattyr.o)
                0x000000001000caac                _isatty_r
 *(.fini)
 .fini          0x000000001000cad0        0x4 /usr/lib/gcc/arm-none-eabi/12.2.1/thumb/v6-m/nofp/crti.o
                0x000000001000cad0                _fini
 *fill*         0x000000001000cad4        0x4 
 .fini.__stub   0x000000001000cad8       0xe0 linker stubs
 *crtbegin.o(.ctors)
 *crtbegin?.o(.ctors)
 *(EXCLUDE_FILE(*crtend.o *crtend?.o) .ctors)
 *(SORT_BY_NAME(.ctors.*))
 *(.ctors)
 *crtbegin.o(.dtors)
 *crtbegin?.o(.dtors)
 *(EXCLUDE_FILE(*crtend.o *crtend?.o) .dtors)
 *(SORT_BY_NAME(.dtors.*))
 *(.dtors)
 *(.eh_frame*)
 .eh_frame      0x000000001000cbb8        0x0 /usr/lib/gcc/arm-none-eabi/12.2.1/thumb/v6-m/nofp/crtbegin.o
                0x000000001000cbb8                . = ALIGN (0x4)

.glue_7         0x000000001000cbb8        0x0
 .glue_7        0x000000001000cbb8        0x0 linker stubs

.glue_7t        0x000000001000cbb8        0x0
 .glue_7t       0x000000001000cbb8        0x0 linker stubs

.vfp11_veneer   0x000000001000cbb8        0x0
 .vfp11_veneer  0x000000001000cbb8        0x0 linker stubs

.v4_bx          0x000000001000cbb8        0x0
 .v4_bx         0x000000001000cbb8        0x0 linker stubs

.iplt           0x000000001000cbb8        0x0
 .iplt          0x000000001000cbb8        0x0 /usr/lib/gcc/arm-none-eabi/12.2.1/thumb/v6-m/nofp/crtbegin.o

.rodata         0x000000001000cbb8     0x1e38
 *(EXCLUDE_FILE(*libm.a: *libc.a:*lib_a-mem*.o *libgcc.a:) .rodata*)
 .rodata.on_uart_rx.str1.4
                0x000000001000cbb8        0xf CMakeFiles/hw9.dir/hw9.c.obj
 *fill*         0x000000001000cbc7        0x1 
 .rodata.main.str1.4
                0x000000001000cbc8       0x1b CMakeFiles/hw9.dir/hw9.c.obj
 *fill*         0x000000001000cbe3        0x1 
 .rodata.spin_lock_claim_unused.str1.4
                0x000000001000cbe4       0x1b CMakeFiles/hw9.dir/home/laehon/pico/pico-sdk/src/rp2_common/hardware_sync/sync.c.obj
 *fill*         0x000000001000cbff        0x1 
 .rodata.resolve_branch.str1.4
                0x000000001000cc00       0x55 CMakeFiles/hw9.dir/home/laehon/pico/pico-sdk/src/rp2_common/hardware_irq/irq.c.obj
 *fill*         0x000000001000cc55        0x3 
 .rodata.make_branch.str1.4
                0x000000001000cc58       0x30 CMakeFiles/hw9.dir/home/laehon/pico/pico-sdk/src/rp2_common/hardware_irq/irq.c.obj
 .rodata.insert_branch_and_link.str1.4
                0x000000001000cc88       0x10 CMakeFiles/hw9.dir/home/laehon/pico/pico-sdk/src/rp2_common/hardware_irq/irq.c.obj
 .rodata.irq_set_exclusive_handler.str1.4
                0x000000001000cc98       0x36 CMakeFiles/hw9.dir/home/laehon/pico/pico-sdk/src/rp2_common/hardware_irq/irq.c.obj
 *fill*         0x000000001000ccce        0x2 
 .rodata.irq_add_shared_handler.str1.4
                0x000000001000ccd0       0xc2 CMakeFiles/hw9.dir/home/laehon/pico/pico-sdk/src/rp2_common/hardware_irq/irq.c.obj
 *fill*         0x000000001000cd92        0x2 
 .rodata.irq_remove_handler.str1.4
                0x000000001000cd94       0x3a CMakeFiles/hw9.dir/home/laehon/pico/pico-sdk/src/rp2_common/hardware_irq/irq.c.obj
 *fill*         0x000000001000cdce        0x2 
 .rodata.irq_add_tail_to_free_list.str1.4
                0x000000001000cdd0       0x3a CMakeFiles/hw9.dir/home/laehon/pico/pico-sdk/src/rp2_common/hardware_irq/irq.c.obj
 *fill*         0x000000001000ce0a        0x2 
 .rodata.user_irq_claim_unused.str1.4
                0x000000001000ce0c       0x1b CMakeFiles/hw9.dir/home/laehon/pico/pico-sdk/src/rp2_common/hardware_irq/irq.c.obj
 *fill*         0x000000001000ce27        0x1 
 .rodata.__func__.0
                0x000000001000ce28       0x1a CMakeFiles/hw9.dir/home/laehon/pico/pico-sdk/src/rp2_common/hardware_irq/irq.c.obj
 *fill*         0x000000001000ce42        0x2 
 .rodata.__func__.1
                0x000000001000ce44       0x17 CMakeFiles/hw9.dir/home/laehon/pico/pico-sdk/src/rp2_common/hardware_irq/irq.c.obj
 *fill*         0x000000001000ce5b        0x1 
 .rodata.__func__.2
                0x000000001000ce5c       0x13 CMakeFiles/hw9.dir/home/laehon/pico/pico-sdk/src/rp2_common/hardware_irq/irq.c.obj
 *fill*         0x000000001000ce6f        0x1 
 .rodata.__func__.3
                0x000000001000ce70        0xc CMakeFiles/hw9.dir/home/laehon/pico/pico-sdk/src/rp2_common/hardware_irq/irq.c.obj
 .rodata.__func__.4
                0x000000001000ce7c        0xf CMakeFiles/hw9.dir/home/laehon/pico/pico-sdk/src/rp2_common/hardware_irq/irq.c.obj
 *fill*         0x000000001000ce8b        0x1 
 .rodata.__func__.5
                0x000000001000ce8c       0x17 CMakeFiles/hw9.dir/home/laehon/pico/pico-sdk/src/rp2_common/hardware_irq/irq.c.obj
 *fill*         0x000000001000cea3        0x1 
 .rodata.__func__.6
                0x000000001000cea4       0x1a CMakeFiles/hw9.dir/home/laehon/pico/pico-sdk/src/rp2_common/hardware_irq/irq.c.obj
 *fill*         0x000000001000cebe        0x2 
 .rodata.update_us_since_boot.str1.4
                0x000000001000cec0       0x61 CMakeFiles/hw9.dir/home/laehon/pico/pico-sdk/src/common/pico_sync/mutex.c.obj
 *fill*         0x000000001000cf21        0x3 
 .rodata.str1.4
                0x000000001000cf24       0x89 CMakeFiles/hw9.dir/home/laehon/pico/pico-sdk/src/common/pico_sync/mutex.c.obj
 *fill*         0x000000001000cfad        0x3 
 .rodata.__func__.1
                0x000000001000cfb0        0xb CMakeFiles/hw9.dir/home/laehon/pico/pico-sdk/src/common/pico_sync/mutex.c.obj
 *fill*         0x000000001000cfbb        0x1 
 .rodata.__func__.3
                0x000000001000cfbc       0x18 CMakeFiles/hw9.dir/home/laehon/pico/pico-sdk/src/common/pico_sync/mutex.c.obj
 .rodata.__func__.4
                0x000000001000cfd4       0x15 CMakeFiles/hw9.dir/home/laehon/pico/pico-sdk/src/common/pico_sync/mutex.c.obj
 *fill*         0x000000001000cfe9        0x3 
 .rodata.get_entry.str1.4
                0x000000001000cfec       0x5b CMakeFiles/hw9.dir/home/laehon/pico/pico-sdk/src/common/pico_time/time.c.obj
 .rodata.update_us_since_boot.str1.4
                0x000000001000d047       0x61 CMakeFiles/hw9.dir/home/laehon/pico/pico-sdk/src/common/pico_time/time.c.obj
 *fill*         0x000000001000d047        0x1 
 .rodata.ph_get_node.str1.4
                0x000000001000d048       0x66 CMakeFiles/hw9.dir/home/laehon/pico/pico-sdk/src/common/pico_time/time.c.obj
 *fill*         0x000000001000d0ae        0x2 
 .rodata.ph_add_child_node.str1.4
                0x000000001000d0b0       0x2e CMakeFiles/hw9.dir/home/laehon/pico/pico-sdk/src/common/pico_time/time.c.obj
 *fill*         0x000000001000d0de        0x2 
 .rodata.ph_insert_node.str1.4
                0x000000001000d0e0        0x3 CMakeFiles/hw9.dir/home/laehon/pico/pico-sdk/src/common/pico_time/time.c.obj
 *fill*         0x000000001000d0e3        0x1 
 .rodata.ph_free_node.str1.4
                0x000000001000d0e4       0x38 CMakeFiles/hw9.dir/home/laehon/pico/pico-sdk/src/common/pico_time/time.c.obj
 .rodata.add_alarm_under_lock.str1.4
                0x000000001000d11c       0x28 CMakeFiles/hw9.dir/home/laehon/pico/pico-sdk/src/common/pico_time/time.c.obj
 .rodata.alarm_pool_alarm_callback.str1.4
                0x000000001000d144       0x60 CMakeFiles/hw9.dir/home/laehon/pico/pico-sdk/src/common/pico_time/time.c.obj
 .rodata.alarm_pool_get_default.str1.4
                0x000000001000d1a4       0x21 CMakeFiles/hw9.dir/home/laehon/pico/pico-sdk/src/common/pico_time/time.c.obj
 *fill*         0x000000001000d1c5        0x3 
 .rodata.alarm_pool_cancel_alarm.str1.4
                0x000000001000d1c8       0x27 CMakeFiles/hw9.dir/home/laehon/pico/pico-sdk/src/common/pico_time/time.c.obj
 *fill*         0x000000001000d1ef        0x1 
 .rodata.sleep_until.str1.4
                0x000000001000d1f0       0x4d CMakeFiles/hw9.dir/home/laehon/pico/pico-sdk/src/common/pico_time/time.c.obj
 *fill*         0x000000001000d23d        0x3 
 .rodata.__func__.1
                0x000000001000d240       0x18 CMakeFiles/hw9.dir/home/laehon/pico/pico-sdk/src/common/pico_time/time.c.obj
 .rodata.__func__.3
                0x000000001000d258       0x17 CMakeFiles/hw9.dir/home/laehon/pico/pico-sdk/src/common/pico_time/time.c.obj
 *fill*         0x000000001000d26f        0x1 
 .rodata.__func__.4
                0x000000001000d270       0x12 CMakeFiles/hw9.dir/home/laehon/pico/pico-sdk/src/common/pico_time/time.c.obj
 *fill*         0x000000001000d282        0x2 
 .rodata.__func__.5
                0x000000001000d284        0xd CMakeFiles/hw9.dir/home/laehon/pico/pico-sdk/src/common/pico_time/time.c.obj
 *fill*         0x000000001000d291        0x3 
 .rodata.__func__.6
                0x000000001000d294       0x12 CMakeFiles/hw9.dir/home/laehon/pico/pico-sdk/src/common/pico_time/time.c.obj
 *fill*         0x000000001000d2a6        0x2 
 .rodata.__func__.7
                0x000000001000d2a8        0xf CMakeFiles/hw9.dir/home/laehon/pico/pico-sdk/src/common/pico_time/time.c.obj
 *fill*         0x000000001000d2b7        0x1 
 .rodata.__func__.8
                0x000000001000d2b8        0xc CMakeFiles/hw9.dir/home/laehon/pico/pico-sdk/src/common/pico_time/time.c.obj
 .rodata.__func__.9
                0x000000001000d2c4       0x15 CMakeFiles/hw9.dir/home/laehon/pico/pico-sdk/src/common/pico_time/time.c.obj
 *fill*         0x000000001000d2d9        0x3 
 .rodata.__func__.10
                0x000000001000d2dc       0x15 CMakeFiles/hw9.dir/home/laehon/pico/pico-sdk/src/common/pico_time/time.c.obj
 *fill*         0x000000001000d2f1        0x3 
 .rodata.__func__.11
                0x000000001000d2f4       0x1a CMakeFiles/hw9.dir/home/laehon/pico/pico-sdk/src/common/pico_time/time.c.obj
 *fill*         0x000000001000d30e        0x2 
 .rodata.__func__.12
                0x000000001000d310        0xa CMakeFiles/hw9.dir/home/laehon/pico/pico-sdk/src/common/pico_time/time.c.obj
 *fill*         0x000000001000d31a        0x6 
 .rodata.at_the_end_of_time
                0x000000001000d320        0x8 CMakeFiles/hw9.dir/home/laehon/pico/pico-sdk/src/common/pico_time/time.c.obj
                0x000000001000d320                at_the_end_of_time
 .rodata.update_us_since_boot.str1.4
                0x000000001000d328       0x61 CMakeFiles/hw9.dir/home/laehon/pico/pico-sdk/src/rp2_common/hardware_timer/timer.c.obj
 .rodata.hardware_alarm_claim.str1.4
                0x000000001000d328       0x22 CMakeFiles/hw9.dir/home/laehon/pico/pico-sdk/src/rp2_common/hardware_timer/timer.c.obj
 *fill*         0x000000001000d34a        0x2 
 .rodata.hardware_alarm_set_target.str1.4
                0x000000001000d34c       0x65 CMakeFiles/hw9.dir/home/laehon/pico/pico-sdk/src/rp2_common/hardware_timer/timer.c.obj
 *fill*         0x000000001000d3b1        0x3 
 .rodata.__func__.0
                0x000000001000d3b4       0x1a CMakeFiles/hw9.dir/home/laehon/pico/pico-sdk/src/rp2_common/hardware_timer/timer.c.obj
 *fill*         0x000000001000d3ce        0x2 
 .rodata.__func__.1
                0x000000001000d3d0       0x15 CMakeFiles/hw9.dir/home/laehon/pico/pico-sdk/src/rp2_common/hardware_timer/timer.c.obj
 .rodata.ph_get_node.str1.4