Archive member included to satisfy reference by file (symbol)

/usr/lib/gcc/arm-none-eabi/12.2.1/thumb/v6-m/nofp/libgcc.a(_dvmd_tls.o)
                              CMakeFiles/hw3.dir/home/laehon/pico/pico-sdk/src/rp2_common/pico_divider/divider.S.obj (__aeabi_idiv0)
/usr/lib/gcc/arm-none-eabi/12.2.1/../../../arm-none-eabi/lib/thumb/v6-m/nofp/libg.a(lib_a-atexit.o)
                              /usr/lib/gcc/arm-none-eabi/12.2.1/../../../arm-none-eabi/lib/thumb/v6-m/nofp/crt0.o (atexit)
/usr/lib/gcc/arm-none-eabi/12.2.1/../../../arm-none-eabi/lib/thumb/v6-m/nofp/libg.a(lib_a-calloc.o)
                              CMakeFiles/hw3.dir/home/laehon/pico/pico-sdk/src/rp2_common/pico_malloc/pico_malloc.c.obj (calloc)
/usr/lib/gcc/arm-none-eabi/12.2.1/../../../arm-none-eabi/lib/thumb/v6-m/nofp/libg.a(lib_a-callocr.o)
                              /usr/lib/gcc/arm-none-eabi/12.2.1/../../../arm-none-eabi/lib/thumb/v6-m/nofp/libg.a(lib_a-calloc.o) (_calloc_r)
/usr/lib/gcc/arm-none-eabi/12.2.1/../../../arm-none-eabi/lib/thumb/v6-m/nofp/libg.a(lib_a-fini.o)
                              /usr/lib/gcc/arm-none-eabi/12.2.1/../../../arm-none-eabi/lib/thumb/v6-m/nofp/crt0.o (__libc_fini_array)
/usr/lib/gcc/arm-none-eabi/12.2.1/../../../arm-none-eabi/lib/thumb/v6-m/nofp/libg.a(lib_a-impure.o)
                              /usr/lib/gcc/arm-none-eabi/12.2.1/../../../arm-none-eabi/lib/thumb/v6-m/nofp/libg.a(lib_a-calloc.o) (_impure_ptr)
/usr/lib/gcc/arm-none-eabi/12.2.1/../../../arm-none-eabi/lib/thumb/v6-m/nofp/libg.a(lib_a-init.o)
                              /usr/lib/gcc/arm-none-eabi/12.2.1/../../../arm-none-eabi/lib/thumb/v6-m/nofp/crt0.o (__libc_init_array)
/usr/lib/gcc/arm-none-eabi/12.2.1/../../../arm-none-eabi/lib/thumb/v6-m/nofp/libg.a(lib_a-malloc.o)
                              CMakeFiles/hw3.dir/home/laehon/pico/pico-sdk/src/rp2_common/pico_malloc/pico_malloc.c.obj (malloc)
/usr/lib/gcc/arm-none-eabi/12.2.1/../../../arm-none-eabi/lib/thumb/v6-m/nofp/libg.a(lib_a-mallocr.o)
                              /usr/lib/gcc/arm-none-eabi/12.2.1/../../../arm-none-eabi/lib/thumb/v6-m/nofp/libg.a(lib_a-callocr.o) (_malloc_r)
/usr/lib/gcc/arm-none-eabi/12.2.1/../../../arm-none-eabi/lib/thumb/v6-m/nofp/libg.a(lib_a-mlock.o)
                              /usr/lib/gcc/arm-none-eabi/12.2.1/../../../arm-none-eabi/lib/thumb/v6-m/nofp/libg.a(lib_a-mallocr.o) (__malloc_lock)
/usr/lib/gcc/arm-none-eabi/12.2.1/../../../arm-none-eabi/lib/thumb/v6-m/nofp/libg.a(lib_a-realloc.o)
                              CMakeFiles/hw3.dir/home/laehon/pico/pico-sdk/src/rp2_common/pico_malloc/pico_malloc.c.obj (realloc)
/usr/lib/gcc/arm-none-eabi/12.2.1/../../../arm-none-eabi/lib/thumb/v6-m/nofp/libg.a(lib_a-reallocr.o)
                              /usr/lib/gcc/arm-none-eabi/12.2.1/../../../arm-none-eabi/lib/thumb/v6-m/nofp/libg.a(lib_a-realloc.o) (_realloc_r)
/usr/lib/gcc/arm-none-eabi/12.2.1/../../../arm-none-eabi/lib/thumb/v6-m/nofp/libg.a(lib_a-sbrkr.o)
                              /usr/lib/gcc/arm-none-eabi/12.2.1/../../../arm-none-eabi/lib/thumb/v6-m/nofp/libg.a(lib_a-mallocr.o) (_sbrk_r)
/usr/lib/gcc/arm-none-eabi/12.2.1/../../../arm-none-eabi/lib/thumb/v6-m/nofp/libg.a(lib_a-scanf.o)
                              CMakeFiles/hw3.dir/hw3.c.obj (scanf)
/usr/lib/gcc/arm-none-eabi/12.2.1/../../../arm-none-eabi/lib/thumb/v6-m/nofp/libg.a(lib_a-strlen-stub.o)
                              CMakeFiles/hw3.dir/home/laehon/pico/pico-sdk/src/rp2_common/pico_stdio/stdio.c.obj (strlen)
/usr/lib/gcc/arm-none-eabi/12.2.1/../../../arm-none-eabi/lib/thumb/v6-m/nofp/libg.a(lib_a-vfscanf.o)
                              /usr/lib/gcc/arm-none-eabi/12.2.1/../../../arm-none-eabi/lib/thumb/v6-m/nofp/libg.a(lib_a-scanf.o) (_vfscanf_r)
/usr/lib/gcc/arm-none-eabi/12.2.1/../../../arm-none-eabi/lib/thumb/v6-m/nofp/libg.a(lib_a-__atexit.o)
                              /usr/lib/gcc/arm-none-eabi/12.2.1/../../../arm-none-eabi/lib/thumb/v6-m/nofp/libg.a(lib_a-atexit.o) (__register_exitproc)
/usr/lib/gcc/arm-none-eabi/12.2.1/../../../arm-none-eabi/lib/thumb/v6-m/nofp/libg.a(lib_a-ctype_.o)
                              /usr/lib/gcc/arm-none-eabi/12.2.1/../../../arm-none-eabi/lib/thumb/v6-m/nofp/libg.a(lib_a-vfscanf.o) (_ctype_)
/usr/lib/gcc/arm-none-eabi/12.2.1/../../../arm-none-eabi/lib/thumb/v6-m/nofp/libg.a(lib_a-findfp.o)
                              /usr/lib/gcc/arm-none-eabi/12.2.1/../../../arm-none-eabi/lib/thumb/v6-m/nofp/libg.a(lib_a-vfscanf.o) (__sinit)
/usr/lib/gcc/arm-none-eabi/12.2.1/../../../arm-none-eabi/lib/thumb/v6-m/nofp/libg.a(lib_a-fread.o)
                              /usr/lib/gcc/arm-none-eabi/12.2.1/../../../arm-none-eabi/lib/thumb/v6-m/nofp/libg.a(lib_a-vfscanf.o) (_fread_r)
/usr/lib/gcc/arm-none-eabi/12.2.1/../../../arm-none-eabi/lib/thumb/v6-m/nofp/libg.a(lib_a-freer.o)
                              /usr/lib/gcc/arm-none-eabi/12.2.1/../../../arm-none-eabi/lib/thumb/v6-m/nofp/libg.a(lib_a-malloc.o) (_free_r)
[...]
Memory Configuration

Name             Origin             Length             Attributes
FLASH            0x0000000010000000 0x0000000000200000 xr
RAM              0x0000000020000000 0x0000000000040000 xrw
SCRATCH_X        0x0000000020040000 0x0000000000001000 xrw
SCRATCH_Y        0x0000000020041000 0x0000000000001000 xrw
*default*        0x0000000000000000 0xffffffffffffffff

Linker script and memory map

LOAD /usr/lib/gcc/arm-none-eabi/12.2.1/thumb/v6-m/nofp/crti.o
LOAD /usr/lib/gcc/arm-none-eabi/12.2.1/thumb/v6-m/nofp/crtbegin.o
LOAD /usr/lib/gcc/arm-none-eabi/12.2.1/../../../arm-none-eabi/lib/thumb/v6-m/nofp/crt0.o

.flash_begin    0x0000000010000000        0x0
                0x0000000010000000                __flash_binary_start = .

.boot2          0x0000000010000000      0x100
                0x0000000010000000                __boot2_start__ = .
 *(.boot2)
 .boot2         0x0000000010000000      0x100 /tmp/ccxwJx6f.o
                0x0000000010000100                __boot2_end__ = .
                0x0000000000000001                ASSERT (((__boot2_end__ - __boot2_start__) == 0x100), ERROR: Pico second stage bootloader must be 256 bytes in size)

.text           0x0000000010000100     0xc8d0
                0x0000000010000100                __logical_binary_start = .
 *(.vectors)
 .vectors       0x0000000010000100       0xd4 CMakeFiles/hw3.dir/home/laehon/pico/pico-sdk/src/rp2_common/pico_standard_link/crt0.S.obj
                0x0000000010000100                __vectors
                0x0000000010000100                __VECTOR_TABLE
                0x00000000100001c0                isr_invalid
                0x00000000100001c0                __default_isrs_start
                0x00000000100001c2                isr_nmi
                0x00000000100001c4                isr_hardfault
                0x00000000100001c6                isr_svcall
                0x00000000100001c8                isr_pendsv
                0x00000000100001ca                isr_systick
                0x00000000100001cc                isr_irq30
                0x00000000100001cc                __unhandled_user_irq
                0x00000000100001cc                isr_irq13
                0x00000000100001cc                isr_irq27
                0x00000000100001cc                isr_irq31
                0x00000000100001cc                isr_irq5
                0x00000000100001cc                isr_irq11
                0x00000000100001cc                isr_irq23
                0x00000000100001cc                isr_irq18
                0x00000000100001cc                isr_irq28
                0x00000000100001cc                isr_irq19
                0x00000000100001cc                isr_irq0
                0x00000000100001cc                isr_irq6
                0x00000000100001cc                isr_irq22
                0x00000000100001cc                isr_irq17
                0x00000000100001cc                isr_irq14
                0x00000000100001cc                isr_irq2
                0x00000000100001cc                isr_irq10
                0x00000000100001cc                isr_irq8
                0x00000000100001cc                isr_irq24
                0x00000000100001cc                isr_irq1
                0x00000000100001cc                isr_irq7
                0x00000000100001cc                isr_irq21
                0x00000000100001cc                isr_irq20
                0x00000000100001cc                isr_irq15
                0x00000000100001cc                isr_irq25
                0x00000000100001cc                isr_irq4
                0x00000000100001cc                isr_irq16
                0x00000000100001cc                isr_irq29
                0x00000000100001cc                isr_irq26
                0x00000000100001cc                __default_isrs_end
                0x00000000100001cc                isr_irq3
                0x00000000100001cc                isr_irq12
                0x00000000100001cc                isr_irq9
                0x00000000100001d2                unhandled_user_irq_num_in_r0
 *(.binary_info_header)
 .binary_info_header
                0x00000000100001d4       0x14 CMakeFiles/hw3.dir/home/laehon/pico/pico-sdk/src/rp2_common/pico_standard_link/crt0.S.obj
                0x00000000100001e8                __binary_info_header_end = .
 *(.reset)
 .reset         0x00000000100001e8       0xa0 CMakeFiles/hw3.dir/home/laehon/pico/pico-sdk/src/rp2_common/pico_standard_link/crt0.S.obj
                0x00000000100001e8                _entry_point
 .reset         0x0000000010000288       0x30 CMakeFiles/hw3.dir/home/laehon/pico/pico-sdk/src/rp2_common/pico_standard_link/binary_info.c.obj
 *(.init)
 .init          0x00000000100002b8        0x4 /usr/lib/gcc/arm-none-eabi/12.2.1/thumb/v6-m/nofp/crti.o
                0x00000000100002b8                _init
 *(EXCLUDE_FILE(*libm.a: *libc.a:*lib_a-mem*.o *libgcc.a:) .text*)
 .text          0x00000000100002bc       0x98 /usr/lib/gcc/arm-none-eabi/12.2.1/thumb/v6-m/nofp/crtbegin.o
 .text.adc_gpio_init
                0x0000000010000354       0x1e CMakeFiles/hw3.dir/hw3.c.obj
 *fill*         0x0000000010000372        0x2 
 .text.main     0x0000000010000374       0xdc CMakeFiles/hw3.dir/hw3.c.obj
                0x0000000010000374                main
 .text.gpio_set_function
                0x0000000010000450       0x30 CMakeFiles/hw3.dir/home/laehon/pico/pico-sdk/src/rp2_common/hardware_gpio/gpio.c.obj
                0x0000000010000450                gpio_set_function
 .text.gpio_set_pulls
                0x0000000010000480       0x34 CMakeFiles/hw3.dir/home/laehon/pico/pico-sdk/src/rp2_common/hardware_gpio/gpio.c.obj
                0x0000000010000480                gpio_set_pulls
 .text.gpio_set_input_enabled
                0x00000000100004b4       0x30 CMakeFiles/hw3.dir/home/laehon/pico/pico-sdk/src/rp2_common/hardware_gpio/gpio.c.obj
                0x00000000100004b4                gpio_set_input_enabled
 .text.gpio_init
                0x00000000100004e4       0x16 CMakeFiles/hw3.dir/home/laehon/pico/pico-sdk/src/rp2_common/hardware_gpio/gpio.c.obj
                0x00000000100004e4                gpio_init
 *fill*         0x00000000100004fa        0x2 
 .text.running_on_fpga
                0x00000000100004fc       0x14 CMakeFiles/hw3.dir/home/laehon/pico/pico-sdk/src/rp2_common/pico_platform/platform.c.obj
                0x00000000100004fc                running_on_fpga
 .text.hw_claim_lock
                0x0000000010000510       0x18 CMakeFiles/hw3.dir/home/laehon/pico/pico-sdk/src/rp2_common/hardware_claim/claim.c.obj
                0x0000000010000510                hw_claim_lock
 .text.hw_claim_unlock
                0x0000000010000528       0x14 CMakeFiles/hw3.dir/home/laehon/pico/pico-sdk/src/rp2_common/hardware_claim/claim.c.obj
                0x0000000010000528                hw_claim_unlock
 .text.hw_claim_or_assert
                0x000000001000053c       0x32 CMakeFiles/hw3.dir/home/laehon/pico/pico-sdk/src/rp2_common/hardware_claim/claim.c.obj
                0x000000001000053c                hw_claim_or_assert
 .text.hw_claim_unused_from_range
                0x000000001000056e       0x50 CMakeFiles/hw3.dir/home/laehon/pico/pico-sdk/src/rp2_common/hardware_claim/claim.c.obj
                0x000000001000056e                hw_claim_unused_from_range
 *fill*         0x00000000100005be        0x2 
 .text.spin_locks_reset
                0x00000000100005c0       0x20 CMakeFiles/hw3.dir/home/laehon/pico/pico-sdk/src/rp2_common/hardware_sync/sync.c.obj
                0x00000000100005c0                spin_locks_reset
 .text.next_striped_spin_lock_num
                0x00000000100005e0       0x1c CMakeFiles/hw3.dir/home/laehon/pico/pico-sdk/src/rp2_common/hardware_sync/sync.c.obj
                0x00000000100005e0                next_striped_spin_lock_num
 .text.spin_lock_claim_unused
                0x00000000100005fc       0x24 CMakeFiles/hw3.dir/home/laehon/pico/pico-sdk/src/rp2_common/hardware_sync/sync.c.obj
                0x00000000100005fc                spin_lock_claim_unused
 .text.set_raw_irq_handler_and_unlock
                0x0000000010000620       0x28 CMakeFiles/hw3.dir/home/laehon/pico/pico-sdk/src/rp2_common/hardware_irq/irq.c.obj
 .text.resolve_branch
                0x0000000010000648       0x30 CMakeFiles/hw3.dir/home/laehon/pico/pico-sdk/src/rp2_common/hardware_irq/irq.c.obj
 .text.make_branch
                0x0000000010000678       0x48 CMakeFiles/hw3.dir/home/laehon/pico/pico-sdk/src/rp2_common/hardware_irq/irq.c.obj
 .text.insert_branch_and_link
                0x00000000100006c0       0x40 CMakeFiles/hw3.dir/home/laehon/pico/pico-sdk/src/rp2_common/hardware_irq/irq.c.obj
 .text.irq_is_enabled
                0x0000000010000700       0x18 CMakeFiles/hw3.dir/home/laehon/pico/pico-sdk/src/rp2_common/hardware_irq/irq.c.obj
                0x0000000010000700                irq_is_enabled
 .text.irq_set_mask_enabled
                0x0000000010000718       0x20 CMakeFiles/hw3.dir/home/laehon/pico/pico-sdk/src/rp2_common/hardware_irq/irq.c.obj
                0x0000000010000718                irq_set_mask_enabled
 .text.irq_set_enabled
                0x0000000010000738        0xe CMakeFiles/hw3.dir/home/laehon/pico/pico-sdk/src/rp2_common/hardware_irq/irq.c.obj
                0x0000000010000738                irq_set_enabled
 *fill*         0x0000000010000746        0x2 
 .text.irq_set_pending
                0x0000000010000748       0x10 CMakeFiles/hw3.dir/home/laehon/pico/pico-sdk/src/rp2_common/hardware_irq/irq.c.obj
                0x0000000010000748                irq_set_pending
 .text.irq_get_vtable_handler
                0x0000000010000758       0x10 CMakeFiles/hw3.dir/home/laehon/pico/pico-sdk/src/rp2_common/hardware_irq/irq.c.obj
                0x0000000010000758                irq_get_vtable_handler
 .text.irq_has_shared_handler
                0x0000000010000768       0x24 CMakeFiles/hw3.dir/home/laehon/pico/pico-sdk/src/rp2_common/hardware_irq/irq.c.obj
                0x0000000010000768                irq_has_shared_handler
 .text.irq_set_exclusive_handler
                0x000000001000078c       0x54 CMakeFiles/hw3.dir/home/laehon/pico/pico-sdk/src/rp2_common/hardware_irq/irq.c.obj
                0x000000001000078c                irq_set_exclusive_handler
 .text.irq_add_shared_handler
                0x00000000100007e0      0x210 CMakeFiles/hw3.dir/home/laehon/pico/pico-sdk/src/rp2_common/hardware_irq/irq.c.obj
                0x00000000100007e0                irq_add_shared_handler
 .text.irq_remove_handler
                0x00000000100009f0      0x188 CMakeFiles/hw3.dir/home/laehon/pico/pico-sdk/src/rp2_common/hardware_irq/irq.c.obj
                0x00000000100009f0                irq_remove_handler
 .text.irq_add_tail_to_free_list
                0x0000000010000b78       0xf0 CMakeFiles/hw3.dir/home/laehon/pico/pico-sdk/src/rp2_common/hardware_irq/irq.c.obj
                0x0000000010000b78                irq_add_tail_to_free_list
 .text.irq_init_priorities
                0x0000000010000c68       0x1c CMakeFiles/hw3.dir/home/laehon/pico/pico-sdk/src/rp2_common/hardware_irq/irq.c.obj
                0x0000000010000c68                irq_init_priorities
 .text.user_irq_claim_unused
                0x0000000010000c84       0x2c CMakeFiles/hw3.dir/home/laehon/pico/pico-sdk/src/rp2_common/hardware_irq/irq.c.obj
                0x0000000010000c84                user_irq_claim_unused
 .text.lock_init
                0x0000000010000cb0       0x10 CMakeFiles/hw3.dir/home/laehon/pico/pico-sdk/src/common/pico_sync/lock_core.c.obj
                0x0000000010000cb0                lock_init
 .text.update_us_since_boot
                0x0000000010000cc0       0x24 CMakeFiles/hw3.dir/home/laehon/pico/pico-sdk/src/common/pico_sync/mutex.c.obj
 .text.delayed_by_ms
                0x0000000010000ce4       0x44 CMakeFiles/hw3.dir/home/laehon/pico/pico-sdk/src/common/pico_sync/mutex.c.obj
 .text.get_absolute_time
                0x0000000010000d28       0x22 CMakeFiles/hw3.dir/home/laehon/pico/pico-sdk/src/common/pico_sync/mutex.c.obj
 .text.make_timeout_time_ms
                0x0000000010000d4a       0x20 CMakeFiles/hw3.dir/home/laehon/pico/pico-sdk/src/common/pico_sync/mutex.c.obj
 .text.mutex_init
                0x0000000010000d6a       0x1a CMakeFiles/hw3.dir/home/laehon/pico/pico-sdk/src/common/pico_sync/mutex.c.obj
                0x0000000010000d6a                mutex_init
 .text.recursive_mutex_init
                0x0000000010000d84       0x1e CMakeFiles/hw3.dir/home/laehon/pico/pico-sdk/src/common/pico_sync/mutex.c.obj
                0x0000000010000d84                recursive_mutex_init
 *fill*         0x0000000010000da2        0x2 
 .text.critical_section_init_with_lock_num
                0x0000000010000da4       0x14 CMakeFiles/hw3.dir/home/laehon/pico/pico-sdk/src/common/pico_sync/critical_section.c.obj
                0x0000000010000da4                critical_section_init_with_lock_num
 .text.critical_section_init
                0x0000000010000db8       0x14 CMakeFiles/hw3.dir/home/laehon/pico/pico-sdk/src/common/pico_sync/critical_section.c.obj
                0x0000000010000db8                critical_section_init
 .text.time_reached
                0x0000000010000dcc       0x28 CMakeFiles/hw3.dir/home/laehon/pico/pico-sdk/src/common/pico_time/time.c.obj
 .text.get_entry
                0x0000000010000df4       0x38 CMakeFiles/hw3.dir/home/laehon/pico/pico-sdk/src/common/pico_time/time.c.obj
 .text.timer_pool_entry_comparator
                0x0000000010000e2c       0x2e CMakeFiles/hw3.dir/home/laehon/pico/pico-sdk/src/common/pico_time/time.c.obj
                0x0000000010000e2c                timer_pool_entry_comparator
 *fill*         0x0000000010000e5a        0x2 
 .text.update_us_since_boot
                0x0000000010000e5c       0x24 CMakeFiles/hw3.dir/home/laehon/pico/pico-sdk/src/common/pico_time/time.c.obj
 .text.delayed_by_us
                0x0000000010000e80       0x34 CMakeFiles/hw3.dir/home/laehon/pico/pico-sdk/src/common/pico_time/time.c.obj
 .text.ph_get_node
                0x0000000010000eb4       0x30 CMakeFiles/hw3.dir/home/laehon/pico/pico-sdk/src/common/pico_time/time.c.obj
 .text.ph_contains_node
                0x0000000010000ee4       0x1e CMakeFiles/hw3.dir/home/laehon/pico/pico-sdk/src/common/pico_time/time.c.obj
 .text.ph_new_node
                0x0000000010000f02       0x28 CMakeFiles/hw3.dir/home/laehon/pico/pico-sdk/src/common/pico_time/time.c.obj
 *fill*         0x0000000010000f2a        0x2 
 .text.ph_add_child_node
                0x0000000010000f2c       0x6c CMakeFiles/hw3.dir/home/laehon/pico/pico-sdk/src/common/pico_time/time.c.obj
 .text.ph_merge_nodes
                0x0000000010000f98       0x3e CMakeFiles/hw3.dir/home/laehon/pico/pico-sdk/src/common/pico_time/time.c.obj
 *fill*         0x0000000010000fd6        0x2 
 .text.ph_insert_node
                0x0000000010000fd8       0x3c CMakeFiles/hw3.dir/home/laehon/pico/pico-sdk/src/common/pico_time/time.c.obj
 .text.ph_free_node
                0x0000000010001014       0x5c CMakeFiles/hw3.dir/home/laehon/pico/pico-sdk/src/common/pico_time/time.c.obj
 .text.get_entry_id_high
                0x0000000010001070       0x30 CMakeFiles/hw3.dir/home/laehon/pico/pico-sdk/src/common/pico_time/time.c.obj
 .text.alarm_pool_post_alloc_init
                0x00000000100010a0       0x40 CMakeFiles/hw3.dir/home/laehon/pico/pico-sdk/src/common/pico_time/time.c.obj
 .text.sleep_until_callback
                0x00000000100010e0       0x30 CMakeFiles/hw3.dir/home/laehon/pico/pico-sdk/src/common/pico_time/time.c.obj
 .text.get_absolute_time
                0x0000000010001110       0x22 CMakeFiles/hw3.dir/home/laehon/pico/pico-sdk/src/common/pico_time/time.c.obj
 .text.make_timeout_time_us
                0x0000000010001132       0x24 CMakeFiles/hw3.dir/home/laehon/pico/pico-sdk/src/common/pico_time/time.c.obj
 *fill*         0x0000000010001156        0x2 
 .text.add_alarm_under_lock
                0x0000000010001158       0x94 CMakeFiles/hw3.dir/home/laehon/pico/pico-sdk/src/common/pico_time/time.c.obj
 .text.alarm_pool_alarm_callback
                0x00000000100011ec      0x210 CMakeFiles/hw3.dir/home/laehon/pico/pico-sdk/src/common/pico_time/time.c.obj
 .text.alarm_pool_init_default
                0x00000000100013fc       0x40 CMakeFiles/hw3.dir/home/laehon/pico/pico-sdk/src/common/pico_time/time.c.obj
                0x00000000100013fc                alarm_pool_init_default
 .text.alarm_pool_get_default
                0x000000001000143c       0x2c CMakeFiles/hw3.dir/home/laehon/pico/pico-sdk/src/common/pico_time/time.c.obj
                0x000000001000143c                alarm_pool_get_default
 .text.alarm_pool_add_alarm_at
                0x0000000010001468      0x10e CMakeFiles/hw3.dir/home/laehon/pico/pico-sdk/src/common/pico_time/time.c.obj
                0x0000000010001468                alarm_pool_add_alarm_at
 .text.add_alarm_at
                0x0000000010001576       0x2e CMakeFiles/hw3.dir/home/laehon/pico/pico-sdk/src/common/pico_time/time.c.obj
 .text.alarm_pool_cancel_alarm
                0x00000000100015a4       0xa8 CMakeFiles/hw3.dir/home/laehon/pico/pico-sdk/src/common/pico_time/time.c.obj
                0x00000000100015a4                alarm_pool_cancel_alarm
 .text.cancel_alarm
                0x000000001000164c       0x10 CMakeFiles/hw3.dir/home/laehon/pico/pico-sdk/src/common/pico_time/time.c.obj
 .text.alarm_pool_core_num
                0x000000001000165c        0x4 CMakeFiles/hw3.dir/home/laehon/pico/pico-sdk/src/common/pico_time/time.c.obj
                0x000000001000165c                alarm_pool_core_num
 .text.sleep_until
                0x0000000010001660       0xb0 CMakeFiles/hw3.dir/home/laehon/pico/pico-sdk/src/common/pico_time/time.c.obj
                0x0000000010001660                sleep_until
 .text.sleep_us
                0x0000000010001710       0x1a CMakeFiles/hw3.dir/home/laehon/pico/pico-sdk/src/common/pico_time/time.c.obj
                0x0000000010001710                sleep_us
 .text.sleep_ms
                0x000000001000172a       0x14 CMakeFiles/hw3.dir/home/laehon/pico/pico-sdk/src/common/pico_time/time.c.obj
                0x000000001000172a                sleep_ms
 *fill*         0x000000001000173e        0x2 
 .text.best_effort_wfe_or_timeout
                0x0000000010001740       0x44 CMakeFiles/hw3.dir/home/laehon/pico/pico-sdk/src/common/pico_time/time.c.obj
                0x0000000010001740                best_effort_wfe_or_timeout
 .text.update_us_since_boot
                0x0000000010001784       0x24 CMakeFiles/hw3.dir/home/laehon/pico/pico-sdk/src/rp2_common/hardware_timer/timer.c.obj
 .text.hardware_alarm_irq_handler
                0x00000000100017a8       0x8c CMakeFiles/hw3.dir/home/laehon/pico/pico-sdk/src/rp2_common/hardware_timer/timer.c.obj
 .text.hardware_alarm_claim
                0x0000000010001834       0x18 CMakeFiles/hw3.dir/home/laehon/pico/pico-sdk/src/rp2_common/hardware_timer/timer.c.obj
                0x0000000010001834                hardware_alarm_claim
 .text.time_us_64
                0x000000001000184c       0x18 CMakeFiles/hw3.dir/home/laehon/pico/pico-sdk/src/rp2_common/hardware_timer/timer.c.obj
                0x000000001000184c                time_us_64
 .text.busy_wait_until
                0x0000000010001864       0x28 CMakeFiles/hw3.dir/home/laehon/pico/pico-sdk/src/rp2_common/hardware_timer/timer.c.obj
                0x0000000010001864                busy_wait_until
 .text.busy_wait_us
                0x000000001000188c       0x3a CMakeFiles/hw3.dir/home/laehon/pico/pico-sdk/src/rp2_common/hardware_timer/timer.c.obj
                0x000000001000188c                busy_wait_us
 *fill*         0x00000000100018c6        0x2 
 .text.hardware_alarm_set_callback
                0x00000000100018c8       0x90 CMakeFiles/hw3.dir/home/laehon/pico/pico-sdk/src/rp2_common/hardware_timer/timer.c.obj
                0x00000000100018c8                hardware_alarm_set_callback
 .text.hardware_alarm_set_target
                0x0000000010001958       0xe8 CMakeFiles/hw3.dir/home/laehon/pico/pico-sdk/src/rp2_common/hardware_timer/timer.c.obj
                0x0000000010001958                hardware_alarm_set_target
 .text.hardware_alarm_cancel
                0x0000000010001a40       0x40 CMakeFiles/hw3.dir/home/laehon/pico/pico-sdk/src/rp2_common/hardware_timer/timer.c.obj
                0x0000000010001a40                hardware_alarm_cancel
 .text.ph_get_node
                0x0000000010001a80       0x30 CMakeFiles/hw3.dir/home/laehon/pico/pico-sdk/src/common/pico_util/pheap.c.obj
 .text.ph_add_child_node
                0x0000000010001ab0       0x6c CMakeFiles/hw3.dir/home/laehon/pico/pico-sdk/src/common/pico_util/pheap.c.obj
 .text.ph_merge_nodes
                0x0000000010001b1c       0x3e CMakeFiles/hw3.dir/home/laehon/pico/pico-sdk/src/common/pico_util/pheap.c.obj
 .text.ph_clear
                0x0000000010001b5a       0x34 CMakeFiles/hw3.dir/home/laehon/pico/pico-sdk/src/common/pico_util/pheap.c.obj
                0x0000000010001b5a                ph_clear
 .text.ph_post_alloc_init
                0x0000000010001b8e        0xe CMakeFiles/hw3.dir/home/laehon/pico/pico-sdk/src/common/pico_util/pheap.c.obj
                0x0000000010001b8e                ph_post_alloc_init
 .text.ph_merge_two_pass
                0x0000000010001b9c       0x5c CMakeFiles/hw3.dir/home/laehon/pico/pico-sdk/src/common/pico_util/pheap.c.obj
                0x0000000010001b9c                ph_merge_two_pass
 .text.ph_remove_any_head
                0x0000000010001bf8       0xc0 CMakeFiles/hw3.dir/home/laehon/pico/pico-sdk/src/common/pico_util/pheap.c.obj
 .text.ph_remove_head
                0x0000000010001cb8       0x14 CMakeFiles/hw3.dir/home/laehon/pico/pico-sdk/src/common/pico_util/pheap.c.obj
                0x0000000010001cb8                ph_remove_head
 .text.ph_remove_and_free_node
                0x0000000010001ccc       0xa0 CMakeFiles/hw3.dir/home/laehon/pico/pico-sdk/src/common/pico_util/pheap.c.obj
                0x0000000010001ccc                ph_remove_and_free_node
 .text.clock_configure
                0x0000000010001d6c      0x108 CMakeFiles/hw3.dir/home/laehon/pico/pico-sdk/src/rp2_common/hardware_clocks/clocks.c.obj
                0x0000000010001d6c                clock_configure
 .text.clocks_init
                0x0000000010001e74      0x100 CMakeFiles/hw3.dir/home/laehon/pico/pico-sdk/src/rp2_common/hardware_clocks/clocks.c.obj
                0x0000000010001e74                clocks_init
 .text.pll_init
                0x0000000010001f74      0x120 CMakeFiles/hw3.dir/home/laehon/pico/pico-sdk/src/rp2_common/hardware_pll/pll.c.obj
                0x0000000010001f74                pll_init
 .text.watchdog_start_tick
                0x0000000010002094       0x10 CMakeFiles/hw3.dir/home/laehon/pico/pico-sdk/src/rp2_common/hardware_watchdog/watchdog.c.obj
                0x0000000010002094                watchdog_start_tick
 .text.watchdog_update
                0x00000000100020a4       0x14 CMakeFiles/hw3.dir/home/laehon/pico/pico-sdk/src/rp2_common/hardware_watchdog/watchdog.c.obj
                0x00000000100020a4                watchdog_update
 .text._watchdog_enable
                0x00000000100020b8       0x78 CMakeFiles/hw3.dir/home/laehon/pico/pico-sdk/src/rp2_common/hardware_watchdog/watchdog.c.obj
                0x00000000100020b8                _watchdog_enable
 .text.watchdog_reboot
                0x0000000010002130       0x48 CMakeFiles/hw3.dir/home/laehon/pico/pico-sdk/src/rp2_common/hardware_watchdog/watchdog.c.obj
                0x0000000010002130                watchdog_reboot
 .text.xosc_init
                0x0000000010002178       0x28 CMakeFiles/hw3.dir/home/laehon/pico/pico-sdk/src/rp2_common/hardware_xosc/xosc.c.obj
                0x0000000010002178                xosc_init
 .text._exit    0x00000000100021a0        0x4 CMakeFiles/hw3.dir/home/laehon/pico/pico-sdk/src/rp2_common/pico_runtime/runtime.c.obj
                0x00000000100021a0                _exit
 .text._sbrk    0x00000000100021a4       0x38 CMakeFiles/hw3.dir/home/laehon/pico/pico-sdk/src/rp2_common/pico_runtime/runtime.c.obj
                0x00000000100021a4                _sbrk
 .text.exit     0x00000000100021dc        0x6 CMakeFiles/hw3.dir/home/laehon/pico/pico-sdk/src/rp2_common/pico_runtime/runtime.c.obj
                0x00000000100021dc                exit
 *fill*         0x00000000100021e2        0x2 
 .text.__assert_func
                0x00000000100021e4       0x38 CMakeFiles/hw3.dir/home/laehon/pico/pico-sdk/src/rp2_common/pico_runtime/runtime.c.obj
                0x00000000100021e4                __assert_func
 .text.runtime_init
                0x000000001000221c       0xf8 CMakeFiles/hw3.dir/home/laehon/pico/pico-sdk/src/rp2_common/pico_runtime/runtime.c.obj
                0x000000001000221c                runtime_init
 .text.panic    0x0000000010002314       0x30 CMakeFiles/hw3.dir/home/laehon/pico/pico-sdk/src/rp2_common/pico_runtime/runtime.c.obj
                0x0000000010002314                panic
 .text._out_buffer
                0x0000000010002344        0x8 CMakeFiles/hw3.dir/home/laehon/pico/pico-sdk/src/rp2_common/pico_printf/printf.c.obj
 .text._out_null
                0x000000001000234c        0x2 CMakeFiles/hw3.dir/home/laehon/pico/pico-sdk/src/rp2_common/pico_printf/printf.c.obj
 .text._out_fct
                0x000000001000234e        0xe CMakeFiles/hw3.dir/home/laehon/pico/pico-sdk/src/rp2_common/pico_printf/printf.c.obj
 .text._atoi    0x000000001000235c       0x24 CMakeFiles/hw3.dir/home/laehon/pico/pico-sdk/src/rp2_common/pico_printf/printf.c.obj
 .text._out_rev
                0x0000000010002380       0xae CMakeFiles/hw3.dir/home/laehon/pico/pico-sdk/src/rp2_common/pico_printf/printf.c.obj
 .text._ntoa_format
                0x000000001000242e      0x110 CMakeFiles/hw3.dir/home/laehon/pico/pico-sdk/src/rp2_common/pico_printf/printf.c.obj
 .text._ntoa_long
                0x000000001000253e       0xbc CMakeFiles/hw3.dir/home/laehon/pico/pico-sdk/src/rp2_common/pico_printf/printf.c.obj
 .text._ntoa_long_long
                0x00000000100025fa      0x10e CMakeFiles/hw3.dir/home/laehon/pico/pico-sdk/src/rp2_common/pico_printf/printf.c.obj
 .text._etoa    0x0000000010002708      0x420 CMakeFiles/hw3.dir/home/laehon/pico/pico-sdk/src/rp2_common/pico_printf/printf.c.obj
 .text._ftoa    0x0000000010002b28      0x354 CMakeFiles/hw3.dir/home/laehon/pico/pico-sdk/src/rp2_common/pico_printf/printf.c.obj
 .text._vsnprintf
                0x0000000010002e7c      0x65c CMakeFiles/hw3.dir/home/laehon/pico/pico-sdk/src/rp2_common/pico_printf/printf.c.obj
 .text.__wrap_sprintf
                0x00000000100034d8       0x2c CMakeFiles/hw3.dir/home/laehon/pico/pico-sdk/src/rp2_common/pico_printf/printf.c.obj
                0x00000000100034d8                __wrap_sprintf
 .text.vfctprintf
                0x0000000010003504       0x20 CMakeFiles/hw3.dir/home/laehon/pico/pico-sdk/src/rp2_common/pico_printf/printf.c.obj
                0x0000000010003504                vfctprintf
 .text          0x0000000010003524       0x10 CMakeFiles/hw3.dir/home/laehon/pico/pico-sdk/src/rp2_common/pico_bit_ops/bit_ops_aeabi.S.obj
 .text.rom_func_lookup
                0x0000000010003534       0x10 CMakeFiles/hw3.dir/home/laehon/pico/pico-sdk/src/rp2_common/pico_bootrom/bootrom.c.obj
                0x0000000010003534                rom_func_lookup
 .text.rom_data_lookup
                0x0000000010003544       0x10 CMakeFiles/hw3.dir/home/laehon/pico/pico-sdk/src/rp2_common/pico_bootrom/bootrom.c.obj
                0x0000000010003544                rom_data_lookup
 .text.rom_funcs_lookup
                0x0000000010003554       0x36 CMakeFiles/hw3.dir/home/laehon/pico/pico-sdk/src/rp2_common/pico_bootrom/bootrom.c.obj
                0x0000000010003554                rom_funcs_lookup
 *fill*         0x000000001000358a        0x2 
 .text.__wrap___aeabi_idiv
                0x000000001000358c       0x50 CMakeFiles/hw3.dir/home/laehon/pico/pico-sdk/src/rp2_common/pico_divider/divider.S.obj
                0x000000001000358c                __wrap___aeabi_idivmod
                0x000000001000358c                divmod_s32s32
                0x000000001000358c                div_s32s32
                0x000000001000358c                __wrap___aeabi_idiv
                0x0000000010003594                divmod_s32s32_unsafe
                0x00000000100035c0                divmod_s32s32_savestate
 .text.__wrap___aeabi_uidiv
                0x00000000100035dc       0x4c CMakeFiles/hw3.dir/home/laehon/pico/pico-sdk/src/rp2_common/pico_divider/divider.S.obj
                0x00000000100035dc                __wrap___aeabi_uidiv
                0x00000000100035dc                __wrap___aeabi_uidivmod
                0x00000000100035dc                div_u32u32
                0x00000000100035dc                divmod_u32u32
                0x00000000100035e4                divmod_u32u32_unsafe
                0x000000001000360c                divmod_u32u32_savestate
 .text.__wrap___aeabi_ldiv
                0x0000000010003628      0x424 CMakeFiles/hw3.dir/home/laehon/pico/pico-sdk/src/rp2_common/pico_divider/divider.S.obj
                0x0000000010003628                div_s64s64
                0x0000000010003628                divmod_s64s64
                0x0000000010003628                __wrap___aeabi_ldivmod
                0x0000000010003658                div_u64u64
                0x0000000010003658                divmod_u64u64
                0x0000000010003658                __wrap___aeabi_uldivmod
                0x0000000010003668                divmod_u64u64_savestate
                0x0000000010003688                divmod_s64s64_unsafe
                0x0000000010003710                divmod_u64u64_unsafe
 .text.__wrap___aeabi_darithmetic
                0x0000000010003a4c       0x80 CMakeFiles/hw3.dir/home/laehon/pico/pico-sdk/src/rp2_common/pico_double/double_aeabi.S.obj
                0x0000000010003a4c                __wrap___aeabi_drsub
                0x0000000010003a52                __wrap___aeabi_dsub
                0x0000000010003a64                __wrap___aeabi_dadd
                0x0000000010003a76                __wrap___aeabi_ddiv
                0x0000000010003ab2                __wrap___aeabi_dmul
 .text.__wrap___aeabi_cdcmple
                0x0000000010003acc       0x6c CMakeFiles/hw3.dir/home/laehon/pico/pico-sdk/src/rp2_common/pico_double/double_aeabi.S.obj
                0x0000000010003acc                __wrap___aeabi_cdrcmple
                0x0000000010003adc                __wrap___aeabi_cdcmple
                0x0000000010003adc                __wrap___aeabi_cdcmpeq
 .text.__wrap___aeabi_dcmpeq
                0x0000000010003b38       0x10 CMakeFiles/hw3.dir/home/laehon/pico/pico-sdk/src/rp2_common/pico_double/double_aeabi.S.obj
                0x0000000010003b38                __wrap___aeabi_dcmpeq
 .text.__wrap___aeabi_dcmplt
                0x0000000010003b48        0xc CMakeFiles/hw3.dir/home/laehon/pico/pico-sdk/src/rp2_common/pico_double/double_aeabi.S.obj
                0x0000000010003b48                __wrap___aeabi_dcmplt
 .text.__wrap___aeabi_dcmple
                0x0000000010003b54       0x10 CMakeFiles/hw3.dir/home/laehon/pico/pico-sdk/src/rp2_common/pico_double/double_aeabi.S.obj
                0x0000000010003b54                __wrap___aeabi_dcmple
 .text.__wrap___aeabi_dcmpge
                0x0000000010003b64       0x10 CMakeFiles/hw3.dir/home/laehon/pico/pico-sdk/src/rp2_common/pico_double/double_aeabi.S.obj
                0x0000000010003b64                __wrap___aeabi_dcmpge
 .text.__wrap___aeabi_dcmpgt
                0x0000000010003b74        0xa CMakeFiles/hw3.dir/home/laehon/pico/pico-sdk/src/rp2_common/pico_double/double_aeabi.S.obj
                0x0000000010003b74                __wrap___aeabi_dcmpgt
 .text.__wrap___aeabi_dcmpun
                0x0000000010003b7e       0x1c CMakeFiles/hw3.dir/home/laehon/pico/pico-sdk/src/rp2_common/pico_double/double_aeabi.S.obj
                0x0000000010003b7e                __wrap___aeabi_dcmpun
 *fill*         0x0000000010003b9a        0x2 
 .text.__wrap___aeabi_i2d
                0x0000000010003b9c       0x38 CMakeFiles/hw3.dir/home/laehon/pico/pico-sdk/src/rp2_common/pico_double/double_aeabi.S.obj
                0x0000000010003b9c                __wrap___aeabi_ui2d
                0x0000000010003ba4                __wrap___aeabi_i2d
 .text.__wrap___aeabi_d2iz
                0x0000000010003bd4       0x48 CMakeFiles/hw3.dir/home/laehon/pico/pico-sdk/src/rp2_common/pico_double/double_aeabi.S.obj
                0x0000000010003bd4                __wrap___aeabi_d2iz
                0x0000000010003bd4                double2int_z
 .text.__wrap___aeabi_d2uiz
                0x0000000010003c1c       0x18 CMakeFiles/hw3.dir/home/laehon/pico/pico-sdk/src/rp2_common/pico_double/double_aeabi.S.obj
                0x0000000010003c1c                double2uint
                0x0000000010003c1c                __wrap___aeabi_d2uiz
 .text.__wrap___aeabi_l2d
                0x0000000010003c34       0x18 CMakeFiles/hw3.dir/home/laehon/pico/pico-sdk/src/rp2_common/pico_double/double_aeabi.S.obj
                0x0000000010003c34                __wrap___aeabi_l2d
 .text.__wrap___aeabi_d2lz
                0x0000000010003c4c       0x26 CMakeFiles/hw3.dir/home/laehon/pico/pico-sdk/src/rp2_common/pico_double/double_aeabi.S.obj
                0x0000000010003c4c                __wrap___aeabi_d2lz
                0x0000000010003c4c                double2int64_z
 *fill*         0x0000000010003c72        0x2 
 .text.double2int64
                0x0000000010003c74       0x18 CMakeFiles/hw3.dir/home/laehon/pico/pico-sdk/src/rp2_common/pico_double/double_aeabi.S.obj
                0x0000000010003c74                double2int64
 .text.double2ufix64
                0x0000000010003c8c       0x18 CMakeFiles/hw3.dir/home/laehon/pico/pico-sdk/src/rp2_common/pico_double/double_aeabi.S.obj
                0x0000000010003c8c                double2ufix64
 .text.__wrap___aeabi_d2f
                0x0000000010003ca4       0x18 CMakeFiles/hw3.dir/home/laehon/pico/pico-sdk/src/rp2_common/pico_double/double_aeabi.S.obj
                0x0000000010003ca4                __wrap___aeabi_d2f
 .text.__aeabi_double_init
                0x0000000010003cbc       0xcc CMakeFiles/hw3.dir/home/laehon/pico/pico-sdk/src/rp2_common/pico_double/double_init_rom.c.obj
                0x0000000010003cbc                __aeabi_double_init
 .text.double_table_shim_on_use_helper
                0x0000000010003d88       0x34 CMakeFiles/hw3.dir/home/laehon/pico/pico-sdk/src/rp2_common/pico_double/double_v1_rom_shim.S.obj
                0x0000000010003d88                double_table_shim_on_use_helper
 .text.__wrap___aeabi_dsub
                0x0000000010003dbc       0x10 CMakeFiles/hw3.dir/home/laehon/pico/pico-sdk/src/rp2_common/pico_double/double_v1_rom_shim.S.obj
                0x0000000010003dbc                drsub_shim
                0x0000000010003dc2                dsub_shim
 .text.dadd_shim
                0x0000000010003dcc      0x15c CMakeFiles/hw3.dir/home/laehon/pico/pico-sdk/src/rp2_common/pico_double/double_v1_rom_shim.S.obj
                0x0000000010003dcc                dadd_shim
 .text.dmul_shim
                0x0000000010003f28      0x15c CMakeFiles/hw3.dir/home/laehon/pico/pico-sdk/src/rp2_common/pico_double/double_v1_rom_shim.S.obj
                0x0000000010003f28                dmul_shim
 .text.ddiv_shim
                0x0000000010004084      0x1b0 CMakeFiles/hw3.dir/home/laehon/pico/pico-sdk/src/rp2_common/pico_double/double_v1_rom_shim.S.obj
                0x0000000010004084                ddiv_shim
 .text.double2uint_shim
                0x0000000010004234        0xe CMakeFiles/hw3.dir/home/laehon/pico/pico-sdk/src/rp2_common/pico_double/double_v1_rom_shim.S.obj
                0x0000000010004234                double2uint_shim
                0x0000000010004236                double2ufix_shim
 .text.double2int64_shim
                0x0000000010004242       0x1a CMakeFiles/hw3.dir/home/laehon/pico/pico-sdk/src/rp2_common/pico_double/double_v1_rom_shim.S.obj
                0x0000000010004242                double2int64_shim
                0x0000000010004244                double2fix64_shim
 .text.double2uint64_shim
                0x000000001000425c       0x70 CMakeFiles/hw3.dir/home/laehon/pico/pico-sdk/src/rp2_common/pico_double/double_v1_rom_shim.S.obj
                0x000000001000425c                double2uint64_shim
                0x000000001000425e                double2ufix64_shim
                0x000000001000427e                d2fix_a
 .text.double2float_shim
                0x00000000100042cc       0x5c CMakeFiles/hw3.dir/home/laehon/pico/pico-sdk/src/rp2_common/pico_double/double_v1_rom_shim.S.obj
                0x00000000100042cc                double2float_shim
 .text.x2double_shims
                0x0000000010004328       0x90 CMakeFiles/hw3.dir/home/laehon/pico/pico-sdk/src/rp2_common/pico_double/double_v1_rom_shim.S.obj
                0x0000000010004328                uint2double_shim
                0x000000001000432a                ufix2double_shim
                0x0000000010004330                int2double_shim
                0x0000000010004332                fix2double_shim
                0x0000000010004338                uint642double_shim
                0x000000001000433a                ufix642double_shim
                0x0000000010004340                int642double_shim
                0x0000000010004342                fix642double_shim
 .text.dunpacks
                0x00000000100043b8       0x3c CMakeFiles/hw3.dir/home/laehon/pico/pico-sdk/src/rp2_common/pico_double/double_v1_rom_shim.S.obj
                0x00000000100043b8                dunpacks
 .text.__aeabi_lmul
                0x00000000100043f4       0x32 CMakeFiles/hw3.dir/home/laehon/pico/pico-sdk/src/rp2_common/pico_int64_ops/pico_int64_ops_aeabi.S.obj
                0x00000000100043f4                __wrap___aeabi_lmul
 *fill*         0x0000000010004426        0x2 
 .text.__wrap___aeabi_cfcmple
                0x0000000010004428       0x50 CMakeFiles/hw3.dir/home/laehon/pico/pico-sdk/src/rp2_common/pico_float/float_aeabi.S.obj
                0x0000000010004428                __wrap___aeabi_cfrcmple
                0x0000000010004434                __wrap___aeabi_cfcmpeq
                0x0000000010004434                __wrap___aeabi_cfcmple
 .text.__wrap___aeabi_fcmple
                0x0000000010004478       0x10 CMakeFiles/hw3.dir/home/laehon/pico/pico-sdk/src/rp2_common/pico_float/float_aeabi.S.obj
                0x0000000010004478                __wrap___aeabi_fcmple
 .text.__wrap___aeabi_fcmpun
                0x0000000010004488       0x18 CMakeFiles/hw3.dir/home/laehon/pico/pico-sdk/src/rp2_common/pico_float/float_aeabi.S.obj
                0x0000000010004488                __wrap___aeabi_fcmpun
 .text.__aeabi_float_init
                0x00000000100044a0       0xfc CMakeFiles/hw3.dir/home/laehon/pico/pico-sdk/src/rp2_common/pico_float/float_init_rom.c.obj
                0x00000000100044a0                __aeabi_float_init
 .text.float_table_shim_on_use_helper
                0x000000001000459c       0x34 CMakeFiles/hw3.dir/home/laehon/pico/pico-sdk/src/rp2_common/pico_float/float_v1_rom_shim.S.obj
                0x000000001000459c                float_table_shim_on_use_helper
 .text          0x00000000100045d0       0x10 CMakeFiles/hw3.dir/home/laehon/pico/pico-sdk/src/rp2_common/pico_mem_ops/mem_ops_aeabi.S.obj
                0x00000000100045d0                __aeabi_mem_init
 .text.memset   0x00000000100045e0        0xc CMakeFiles/hw3.dir/home/laehon/pico/pico-sdk/src/rp2_common/pico_mem_ops/mem_ops_aeabi.S.obj
                0x00000000100045e0                __wrap_memset
 .text.memcpy   0x00000000100045ec        0xc CMakeFiles/hw3.dir/home/laehon/pico/pico-sdk/src/rp2_common/pico_mem_ops/mem_ops_aeabi.S.obj
                0x00000000100045ec                __wrap___aeabi_memcpy
                0x00000000100045ec                __wrap_memcpy
 .text.time_reached
                0x00000000100045f8       0x28 CMakeFiles/hw3.dir/home/laehon/pico/pico-sdk/src/rp2_common/pico_stdio/stdio.c.obj
 .text.stdio_out_chars_no_crlf
                0x0000000010004620        0xe CMakeFiles/hw3.dir/home/laehon/pico/pico-sdk/src/rp2_common/pico_stdio/stdio.c.obj
 *fill*         0x000000001000462e        0x2 
 .text.stdio_out_chars_crlf
                0x0000000010004630       0x80 CMakeFiles/hw3.dir/home/laehon/pico/pico-sdk/src/rp2_common/pico_stdio/stdio.c.obj
 .text.stdio_stack_buffer_flush
                0x00000000100046b0       0x44 CMakeFiles/hw3.dir/home/laehon/pico/pico-sdk/src/rp2_common/pico_stdio/stdio.c.obj
 .text.stdio_buffered_printer
                0x00000000100046f4       0x20 CMakeFiles/hw3.dir/home/laehon/pico/pico-sdk/src/rp2_common/pico_stdio/stdio.c.obj
 .text.update_us_since_boot
                0x0000000010004714       0x24 CMakeFiles/hw3.dir/home/laehon/pico/pico-sdk/src/rp2_common/pico_stdio/stdio.c.obj
 .text.get_absolute_time
                0x0000000010004738       0x22 CMakeFiles/hw3.dir/home/laehon/pico/pico-sdk/src/rp2_common/pico_stdio/stdio.c.obj
 *fill*         0x000000001000475a        0x2 
 .text.delayed_by_ms
                0x000000001000475c       0x44 CMakeFiles/hw3.dir/home/laehon/pico/pico-sdk/src/rp2_common/pico_stdio/stdio.c.obj
 .text.make_timeout_time_ms
                0x00000000100047a0       0x20 CMakeFiles/hw3.dir/home/laehon/pico/pico-sdk/src/rp2_common/pico_stdio/stdio.c.obj
 .text.stdio_get_until
                0x00000000100047c0       0x64 CMakeFiles/hw3.dir/home/laehon/pico/pico-sdk/src/rp2_common/pico_stdio/stdio.c.obj
 .text.stdout_serialize_begin
                0x0000000010004824       0x20 CMakeFiles/hw3.dir/home/laehon/pico/pico-sdk/src/rp2_common/pico_stdio/stdio.c.obj
                0x0000000010004824                stdout_serialize_begin
 .text.stdout_serialize_end
                0x0000000010004844       0x10 CMakeFiles/hw3.dir/home/laehon/pico/pico-sdk/src/rp2_common/pico_stdio/stdio.c.obj
                0x0000000010004844                stdout_serialize_end
 .text.stdio_put_string
                0x0000000010004854       0x98 CMakeFiles/hw3.dir/home/laehon/pico/pico-sdk/src/rp2_common/pico_stdio/stdio.c.obj
 .text._read    0x00000000100048ec       0x24 CMakeFiles/hw3.dir/home/laehon/pico/pico-sdk/src/rp2_common/pico_stdio/stdio.c.obj
                0x00000000100048ec                _read
 .text._write   0x0000000010004910       0x22 CMakeFiles/hw3.dir/home/laehon/pico/pico-sdk/src/rp2_common/pico_stdio/stdio.c.obj
                0x0000000010004910                _write
 .text._close   0x0000000010004932        0x6 CMakeFiles/hw3.dir/home/laehon/pico/pico-sdk/src/rp2_common/pico_stdio/stdio.c.obj
                0x0000000010004932                _close
 .text._lseek   0x0000000010004938        0x6 CMakeFiles/hw3.dir/home/laehon/pico/pico-sdk/src/rp2_common/pico_stdio/stdio.c.obj
                0x0000000010004938                _lseek
 .text._fstat   0x000000001000493e        0x6 CMakeFiles/hw3.dir/home/laehon/pico/pico-sdk/src/rp2_common/pico_stdio/stdio.c.obj
                0x000000001000493e                _fstat
 .text._isatty  0x0000000010004944        0xc CMakeFiles/hw3.dir/home/laehon/pico/pico-sdk/src/rp2_common/pico_stdio/stdio.c.obj
                0x0000000010004944                _isatty
 .text.stdio_set_driver_enabled
                0x0000000010004950       0x2c CMakeFiles/hw3.dir/home/laehon/pico/pico-sdk/src/rp2_common/pico_stdio/stdio.c.obj
                0x0000000010004950                stdio_set_driver_enabled
 .text.stdio_flush
                0x000000001000497c       0x20 CMakeFiles/hw3.dir/home/laehon/pico/pico-sdk/src/rp2_common/pico_stdio/stdio.c.obj
                0x000000001000497c                stdio_flush
 .text.__wrap_puts
                0x000000001000499c       0x1e CMakeFiles/hw3.dir/home/laehon/pico/pico-sdk/src/rp2_common/pico_stdio/stdio.c.obj
                0x000000001000499c                __wrap_puts
 *fill*         0x00000000100049ba        0x2 
 .text.__wrap_vprintf
                0x00000000100049bc       0x40 CMakeFiles/hw3.dir/home/laehon/pico/pico-sdk/src/rp2_common/pico_stdio/stdio.c.obj
                0x00000000100049bc                __wrap_vprintf
 .text.__wrap_printf
                0x00000000100049fc       0x18 CMakeFiles/hw3.dir/home/laehon/pico/pico-sdk/src/rp2_common/pico_stdio/stdio.c.obj
                0x00000000100049fc                __wrap_printf
 .text.stdio_init_all
                0x0000000010004a14        0x8 CMakeFiles/hw3.dir/home/laehon/pico/pico-sdk/src/rp2_common/pico_stdio/stdio.c.obj
                0x0000000010004a14                stdio_init_all
 .text.resetd_init
                0x0000000010004a1c        0x2 CMakeFiles/hw3.dir/home/laehon/pico/pico-sdk/src/rp2_common/pico_stdio_usb/reset_interface.c.obj
 *fill*         0x0000000010004a1e        0x2 
 .text.resetd_reset
                0x0000000010004a20        0xc CMakeFiles/hw3.dir/home/laehon/pico/pico-sdk/src/rp2_common/pico_stdio_usb/reset_interface.c.obj
 .text.resetd_open
                0x0000000010004a2c       0x34 CMakeFiles/hw3.dir/home/laehon/pico/pico-sdk/src/rp2_common/pico_stdio_usb/reset_interface.c.obj
 .text.resetd_xfer_cb
                0x0000000010004a60        0x4 CMakeFiles/hw3.dir/home/laehon/pico/pico-sdk/src/rp2_common/pico_stdio_usb/reset_interface.c.obj
 .text.reset_usb_boot
                0x0000000010004a64       0x18 CMakeFiles/hw3.dir/home/laehon/pico/pico-sdk/src/rp2_common/pico_stdio_usb/reset_interface.c.obj
 .text.resetd_control_xfer_cb
                0x0000000010004a7c       0x5c CMakeFiles/hw3.dir/home/laehon/pico/pico-sdk/src/rp2_common/pico_stdio_usb/reset_interface.c.obj
 .text.usbd_app_driver_get_cb
                0x0000000010004ad8        0xc CMakeFiles/hw3.dir/home/laehon/pico/pico-sdk/src/rp2_common/pico_stdio_usb/reset_interface.c.obj
                0x0000000010004ad8                usbd_app_driver_get_cb
 .text.tud_cdc_line_coding_cb
                0x0000000010004ae4       0x28 CMakeFiles/hw3.dir/home/laehon/pico/pico-sdk/src/rp2_common/pico_stdio_usb/reset_interface.c.obj
                0x0000000010004ae4                tud_cdc_line_coding_cb
 .text.stdio_usb_set_chars_available_callback
                0x0000000010004b0c       0x14 CMakeFiles/hw3.dir/home/laehon/pico/pico-sdk/src/rp2_common/pico_stdio_usb/stdio_usb.c.obj
                0x0000000010004b0c                stdio_usb_set_chars_available_callback
 .text.update_us_since_boot
                0x0000000010004b20       0x24 CMakeFiles/hw3.dir/home/laehon/pico/pico-sdk/src/rp2_common/pico_stdio_usb/stdio_usb.c.obj
 .text.get_absolute_time
                0x0000000010004b44       0x22 CMakeFiles/hw3.dir/home/laehon/pico/pico-sdk/src/rp2_common/pico_stdio_usb/stdio_usb.c.obj
 *fill*         0x0000000010004b66        0x2 
 .text.delayed_by_ms
                0x0000000010004b68       0x44 CMakeFiles/hw3.dir/home/laehon/pico/pico-sdk/src/rp2_common/pico_stdio_usb/stdio_usb.c.obj
 .text.make_timeout_time_ms
                0x0000000010004bac       0x20 CMakeFiles/hw3.dir/home/laehon/pico/pico-sdk/src/rp2_common/pico_stdio_usb/stdio_usb.c.obj
 .text.delayed_by_us
                0x0000000010004bcc       0x34 CMakeFiles/hw3.dir/home/laehon/pico/pico-sdk/src/rp2_common/pico_stdio_usb/stdio_usb.c.obj
 .text.usb_irq  0x0000000010004c00       0x10 CMakeFiles/hw3.dir/home/laehon/pico/pico-sdk/src/rp2_common/pico_stdio_usb/stdio_usb.c.obj
 .text.critical_section_enter_blocking
                0x0000000010004c10       0x16 CMakeFiles/hw3.dir/home/laehon/pico/pico-sdk/src/rp2_common/pico_stdio_usb/stdio_usb.c.obj
 *fill*         0x0000000010004c26        0x2 
 .text.timer_task
                0x0000000010004c28       0x4c CMakeFiles/hw3.dir/home/laehon/pico/pico-sdk/src/rp2_common/pico_stdio_usb/stdio_usb.c.obj
 .text.alarm_pool_add_alarm_in_us
                0x0000000010004c74       0x3a CMakeFiles/hw3.dir/home/laehon/pico/pico-sdk/src/rp2_common/pico_stdio_usb/stdio_usb.c.obj
 .text.add_alarm_in_us
                0x0000000010004cae       0x2e CMakeFiles/hw3.dir/home/laehon/pico/pico-sdk/src/rp2_common/pico_stdio_usb/stdio_usb.c.obj
 .text.low_priority_worker_irq
                0x0000000010004cdc       0x7c CMakeFiles/hw3.dir/home/laehon/pico/pico-sdk/src/rp2_common/pico_stdio_usb/stdio_usb.c.obj
 .text.tud_cdc_rx_cb
                0x0000000010004d58       0x20 CMakeFiles/hw3.dir/home/laehon/pico/pico-sdk/src/rp2_common/pico_stdio_usb/stdio_usb.c.obj
                0x0000000010004d58                tud_cdc_rx_cb
 .text.stdio_usb_init
                0x0000000010004d78       0xd0 CMakeFiles/hw3.dir/home/laehon/pico/pico-sdk/src/rp2_common/pico_stdio_usb/stdio_usb.c.obj
                0x0000000010004d78                stdio_usb_init
 .text.stdio_usb_connected
                0x0000000010004e48        0xa CMakeFiles/hw3.dir/home/laehon/pico/pico-sdk/src/rp2_common/pico_stdio_usb/stdio_usb.c.obj
                0x0000000010004e48                stdio_usb_connected
 *fill*         0x0000000010004e52        0x2 
 .text.stdio_usb_in_chars
                0x0000000010004e54       0x88 CMakeFiles/hw3.dir/home/laehon/pico/pico-sdk/src/rp2_common/pico_stdio_usb/stdio_usb.c.obj
                0x0000000010004e54                stdio_usb_in_chars
 .text.stdio_usb_out_chars
                0x0000000010004edc       0xd8 CMakeFiles/hw3.dir/home/laehon/pico/pico-sdk/src/rp2_common/pico_stdio_usb/stdio_usb.c.obj
 .text.tud_descriptor_device_cb
                0x0000000010004fb4        0x8 CMakeFiles/hw3.dir/home/laehon/pico/pico-sdk/src/rp2_common/pico_stdio_usb/stdio_usb_descriptors.c.obj
                0x0000000010004fb4                tud_descriptor_device_cb
 .text.tud_descriptor_configuration_cb
                0x0000000010004fbc        0x8 CMakeFiles/hw3.dir/home/laehon/pico/pico-sdk/src/rp2_common/pico_stdio_usb/stdio_usb_descriptors.c.obj
                0x0000000010004fbc                tud_descriptor_configuration_cb
 .text.tud_descriptor_string_cb
                0x0000000010004fc4       0x6c CMakeFiles/hw3.dir/home/laehon/pico/pico-sdk/src/rp2_common/pico_stdio_usb/stdio_usb_descriptors.c.obj
                0x0000000010004fc4                tud_descriptor_string_cb
 .text._retrieve_unique_id_on_boot
                0x0000000010005030       0x10 CMakeFiles/hw3.dir/home/laehon/pico/pico-sdk/src/rp2_common/pico_unique_id/unique_id.c.obj
 .text.pico_get_unique_board_id_string
                0x0000000010005040       0x5c CMakeFiles/hw3.dir/home/laehon/pico/pico-sdk/src/rp2_common/pico_unique_id/unique_id.c.obj
                0x0000000010005040                pico_get_unique_board_id_string
 .text.flash_get_unique_id
                0x000000001000509c       0x46 CMakeFiles/hw3.dir/home/laehon/pico/pico-sdk/src/rp2_common/hardware_flash/flash.c.obj
                0x000000001000509c                flash_get_unique_id
 *fill*         0x00000000100050e2        0x2 
 .text.hw_endpoint_get_by_addr
                0x00000000100050e4       0x18 CMakeFiles/hw3.dir/home/laehon/pico/pico-sdk/lib/tinyusb/src/portable/raspberrypi/rp2040/dcd_rp2040.c.obj
 .text._hw_endpoint_alloc
                0x00000000100050fc       0x70 CMakeFiles/hw3.dir/home/laehon/pico/pico-sdk/lib/tinyusb/src/portable/raspberrypi/rp2040/dcd_rp2040.c.obj
 .text.hw_endpoint_init
                0x000000001000516c       0x88 CMakeFiles/hw3.dir/home/laehon/pico/pico-sdk/lib/tinyusb/src/portable/raspberrypi/rp2040/dcd_rp2040.c.obj
 .text.dcd_event_sof
                0x00000000100051f4       0x2c CMakeFiles/hw3.dir/home/laehon/pico/pico-sdk/lib/tinyusb/src/portable/raspberrypi/rp2040/dcd_rp2040.c.obj
 .text.hw_endpoint_xfer
                0x0000000010005220       0x14 CMakeFiles/hw3.dir/home/laehon/pico/pico-sdk/lib/tinyusb/src/portable/raspberrypi/rp2040/dcd_rp2040.c.obj
 .text.dcd_int_enable
                0x0000000010005234       0x2c CMakeFiles/hw3.dir/home/laehon/pico/pico-sdk/lib/tinyusb/src/portable/raspberrypi/rp2040/dcd_rp2040.c.obj
                0x0000000010005234                dcd_int_enable
 .text.dcd_set_address
                0x0000000010005260       0x2c CMakeFiles/hw3.dir/home/laehon/pico/pico-sdk/lib/tinyusb/src/portable/raspberrypi/rp2040/dcd_rp2040.c.obj
                0x0000000010005260                dcd_set_address
 .text.dcd_connect
                0x000000001000528c       0x10 CMakeFiles/hw3.dir/home/laehon/pico/pico-sdk/lib/tinyusb/src/portable/raspberrypi/rp2040/dcd_rp2040.c.obj
                0x000000001000528c                dcd_connect
 .text.dcd_init
                0x000000001000529c       0x80 CMakeFiles/hw3.dir/home/laehon/pico/pico-sdk/lib/tinyusb/src/portable/raspberrypi/rp2040/dcd_rp2040.c.obj
                0x000000001000529c                dcd_init
 .text.dcd_edpt0_status_complete
                0x000000001000531c       0x1c CMakeFiles/hw3.dir/home/laehon/pico/pico-sdk/lib/tinyusb/src/portable/raspberrypi/rp2040/dcd_rp2040.c.obj
                0x000000001000531c                dcd_edpt0_status_complete
 .text.dcd_edpt_open
                0x0000000010005338       0x40 CMakeFiles/hw3.dir/home/laehon/pico/pico-sdk/lib/tinyusb/src/portable/raspberrypi/rp2040/dcd_rp2040.c.obj
                0x0000000010005338                dcd_edpt_open
 .text.dcd_edpt_close_all
                0x0000000010005378        0x8 CMakeFiles/hw3.dir/home/laehon/pico/pico-sdk/lib/tinyusb/src/portable/raspberrypi/rp2040/dcd_rp2040.c.obj
                0x0000000010005378                dcd_edpt_close_all
 .text.dcd_edpt_xfer
                0x0000000010005380       0x34 CMakeFiles/hw3.dir/home/laehon/pico/pico-sdk/lib/tinyusb/src/portable/raspberrypi/rp2040/dcd_rp2040.c.obj
                0x0000000010005380                dcd_edpt_xfer
 .text.dcd_edpt_stall
                0x00000000100053b4       0x2c CMakeFiles/hw3.dir/home/laehon/pico/pico-sdk/lib/tinyusb/src/portable/raspberrypi/rp2040/dcd_rp2040.c.obj
                0x00000000100053b4                dcd_edpt_stall
 .text.dcd_edpt_clear_stall
                0x00000000100053e0       0x20 CMakeFiles/hw3.dir/home/laehon/pico/pico-sdk/lib/tinyusb/src/portable/raspberrypi/rp2040/dcd_rp2040.c.obj
                0x00000000100053e0                dcd_edpt_clear_stall
 .text.rp2040_usb_init
                0x0000000010005400       0x4c CMakeFiles/hw3.dir/home/laehon/pico/pico-sdk/lib/tinyusb/src/portable/raspberrypi/rp2040/rp2040_usb.c.obj
                0x0000000010005400                rp2040_usb_init
 .text.hw_endpoint_xfer_start
                0x000000001000544c       0x50 CMakeFiles/hw3.dir/home/laehon/pico/pico-sdk/lib/tinyusb/src/portable/raspberrypi/rp2040/rp2040_usb.c.obj
                0x000000001000544c                hw_endpoint_xfer_start
 .text.configuration_reset
                0x000000001000549c       0x84 CMakeFiles/hw3.dir/home/laehon/pico/pico-sdk/lib/tinyusb/src/device/usbd.c.obj
 .text.critical_section_enter_blocking
                0x0000000010005520       0x16 CMakeFiles/hw3.dir/home/laehon/pico/pico-sdk/lib/tinyusb/src/device/usbd.c.obj
 .text.usbd_reset
                0x0000000010005536        0xc CMakeFiles/hw3.dir/home/laehon/pico/pico-sdk/lib/tinyusb/src/device/usbd.c.obj
 .text.invoke_class_control
                0x0000000010005542       0x1a CMakeFiles/hw3.dir/home/laehon/pico/pico-sdk/lib/tinyusb/src/device/usbd.c.obj
 .text.process_set_config
                0x000000001000555c      0x178 CMakeFiles/hw3.dir/home/laehon/pico/pico-sdk/lib/tinyusb/src/device/usbd.c.obj
 .text.process_get_descriptor
                0x00000000100056d4       0xdc CMakeFiles/hw3.dir/home/laehon/pico/pico-sdk/lib/tinyusb/src/device/usbd.c.obj
 .text.tud_mounted
                0x00000000100057b0       0x10 CMakeFiles/hw3.dir/home/laehon/pico/pico-sdk/lib/tinyusb/src/device/usbd.c.obj
                0x00000000100057b0                tud_mounted
 .text.tud_suspended
                0x00000000100057c0       0x10 CMakeFiles/hw3.dir/home/laehon/pico/pico-sdk/lib/tinyusb/src/device/usbd.c.obj
                0x00000000100057c0                tud_suspended
 .text.tud_inited
                0x00000000100057d0       0x14 CMakeFiles/hw3.dir/home/laehon/pico/pico-sdk/lib/tinyusb/src/device/usbd.c.obj
                0x00000000100057d0                tud_inited
 .text.tud_init
                0x00000000100057e4       0xcc CMakeFiles/hw3.dir/home/laehon/pico/pico-sdk/lib/tinyusb/src/device/usbd.c.obj
                0x00000000100057e4                tud_init
 .text.usbd_defer_func
                0x00000000100058b0       0x2a CMakeFiles/hw3.dir/home/laehon/pico/pico-sdk/lib/tinyusb/src/device/usbd.c.obj
                0x00000000100058b0                usbd_defer_func
 *fill*         0x00000000100058da        0x2 
 .text.usbd_edpt_open
                0x00000000100058dc       0x34 CMakeFiles/hw3.dir/home/laehon/pico/pico-sdk/lib/tinyusb/src/device/usbd.c.obj
                0x00000000100058dc                usbd_edpt_open
 .text.usbd_open_edpt_pair
                0x0000000010005910       0x62 CMakeFiles/hw3.dir/home/laehon/pico/pico-sdk/lib/tinyusb/src/device/usbd.c.obj
                0x0000000010005910                usbd_open_edpt_pair
 *fill*         0x0000000010005972        0x2 
 .text.usbd_edpt_claim
                0x0000000010005974       0x28 CMakeFiles/hw3.dir/home/laehon/pico/pico-sdk/lib/tinyusb/src/device/usbd.c.obj
                0x0000000010005974                usbd_edpt_claim
 .text.usbd_edpt_release
                0x000000001000599c       0x28 CMakeFiles/hw3.dir/home/laehon/pico/pico-sdk/lib/tinyusb/src/device/usbd.c.obj
                0x000000001000599c                usbd_edpt_release
 .text.usbd_edpt_xfer
                0x00000000100059c4       0x78 CMakeFiles/hw3.dir/home/laehon/pico/pico-sdk/lib/tinyusb/src/device/usbd.c.obj
                0x00000000100059c4                usbd_edpt_xfer
 .text.usbd_edpt_stall
                0x0000000010005a3c       0x48 CMakeFiles/hw3.dir/home/laehon/pico/pico-sdk/lib/tinyusb/src/device/usbd.c.obj
                0x0000000010005a3c                usbd_edpt_stall
 .text.usbd_edpt_clear_stall
                0x0000000010005a84       0x48 CMakeFiles/hw3.dir/home/laehon/pico/pico-sdk/lib/tinyusb/src/device/usbd.c.obj
                0x0000000010005a84                usbd_edpt_clear_stall
 .text.usbd_edpt_stalled
                0x0000000010005acc       0x1c CMakeFiles/hw3.dir/home/laehon/pico/pico-sdk/lib/tinyusb/src/device/usbd.c.obj
                0x0000000010005acc                usbd_edpt_stalled
 .text.process_control_request
                0x0000000010005ae8      0x374 CMakeFiles/hw3.dir/home/laehon/pico/pico-sdk/lib/tinyusb/src/device/usbd.c.obj
 .text.tud_task_ext
                0x0000000010005e5c      0x1a8 CMakeFiles/hw3.dir/home/laehon/pico/pico-sdk/lib/tinyusb/src/device/usbd.c.obj
                0x0000000010005e5c                tud_task_ext
 .text._status_stage_xact
                0x0000000010006004       0x1a CMakeFiles/hw3.dir/home/laehon/pico/pico-sdk/lib/tinyusb/src/device/usbd_control.c.obj
 *fill*         0x000000001000601e        0x2 
 .text._data_stage_xact
                0x0000000010006020       0x58 CMakeFiles/hw3.dir/home/laehon/pico/pico-sdk/lib/tinyusb/src/device/usbd_control.c.obj
 .text.tud_control_status
                0x0000000010006078       0x28 CMakeFiles/hw3.dir/home/laehon/pico/pico-sdk/lib/tinyusb/src/device/usbd_control.c.obj
                0x0000000010006078                tud_control_status
 .text.tud_control_xfer
                0x00000000100060a0       0x68 CMakeFiles/hw3.dir/home/laehon/pico/pico-sdk/lib/tinyusb/src/device/usbd_control.c.obj
                0x00000000100060a0                tud_control_xfer
 .text.usbd_control_reset
                0x0000000010006108       0x14 CMakeFiles/hw3.dir/home/laehon/pico/pico-sdk/lib/tinyusb/src/device/usbd_control.c.obj
                0x0000000010006108                usbd_control_reset
 .text.usbd_control_set_complete_callback
                0x000000001000611c        0xc CMakeFiles/hw3.dir/home/laehon/pico/pico-sdk/lib/tinyusb/src/device/usbd_control.c.obj
                0x000000001000611c                usbd_control_set_complete_callback
 .text.usbd_control_set_request
                0x0000000010006128       0x1c CMakeFiles/hw3.dir/home/laehon/pico/pico-sdk/lib/tinyusb/src/device/usbd_control.c.obj
                0x0000000010006128                usbd_control_set_request
 .text.usbd_control_xfer_cb
                0x0000000010006144       0xbc CMakeFiles/hw3.dir/home/laehon/pico/pico-sdk/lib/tinyusb/src/device/usbd_control.c.obj
                0x0000000010006144                usbd_control_xfer_cb
 .text._prep_out_transaction
                0x0000000010006200       0x4a CMakeFiles/hw3.dir/home/laehon/pico/pico-sdk/lib/tinyusb/src/class/cdc/cdc_device.c.obj
 *fill*         0x000000001000624a        0x2 
 .text.tud_cdc_n_connected
                0x000000001000624c       0x38 CMakeFiles/hw3.dir/home/laehon/pico/pico-sdk/lib/tinyusb/src/class/cdc/cdc_device.c.obj
                0x000000001000624c                tud_cdc_n_connected
 .text.tud_cdc_n_available
                0x0000000010006284       0x18 CMakeFiles/hw3.dir/home/laehon/pico/pico-sdk/lib/tinyusb/src/class/cdc/cdc_device.c.obj
                0x0000000010006284                tud_cdc_n_available
 .text.tud_cdc_n_read
                0x000000001000629c       0x28 CMakeFiles/hw3.dir/home/laehon/pico/pico-sdk/lib/tinyusb/src/class/cdc/cdc_device.c.obj
                0x000000001000629c                tud_cdc_n_read
 .text.tud_cdc_n_write_flush
                0x00000000100062c4       0xb8 CMakeFiles/hw3.dir/home/laehon/pico/pico-sdk/lib/tinyusb/src/class/cdc/cdc_device.c.obj
                0x00000000100062c4                tud_cdc_n_write_flush
 .text.tud_cdc_n_write
                0x000000001000637c       0x38 CMakeFiles/hw3.dir/home/laehon/pico/pico-sdk/lib/tinyusb/src/class/cdc/cdc_device.c.obj
                0x000000001000637c                tud_cdc_n_write
 .text.tud_cdc_n_write_available
                0x00000000100063b4       0x1c CMakeFiles/hw3.dir/home/laehon/pico/pico-sdk/lib/tinyusb/src/class/cdc/cdc_device.c.obj
                0x00000000100063b4                tud_cdc_n_write_available
 .text.cdcd_init
                0x00000000100063d0       0xbc CMakeFiles/hw3.dir/home/laehon/pico/pico-sdk/lib/tinyusb/src/class/cdc/cdc_device.c.obj
                0x00000000100063d0                cdcd_init
 .text.cdcd_reset
                0x000000001000648c       0x44 CMakeFiles/hw3.dir/home/laehon/pico/pico-sdk/lib/tinyusb/src/class/cdc/cdc_device.c.obj
                0x000000001000648c                cdcd_reset
 .text.cdcd_open
                0x00000000100064d0       0xc4 CMakeFiles/hw3.dir/home/laehon/pico/pico-sdk/lib/tinyusb/src/class/cdc/cdc_device.c.obj
                0x00000000100064d0                cdcd_open
 .text.cdcd_control_xfer_cb
                0x0000000010006594      0x134 CMakeFiles/hw3.dir/home/laehon/pico/pico-sdk/lib/tinyusb/src/class/cdc/cdc_device.c.obj
                0x0000000010006594                cdcd_control_xfer_cb
 .text.cdcd_xfer_cb
                0x00000000100066c8      0x130 CMakeFiles/hw3.dir/home/laehon/pico/pico-sdk/lib/tinyusb/src/class/cdc/cdc_device.c.obj
                0x00000000100066c8                cdcd_xfer_cb
 .text.tusb_init
                0x00000000100067f8        0xa CMakeFiles/hw3.dir/home/laehon/pico/pico-sdk/lib/tinyusb/src/tusb.c.obj
                0x00000000100067f8                tusb_init
 .text.tusb_inited
                0x0000000010006802        0xe CMakeFiles/hw3.dir/home/laehon/pico/pico-sdk/lib/tinyusb/src/tusb.c.obj
                0x0000000010006802                tusb_inited
 .text.tu_edpt_claim
                0x0000000010006810       0x50 CMakeFiles/hw3.dir/home/laehon/pico/pico-sdk/lib/tinyusb/src/tusb.c.obj
                0x0000000010006810                tu_edpt_claim
 .text.tu_edpt_release
                0x0000000010006860       0x38 CMakeFiles/hw3.dir/home/laehon/pico/pico-sdk/lib/tinyusb/src/tusb.c.obj
                0x0000000010006860                tu_edpt_release
 .text.tu_edpt_validate
                0x0000000010006898       0x78 CMakeFiles/hw3.dir/home/laehon/pico/pico-sdk/lib/tinyusb/src/tusb.c.obj
                0x0000000010006898                tu_edpt_validate
 .text.tu_edpt_bind_driver
                0x0000000010006910       0x26 CMakeFiles/hw3.dir/home/laehon/pico/pico-sdk/lib/tinyusb/src/tusb.c.obj
                0x0000000010006910                tu_edpt_bind_driver
 .text.advance_index
                0x0000000010006936       0x1a CMakeFiles/hw3.dir/home/laehon/pico/pico-sdk/lib/tinyusb/src/common/tusb_fifo.c.obj
 .text._tu_fifo_peek
                0x0000000010006950       0x56 CMakeFiles/hw3.dir/home/laehon/pico/pico-sdk/lib/tinyusb/src/common/tusb_fifo.c.obj
 .text._ff_pull_const_addr
                0x00000000100069a6       0x4c CMakeFiles/hw3.dir/home/laehon/pico/pico-sdk/lib/tinyusb/src/common/tusb_fifo.c.obj
 .text._ff_pull_n
                0x00000000100069f2      0x110 CMakeFiles/hw3.dir/home/laehon/pico/pico-sdk/lib/tinyusb/src/common/tusb_fifo.c.obj
 .text._tu_fifo_peek_n
                0x0000000010006b02       0x6a CMakeFiles/hw3.dir/home/laehon/pico/pico-sdk/lib/tinyusb/src/common/tusb_fifo.c.obj
 .text._tu_fifo_read_n
                0x0000000010006b6c       0x4e CMakeFiles/hw3.dir/home/laehon/pico/pico-sdk/lib/tinyusb/src/common/tusb_fifo.c.obj
 .text._ff_push_const_addr
                0x0000000010006bba       0x40 CMakeFiles/hw3.dir/home/laehon/pico/pico-sdk/lib/tinyusb/src/common/tusb_fifo.c.obj
 .text._ff_push_n
                0x0000000010006bfa      0x10c CMakeFiles/hw3.dir/home/laehon/pico/pico-sdk/lib/tinyusb/src/common/tusb_fifo.c.obj
 .text._tu_fifo_write_n
                0x0000000010006d06       0xf0 CMakeFiles/hw3.dir/home/laehon/pico/pico-sdk/lib/tinyusb/src/common/tusb_fifo.c.obj
 .text.tu_fifo_config
                0x0000000010006df6       0x7c CMakeFiles/hw3.dir/home/laehon/pico/pico-sdk/lib/tinyusb/src/common/tusb_fifo.c.obj
                0x0000000010006df6                tu_fifo_config
 .text.tu_fifo_count
                0x0000000010006e72       0x2a CMakeFiles/hw3.dir/home/laehon/pico/pico-sdk/lib/tinyusb/src/common/tusb_fifo.c.obj
                0x0000000010006e72                tu_fifo_count
 .text.tu_fifo_empty
                0x0000000010006e9c        0xe CMakeFiles/hw3.dir/home/laehon/pico/pico-sdk/lib/tinyusb/src/common/tusb_fifo.c.obj
                0x0000000010006e9c                tu_fifo_empty
 .text.tu_fifo_full
                0x0000000010006eaa       0x28 CMakeFiles/hw3.dir/home/laehon/pico/pico-sdk/lib/tinyusb/src/common/tusb_fifo.c.obj
                0x0000000010006eaa                tu_fifo_full
 .text.tu_fifo_remaining
                0x0000000010006ed2       0x2c CMakeFiles/hw3.dir/home/laehon/pico/pico-sdk/lib/tinyusb/src/common/tusb_fifo.c.obj
                0x0000000010006ed2                tu_fifo_remaining
 .text.tu_fifo_read
                0x0000000010006efe       0x42 CMakeFiles/hw3.dir/home/laehon/pico/pico-sdk/lib/tinyusb/src/common/tusb_fifo.c.obj
                0x0000000010006efe                tu_fifo_read
 .text.tu_fifo_read_n
                0x0000000010006f40        0xa CMakeFiles/hw3.dir/home/laehon/pico/pico-sdk/lib/tinyusb/src/common/tusb_fifo.c.obj
                0x0000000010006f40                tu_fifo_read_n
 .text.tu_fifo_write
                0x0000000010006f4a       0x64 CMakeFiles/hw3.dir/home/laehon/pico/pico-sdk/lib/tinyusb/src/common/tusb_fifo.c.obj
                0x0000000010006f4a                tu_fifo_write
 .text.tu_fifo_write_n
                0x0000000010006fae        0xa CMakeFiles/hw3.dir/home/laehon/pico/pico-sdk/lib/tinyusb/src/common/tusb_fifo.c.obj
                0x0000000010006fae                tu_fifo_write_n
 .text.tu_fifo_clear
                0x0000000010006fb8       0x3e CMakeFiles/hw3.dir/home/laehon/pico/pico-sdk/lib/tinyusb/src/common/tusb_fifo.c.obj
                0x0000000010006fb8                tu_fifo_clear
 .text.tu_fifo_set_overwritable
                0x0000000010006ff6       0x46 CMakeFiles/hw3.dir/home/laehon/pico/pico-sdk/lib/tinyusb/src/common/tusb_fifo.c.obj
                0x0000000010006ff6                tu_fifo_set_overwritable
 .text.adc_init
                0x000000001000703c       0x34 CMakeFiles/hw3.dir/home/laehon/pico/pico-sdk/src/rp2_common/hardware_adc/adc.c.obj
                0x000000001000703c                adc_init
 .text          0x0000000010007070       0x5c /usr/lib/gcc/arm-none-eabi/12.2.1/../../../arm-none-eabi/lib/thumb/v6-m/nofp/libg.a(lib_a-callocr.o)
                0x0000000010007070                _calloc_r
 .text          0x00000000100070cc      0x574 /usr/lib/gcc/arm-none-eabi/12.2.1/../../../arm-none-eabi/lib/thumb/v6-m/nofp/libg.a(lib_a-mallocr.o)
                0x00000000100070cc                _malloc_r
 .text          0x0000000010007640        0x8 /usr/lib/gcc/arm-none-eabi/12.2.1/../../../arm-none-eabi/lib/thumb/v6-m/nofp/libg.a(lib_a-mlock.o)
                0x0000000010007640                __malloc_lock
                0x0000000010007644                __malloc_unlock
 .text          0x0000000010007648      0x354 /usr/lib/gcc/arm-none-eabi/12.2.1/../../../arm-none-eabi/lib/thumb/v6-m/nofp/libg.a(lib_a-reallocr.o)
                0x0000000010007648                _realloc_r
 .text          0x000000001000799c       0x24 /usr/lib/gcc/arm-none-eabi/12.2.1/../../../arm-none-eabi/lib/thumb/v6-m/nofp/libg.a(lib_a-sbrkr.o)
                0x000000001000799c                _sbrk_r
 .text          0x00000000100079c0       0x40 /usr/lib/gcc/arm-none-eabi/12.2.1/../../../arm-none-eabi/lib/thumb/v6-m/nofp/libg.a(lib_a-scanf.o)
                0x00000000100079c0                scanf
                0x00000000100079e4                _scanf_r
 .text          0x0000000010007a00       0x5c /usr/lib/gcc/arm-none-eabi/12.2.1/../../../arm-none-eabi/lib/thumb/v6-m/nofp/libg.a(lib_a-strlen-stub.o)
                0x0000000010007a00                strlen
 .text          0x0000000010007a5c      0xfe0 /usr/lib/gcc/arm-none-eabi/12.2.1/../../../arm-none-eabi/lib/thumb/v6-m/nofp/libg.a(lib_a-vfscanf.o)
                0x0000000010007a5c                __svfscanf_r
                0x00000000100089cc                vfscanf
                0x00000000100089fc                __svfscanf
                0x0000000010008a14                _vfscanf_r
 .text          0x0000000010008a3c      0x248 /usr/lib/gcc/arm-none-eabi/12.2.1/../../../arm-none-eabi/lib/thumb/v6-m/nofp/libg.a(lib_a-findfp.o)
                0x0000000010008a40                _cleanup_r
                0x0000000010008b3c                __sfmoreglue
                0x0000000010008b6c                __sfp
                0x0000000010008c1c                _cleanup
                0x0000000010008c34                __sinit
                0x0000000010008c44                __sfp_lock_acquire
                0x0000000010008c48                __sfp_lock_release
                0x0000000010008c4c                __sinit_lock_acquire
                0x0000000010008c50                __sinit_lock_release
                0x0000000010008c54                __fp_lock_all
                0x0000000010008c6c                __fp_unlock_all
 .text          0x0000000010008c84      0x190 /usr/lib/gcc/arm-none-eabi/12.2.1/../../../arm-none-eabi/lib/thumb/v6-m/nofp/libg.a(lib_a-fread.o)
                0x0000000010008c84                _fread_r
                0x0000000010008df4                fread
 .text          0x0000000010008e14      0x260 /usr/lib/gcc/arm-none-eabi/12.2.1/../../../arm-none-eabi/lib/thumb/v6-m/nofp/libg.a(lib_a-freer.o)
                0x0000000010008e14                _malloc_trim_r
                0x0000000010008eb0                _free_r
 .text          0x0000000010009074       0x88 /usr/lib/gcc/arm-none-eabi/12.2.1/../../../arm-none-eabi/lib/thumb/v6-m/nofp/libg.a(lib_a-fwalk.o)
                0x0000000010009074                _fwalk
                0x00000000100090b4                _fwalk_reent
 .text          0x00000000100090fc        0xc /usr/lib/gcc/arm-none-eabi/12.2.1/../../../arm-none-eabi/lib/thumb/v6-m/nofp/libg.a(lib_a-iswspace.o)
                0x00000000100090fc                iswspace
 .text          0x0000000010009108       0x18 /usr/lib/gcc/arm-none-eabi/12.2.1/../../../arm-none-eabi/lib/thumb/v6-m/nofp/libg.a(lib_a-iswspace_l.o)
                0x0000000010009108                iswspace_l
 .text          0x0000000010009120       0x98 /usr/lib/gcc/arm-none-eabi/12.2.1/../../../arm-none-eabi/lib/thumb/v6-m/nofp/libg.a(lib_a-locale.o)
                0x0000000010009120                _setlocale_r
                0x0000000010009164                __locale_mb_cur_max
                0x0000000010009174                setlocale
 .text          0x00000000100091b8       0x14 /usr/lib/gcc/arm-none-eabi/12.2.1/../../../arm-none-eabi/lib/thumb/v6-m/nofp/libg.a(lib_a-localeconv.o)
                0x00000000100091b8                __localeconv_l
                0x00000000100091bc                _localeconv_r
                0x00000000100091c4                localeconv
 .text          0x00000000100091cc       0x9c /usr/lib/gcc/arm-none-eabi/12.2.1/../../../arm-none-eabi/lib/thumb/v6-m/nofp/libg.a(lib_a-mbrtowc.o)
                0x00000000100091cc                _mbrtowc_r
                0x0000000010009218                mbrtowc
 .text          0x0000000010009268       0x44 /usr/lib/gcc/arm-none-eabi/12.2.1/../../../arm-none-eabi/lib/thumb/v6-m/nofp/libg.a(lib_a-mbtowc_r.o)
                0x0000000010009268                _mbtowc_r
                0x0000000010009280                __ascii_mbtowc
 .text          0x00000000100092ac       0xac /usr/lib/gcc/arm-none-eabi/12.2.1/../../../arm-none-eabi/lib/thumb/v6-m/nofp/libg.a(lib_a-memmove.o)
                0x00000000100092ac                memmove
 .text          0x0000000010009358      0x140 /usr/lib/gcc/arm-none-eabi/12.2.1/../../../arm-none-eabi/lib/thumb/v6-m/nofp/libg.a(lib_a-refill.o)
                0x0000000010009374                __srefill_r
 .text          0x0000000010009498       0x80 /usr/lib/gcc/arm-none-eabi/12.2.1/../../../arm-none-eabi/lib/thumb/v6-m/nofp/libg.a(lib_a-sccl.o)
                0x0000000010009498                __sccl
 .text          0x0000000010009518        0x8 /usr/lib/gcc/arm-none-eabi/12.2.1/../../../arm-none-eabi/lib/thumb/v6-m/nofp/libg.a(lib_a-sf_nan.o)
                0x0000000010009518                nanf
 .text          0x0000000010009520       0xa4 /usr/lib/gcc/arm-none-eabi/12.2.1/../../../arm-none-eabi/lib/thumb/v6-m/nofp/libg.a(lib_a-stdio.o)
                0x0000000010009520                __sread
                0x0000000010009548                __seofread
                0x000000001000954c                __swrite
                0x000000001000958c                __sseek
                0x00000000100095b8                __sclose
 .text          0x00000000100095c4       0x88 /usr/lib/gcc/arm-none-eabi/12.2.1/../../../arm-none-eabi/lib/thumb/v6-m/nofp/libg.a(lib_a-strcmp.o)
                0x00000000100095c4                strcmp
 .text          0x000000001000964c     0x1128 /usr/lib/gcc/arm-none-eabi/12.2.1/../../../arm-none-eabi/lib/thumb/v6-m/nofp/libg.a(lib_a-strtod.o)
                0x000000001000964c                _strtod_l
                0x000000001000a5cc                _strtod_r
                0x000000001000a5dc                strtod_l
                0x000000001000a5f4                strtod
                0x000000001000a610                strtof_l
                0x000000001000a6c0                strtof
 .text          0x000000001000a774      0x1b8 /usr/lib/gcc/arm-none-eabi/12.2.1/../../../arm-none-eabi/lib/thumb/v6-m/nofp/libg.a(lib_a-strtol.o)
                0x000000001000a8b8                _strtol_r
                0x000000001000a8d4                strtol_l
                0x000000001000a900                strtol
 .text          0x000000001000a92c      0x1d0 /usr/lib/gcc/arm-none-eabi/12.2.1/../../../arm-none-eabi/lib/thumb/v6-m/nofp/libg.a(lib_a-strtoll.o)
                0x000000001000aac4                _strtoll_r
                0x000000001000aacc                strtoll_l
                0x000000001000aae4                strtoll
 .text          0x000000001000aafc      0x180 /usr/lib/gcc/arm-none-eabi/12.2.1/../../../arm-none-eabi/lib/thumb/v6-m/nofp/libg.a(lib_a-strtoul.o)
                0x000000001000ac44                _strtoul_r
                0x000000001000ac4c                strtoul_l
                0x000000001000ac64                strtoul
 .text          0x000000001000ac7c      0x1f4 /usr/lib/gcc/arm-none-eabi/12.2.1/../../../arm-none-eabi/lib/thumb/v6-m/nofp/libg.a(lib_a-strtoull.o)
                0x000000001000ae38                _strtoull_r
                0x000000001000ae40                strtoull_l
                0x000000001000ae58                strtoull
 .text          0x000000001000ae70      0x188 /usr/lib/gcc/arm-none-eabi/12.2.1/../../../arm-none-eabi/lib/thumb/v6-m/nofp/libg.a(lib_a-ungetc.o)
                0x000000001000ae70                __submore
                0x000000001000aef4                _ungetc_r
                0x000000001000afe0                ungetc
 .text          0x000000001000aff8       0x2c /usr/lib/gcc/arm-none-eabi/12.2.1/../../../arm-none-eabi/lib/thumb/v6-m/nofp/libg.a(lib_a-wctomb_r.o)
                0x000000001000aff8                _wctomb_r
                0x000000001000b008                __ascii_wctomb
 .text          0x000000001000b024       0x28 /usr/lib/gcc/arm-none-eabi/12.2.1/../../../arm-none-eabi/lib/thumb/v6-m/nofp/libg.a(lib_a-writer.o)
                0x000000001000b024                _write_r
 .text          0x000000001000b04c       0x24 /usr/lib/gcc/arm-none-eabi/12.2.1/../../../arm-none-eabi/lib/thumb/v6-m/nofp/libg.a(lib_a-closer.o)
                0x000000001000b04c                _close_r
 .text          0x000000001000b070        0xc /usr/lib/gcc/arm-none-eabi/12.2.1/../../../arm-none-eabi/lib/thumb/v6-m/nofp/libg.a(lib_a-errno.o)
                0x000000001000b070                __errno
 .text          0x000000001000b07c       0xe8 /usr/lib/gcc/arm-none-eabi/12.2.1/../../../arm-none-eabi/lib/thumb/v6-m/nofp/libg.a(lib_a-fclose.o)
                0x000000001000b0ec                _fclose_r
                0x000000001000b124                fclose
 .text          0x000000001000b164      0x1c0 /usr/lib/gcc/arm-none-eabi/12.2.1/../../../arm-none-eabi/lib/thumb/v6-m/nofp/libg.a(lib_a-fflush.o)
                0x000000001000b164                __sflush_r
                0x000000001000b2a4                _fflush_r
                0x000000001000b2d0                fflush
 .text          0x000000001000b324      0x670 /usr/lib/gcc/arm-none-eabi/12.2.1/../../../arm-none-eabi/lib/thumb/v6-m/nofp/libg.a(lib_a-gdtoa-gethex.o)
                0x000000001000b3c8                __gethex
 .text          0x000000001000b994      0x1fc /usr/lib/gcc/arm-none-eabi/12.2.1/../../../arm-none-eabi/lib/thumb/v6-m/nofp/libg.a(lib_a-gdtoa-hexnan.o)
                0x000000001000b994                __match
                0x000000001000b9c0                __hexnan
 .text          0x000000001000bb90       0x28 /usr/lib/gcc/arm-none-eabi/12.2.1/../../../arm-none-eabi/lib/thumb/v6-m/nofp/libg.a(lib_a-lseekr.o)
                0x000000001000bb90                _lseek_r
 .text          0x000000001000bbb8      0x144 /usr/lib/gcc/arm-none-eabi/12.2.1/../../../arm-none-eabi/lib/thumb/v6-m/nofp/libg.a(lib_a-makebuf.o)
                0x000000001000bbb8                __smakebuf_r
                0x000000001000bc9c                __swhatbuf_r
 .text          0x000000001000bcfc      0xafc /usr/lib/gcc/arm-none-eabi/12.2.1/../../../arm-none-eabi/lib/thumb/v6-m/nofp/libg.a(lib_a-mprec.o)
                0x000000001000bcfc                _Balloc
                0x000000001000bd4c                _Bfree
                0x000000001000bd60                __multadd
                0x000000001000be08                __s2b
                0x000000001000beb8                __hi0bits
                0x000000001000bef0                __lo0bits
                0x000000001000bf4c                __i2b
                0x000000001000bfac                __multiply
                0x000000001000c150                __pow5mult
                0x000000001000c228                __lshift
                0x000000001000c324                __mcmp
                0x000000001000c358                __mdiff
                0x000000001000c4e4                __ulp
                0x000000001000c52c                __b2d
                0x000000001000c5f4                __d2b
                0x000000001000c6cc                __ratio
                0x000000001000c734                _mprec_log10
                0x000000001000c768                __copybits
                0x000000001000c7a8                __any_on
 .text          0x000000001000c7f8       0x28 /usr/lib/gcc/arm-none-eabi/12.2.1/../../../arm-none-eabi/lib/thumb/v6-m/nofp/libg.a(lib_a-readr.o)
                0x000000001000c7f8                _read_r
 .text          0x000000001000c820        0xc /usr/lib/gcc/arm-none-eabi/12.2.1/../../../arm-none-eabi/lib/thumb/v6-m/nofp/libg.a(lib_a-s_nan.o)
                0x000000001000c820                nan
 .text          0x000000001000c82c       0x74 /usr/lib/gcc/arm-none-eabi/12.2.1/../../../arm-none-eabi/lib/thumb/v6-m/nofp/libg.a(lib_a-strncmp.o)
                0x000000001000c82c                strncmp
 .text          0x000000001000c8a0       0x28 /usr/lib/gcc/arm-none-eabi/12.2.1/../../../arm-none-eabi/lib/thumb/v6-m/nofp/libg.a(lib_a-fstatr.o)
                0x000000001000c8a0                _fstat_r
 .text          0x000000001000c8c8       0x24 /usr/lib/gcc/arm-none-eabi/12.2.1/../../../arm-none-eabi/lib/thumb/v6-m/nofp/libg.a(lib_a-isattyr.o)
                0x000000001000c8c8                _isatty_r
 *(.fini)
 .fini          0x000000001000c8ec        0x4 /usr/lib/gcc/arm-none-eabi/12.2.1/thumb/v6-m/nofp/crti.o
                0x000000001000c8ec                _fini
 .fini.__stub   0x000000001000c8f0       0xe0 linker stubs
 *crtbegin.o(.ctors)
 *crtbegin?.o(.ctors)
 *(EXCLUDE_FILE(*crtend.o *crtend?.o) .ctors)
 *(SORT_BY_NAME(.ctors.*))
 *(.ctors)
 *crtbegin.o(.dtors)
 *crtbegin?.o(.dtors)
 *(EXCLUDE_FILE(*crtend.o *crtend?.o) .dtors)
 *(SORT_BY_NAME(.dtors.*))
 *(.dtors)
 *(.eh_frame*)
 .eh_frame      0x000000001000c9d0        0x0 /usr/lib/gcc/arm-none-eabi/12.2.1/thumb/v6-m/nofp/crtbegin.o
                0x000000001000c9d0                . = ALIGN (0x4)

.glue_7         0x000000001000c9d0        0x0
 .glue_7        0x000000001000c9d0        0x0 linker stubs

.glue_7t        0x000000001000c9d0        0x0
 .glue_7t       0x000000001000c9d0        0x0 linker stubs

.vfp11_veneer   0x000000001000c9d0        0x0
 .vfp11_veneer  0x000000001000c9d0        0x0 linker stubs

.v4_bx          0x000000001000c9d0        0x0
 .v4_bx         0x000000001000c9d0        0x0 linker stubs

.iplt           0x000000001000c9d0        0x0
 .iplt          0x000000001000c9d0        0x0 /usr/lib/gcc/arm-none-eabi/12.2.1/thumb/v6-m/nofp/crtbegin.o

.rodata         0x000000001000c9d0     0x1e28
 *(EXCLUDE_FILE(*libm.a: *libc.a:*lib_a-mem*.o *libgcc.a:) .rodata*)
 .rodata.main.str1.4
                0x000000001000c9d0       0x1a CMakeFiles/hw3.dir/hw3.c.obj
 *fill*         0x000000001000c9ea        0x2 
 .rodata.spin_lock_claim_unused.str1.4
                0x000000001000c9ec       0x1b CMakeFiles/hw3.dir/home/laehon/pico/pico-sdk/src/rp2_common/hardware_sync/sync.c.obj
 *fill*         0x000000001000ca07        0x1 
 .rodata.resolve_branch.str1.4
                0x000000001000ca08       0x55 CMakeFiles/hw3.dir/home/laehon/pico/pico-sdk/src/rp2_common/hardware_irq/irq.c.obj
 *fill*         0x000000001000ca5d        0x3 
 .rodata.make_branch.str1.4
                0x000000001000ca60       0x30 CMakeFiles/hw3.dir/home/laehon/pico/pico-sdk/src/rp2_common/hardware_irq/irq.c.obj
 .rodata.insert_branch_and_link.str1.4
                0x000000001000ca90       0x10 CMakeFiles/hw3.dir/home/laehon/pico/pico-sdk/src/rp2_common/hardware_irq/irq.c.obj
 .rodata.irq_set_exclusive_handler.str1.4
                0x000000001000caa0       0x36 CMakeFiles/hw3.dir/home/laehon/pico/pico-sdk/src/rp2_common/hardware_irq/irq.c.obj
 *fill*         0x000000001000cad6        0x2 
 .rodata.irq_add_shared_handler.str1.4
                0x000000001000cad8       0xc2 CMakeFiles/hw3.dir/home/laehon/pico/pico-sdk/src/rp2_common/hardware_irq/irq.c.obj
 *fill*         0x000000001000cb9a        0x2 
 .rodata.irq_remove_handler.str1.4
                0x000000001000cb9c       0x3a CMakeFiles/hw3.dir/home/laehon/pico/pico-sdk/src/rp2_common/hardware_irq/irq.c.obj
 *fill*         0x000000001000cbd6        0x2 
 .rodata.irq_add_tail_to_free_list.str1.4
                0x000000001000cbd8       0x3a CMakeFiles/hw3.dir/home/laehon/pico/pico-sdk/src/rp2_common/hardware_irq/irq.c.obj
 *fill*         0x000000001000cc12        0x2 
 .rodata.user_irq_claim_unused.str1.4
                0x000000001000cc14       0x1b CMakeFiles/hw3.dir/home/laehon/pico/pico-sdk/src/rp2_common/hardware_irq/irq.c.obj
 *fill*         0x000000001000cc2f        0x1 
 .rodata.__func__.0
                0x000000001000cc30       0x1a CMakeFiles/hw3.dir/home/laehon/pico/pico-sdk/src/rp2_common/hardware_irq/irq.c.obj
 *fill*         0x000000001000cc4a        0x2 
 .rodata.__func__.1
                0x000000001000cc4c       0x17 CMakeFiles/hw3.dir/home/laehon/pico/pico-sdk/src/rp2_common/hardware_irq/irq.c.obj
 *fill*         0x000000001000cc63        0x1 
 .rodata.__func__.2
                0x000000001000cc64       0x13 CMakeFiles/hw3.dir/home/laehon/pico/pico-sdk/src/rp2_common/hardware_irq/irq.c.obj
 *fill*         0x000000001000cc77        0x1 
 .rodata.__func__.3
                0x000000001000cc78        0xc CMakeFiles/hw3.dir/home/laehon/pico/pico-sdk/src/rp2_common/hardware_irq/irq.c.obj
 .rodata.__func__.4
                0x000000001000cc84        0xf CMakeFiles/hw3.dir/home/laehon/pico/pico-sdk/src/rp2_common/hardware_irq/irq.c.obj
 *fill*         0x000000001000cc93        0x1 
 .rodata.__func__.5
                0x000000001000cc94       0x17 CMakeFiles/hw3.dir/home/laehon/pico/pico-sdk/src/rp2_common/hardware_irq/irq.c.obj
 *fill*         0x000000001000ccab        0x1 
 .rodata.__func__.6
                0x000000001000ccac       0x1a CMakeFiles/hw3.dir/home/laehon/pico/pico-sdk/src/rp2_common/hardware_irq/irq.c.obj
 *fill*         0x000000001000ccc6        0x2 
 .rodata.update_us_since_boot.str1.4
                0x000000001000ccc8       0x61 CMakeFiles/hw3.dir/home/laehon/pico/pico-sdk/src/common/pico_sync/mutex.c.obj
 *fill*         0x000000001000cd29        0x3 
 .rodata.str1.4
                0x000000001000cd2c       0x89 CMakeFiles/hw3.dir/home/laehon/pico/pico-sdk/src/common/pico_sync/mutex.c.obj
 *fill*         0x000000001000cdb5        0x3 
 .rodata.__func__.1
                0x000000001000cdb8        0xb CMakeFiles/hw3.dir/home/laehon/pico/pico-sdk/src/common/pico_sync/mutex.c.obj
 *fill*         0x000000001000cdc3        0x1 
 .rodata.__func__.3
                0x000000001000cdc4       0x18 CMakeFiles/hw3.dir/home/laehon/pico/pico-sdk/src/common/pico_sync/mutex.c.obj
 .rodata.__func__.4
                0x000000001000cddc       0x15 CMakeFiles/hw3.dir/home/laehon/pico/pico-sdk/src/common/pico_sync/mutex.c.obj
 *fill*         0x000000001000cdf1        0x3 
 .rodata.get_entry.str1.4
                0x000000001000cdf4       0x5b CMakeFiles/hw3.dir/home/laehon/pico/pico-sdk/src/common/pico_time/time.c.obj
 .rodata.update_us_since_boot.str1.4
                0x000000001000ce4f       0x61 CMakeFiles/hw3.dir/home/laehon/pico/pico-sdk/src/common/pico_time/time.c.obj
 *fill*         0x000000001000ce4f        0x1 
 .rodata.ph_get_node.str1.4
                0x000000001000ce50       0x66 CMakeFiles/hw3.dir/home/laehon/pico/pico-sdk/src/common/pico_time/time.c.obj
 *fill*         0x000000001000ceb6        0x2 
 .rodata.ph_add_child_node.str1.4
                0x000000001000ceb8       0x2e CMakeFiles/hw3.dir/home/laehon/pico/pico-sdk/src/common/pico_time/time.c.obj
 *fill*         0x000000001000cee6        0x2 
 .rodata.ph_insert_node.str1.4
                0x000000001000cee8        0x3 CMakeFiles/hw3.dir/home/laehon/pico/pico-sdk/src/common/pico_time/time.c.obj
 *fill*         0x000000001000ceeb        0x1 
 .rodata.ph_free_node.str1.4
                0x000000001000ceec       0x38 CMakeFiles/hw3.dir/home/laehon/pico/pico-sdk/src/common/pico_time/time.c.obj
 .rodata.add_alarm_under_lock.str1.4
                0x000000001000cf24       0x28 CMakeFiles/hw3.dir/home/laehon/pico/pico-sdk/src/common/pico_time/time.c.obj
 .rodata.alarm_pool_alarm_callback.str1.4
                0x000000001000cf4c       0x60 CMakeFiles/hw3.dir/home/laehon/pico/pico-sdk/src/common/pico_time/time.c.obj
 .rodata.alarm_pool_get_default.str1.4
                0x000000001000cfac       0x21 CMakeFiles/hw3.dir/home/laehon/pico/pico-sdk/src/common/pico_time/time.c.obj
 *fill*         0x000000001000cfcd        0x3 
 .rodata.alarm_pool_cancel_alarm.str1.4
                0x000000001000cfd0       0x27 CMakeFiles/hw3.dir/home/laehon/pico/pico-sdk/src/common/pico_time/time.c.obj
 *fill*         0x000000001000cff7        0x1 
 .rodata.sleep_until.str1.4
                0x000000001000cff8       0x4d CMakeFiles/hw3.dir/home/laehon/pico/pico-sdk/src/common/pico_time/time.c.obj
 *fill*         0x000000001000d045        0x3 
 .rodata.__func__.1
                0x000000001000d048       0x18 CMakeFiles/hw3.dir/home/laehon/pico/pico-sdk/src/common/pico_time/time.c.obj
 .rodata.__func__.3
                0x000000001000d060       0x17 CMakeFiles/hw3.dir/home/laehon/pico/pico-sdk/src/common/pico_time/time.c.obj
 *fill*         0x000000001000d077        0x1 
 .rodata.__func__.4
                0x000000001000d078       0x12 CMakeFiles/hw3.dir/home/laehon/pico/pico-sdk/src/common/pico_time/time.c.obj
 *fill*         0x000000001000d08a        0x2 
 .rodata.__func__.5
                0x000000001000d08c        0xd CMakeFiles/hw3.dir/home/laehon/pico/pico-sdk/src/common/pico_time/time.c.obj
 *fill*         0x000000001000d099        0x3 
 .rodata.__func__.6
                0x000000001000d09c       0x12 CMakeFiles/hw3.dir/home/laehon/pico/pico-sdk/src/common/pico_time/time.c.obj
 *fill*         0x000000001000d0ae        0x2 
 .rodata.__func__.7
                0x000000001000d0b0        0xf CMakeFiles/hw3.dir/home/laehon/pico/pico-sdk/src/common/pico_time/time.c.obj
 *fill*         0x000000001000d0bf        0x1 
 .rodata.__func__.8
                0x000000001000d0c0        0xc CMakeFiles/hw3.dir/home/laehon/pico/pico-sdk/src/common/pico_time/time.c.obj
 .rodata.__func__.9
                0x000000001000d0cc       0x15 CMakeFiles/hw3.dir/home/laehon/pico/pico-sdk/src/common/pico_time/time.c.obj
 *fill*         0x000000001000d0e1        0x3 
 .rodata.__func__.10
                0x000000001000d0e4       0x15 CMakeFiles/hw3.dir/home/laehon/pico/pico-sdk/src/common/pico_time/time.c.obj
 *fill*         0x000000001000d0f9        0x3 
 .rodata.__func__.11
                0x000000001000d0fc       0x1a CMakeFiles/hw3.dir/home/laehon/pico/pico-sdk/src/common/pico_time/time.c.obj
 *fill*         0x000000001000d116        0x2 
 .rodata.__func__.12
                0x000000001000d118        0xa CMakeFiles/hw3.dir/home/laehon/pico/pico-sdk/src/common/pico_time/time.c.obj
 *fill*         0x000000001000d122        0x6 
 .rodata.at_the_end_of_time
                0x000000001000d128        0x8 CMakeFiles/hw3.dir/home/laehon/pico/pico-sdk/src/common/pico_time/time.c.obj
                0x000000001000d128                at_the_end_of_time
 .rodata.update_us_since_boot.str1.4
                0x000000001000d130       0x61 CMakeFiles/hw3.dir/home/laehon/pico/pico-sdk/src/rp2_common/hardware_timer/timer.c.obj
 .rodata.hardware_alarm_claim.str1.4
                0x000000001000d130       0x22 CMakeFiles/hw3.dir/home/laehon/pico/pico-sdk/src/rp2_common/hardware_timer/timer.c.obj
 *fill*         0x000000001000d152        0x2 
 .rodata.hardware_alarm_set_target.str1.4
                0x000000001000d154       0x65 CMakeFiles/hw3.dir/home/laehon/pico/pico-sdk/src/rp2_common/hardware_timer/timer.c.obj
 *fill*         0x000000001000d1b9        0x3 
 .rodata.__func__.0
                0x000000001000d1bc       0x1a CMakeFiles/hw3.dir/home/laehon/pico/pico-sdk/src/rp2_common/hardware_timer/timer.c.obj
 *fill*         0x000000001000d1d6        0x2 
 .rodata.__func__.1
                0x000000001000d1d8       0x15 CMakeFiles/hw3.dir/home/laehon/pico/pico-sdk/src/rp2_common/hardware_timer/timer.c.obj
 .rodata.ph_get_node.str1.4
                0x000000001000d1ed       0x66 CMakeFiles/hw3.dir/home/laehon/pico/pico-sdk/src/common/pico_util/pheap.c.obj
 .rodata.ph_add_child_node.str1.4
                0x000000001000d1ed       0x2e CMakeFiles/hw3.dir/home/laehon/pico/pico-sdk/src/common/pico_util/pheap.c.obj
 *fill*         0x000000001000d1ed        0x3 
 .rodata.ph_remove_any_head.str1.4
                0x000000001000d1f0       0x8c CMakeFiles/hw3.dir/home/laehon/pico/pico-sdk/src/common/pico_util/pheap.c.obj
                                         0xa0 (size before relaxing)
 .rodata.ph_remove_and_free_node.str1.4
                0x000000001000d27c       0x1e CMakeFiles/hw3.dir/home/laehon/pico/pico-sdk/src/common/pico_util/pheap.c.obj
                                         0x26 (size before relaxing)
 *fill*         0x000000001000d29a        0x2 
 .rodata.__func__.0
                0x000000001000d29c       0x18 CMakeFiles/hw3.dir/home/laehon/pico/pico-sdk/src/common/pico_util/pheap.c.obj
 .rodata.__func__.1
                0x000000001000d2b4       0x13 CMakeFiles/hw3.dir/home/laehon/pico/pico-sdk/src/common/pico_util/pheap.c.obj
 *fill*         0x000000001000d2c7        0x1 
 .rodata.__func__.2
                0x000000001000d2c8       0x12 CMakeFiles/hw3.dir/home/laehon/pico/pico-sdk/src/common/pico_util/pheap.c.obj
 *fill*         0x000000001000d2da        0x2 
 .rodata.__func__.3