Archive member included to satisfy reference by file (symbol)

/usr/lib/gcc/arm-none-eabi/12.2.1/thumb/v6-m/nofp/libgcc.a(_dvmd_tls.o)
                              CMakeFiles/blink.dir/home/laehon/pico/pico-sdk/src/rp2_common/pico_divider/divider.S.obj (__aeabi_idiv0)
/usr/lib/gcc/arm-none-eabi/12.2.1/../../../arm-none-eabi/lib/thumb/v6-m/nofp/libg.a(lib_a-atexit.o)
                              /usr/lib/gcc/arm-none-eabi/12.2.1/../../../arm-none-eabi/lib/thumb/v6-m/nofp/crt0.o (atexit)
/usr/lib/gcc/arm-none-eabi/12.2.1/../../../arm-none-eabi/lib/thumb/v6-m/nofp/libg.a(lib_a-calloc.o)
                              CMakeFiles/blink.dir/home/laehon/pico/pico-sdk/src/rp2_common/pico_malloc/pico_malloc.c.obj (calloc)
/usr/lib/gcc/arm-none-eabi/12.2.1/../../../arm-none-eabi/lib/thumb/v6-m/nofp/libg.a(lib_a-callocr.o)
                              /usr/lib/gcc/arm-none-eabi/12.2.1/../../../arm-none-eabi/lib/thumb/v6-m/nofp/libg.a(lib_a-calloc.o) (_calloc_r)
/usr/lib/gcc/arm-none-eabi/12.2.1/../../../arm-none-eabi/lib/thumb/v6-m/nofp/libg.a(lib_a-fini.o)
                              /usr/lib/gcc/arm-none-eabi/12.2.1/../../../arm-none-eabi/lib/thumb/v6-m/nofp/crt0.o (__libc_fini_array)
/usr/lib/gcc/arm-none-eabi/12.2.1/../../../arm-none-eabi/lib/thumb/v6-m/nofp/libg.a(lib_a-impure.o)
                              /usr/lib/gcc/arm-none-eabi/12.2.1/../../../arm-none-eabi/lib/thumb/v6-m/nofp/libg.a(lib_a-calloc.o) (_impure_ptr)
/usr/lib/gcc/arm-none-eabi/12.2.1/../../../arm-none-eabi/lib/thumb/v6-m/nofp/libg.a(lib_a-init.o)
                              /usr/lib/gcc/arm-none-eabi/12.2.1/../../../arm-none-eabi/lib/thumb/v6-m/nofp/crt0.o (__libc_init_array)
/usr/lib/gcc/arm-none-eabi/12.2.1/../../../arm-none-eabi/lib/thumb/v6-m/nofp/libg.a(lib_a-malloc.o)
                              CMakeFiles/blink.dir/home/laehon/pico/pico-sdk/src/rp2_common/pico_malloc/pico_malloc.c.obj (malloc)
/usr/lib/gcc/arm-none-eabi/12.2.1/../../../arm-none-eabi/lib/thumb/v6-m/nofp/libg.a(lib_a-mallocr.o)
                              /usr/lib/gcc/arm-none-eabi/12.2.1/../../../arm-none-eabi/lib/thumb/v6-m/nofp/libg.a(lib_a-callocr.o) (_malloc_r)
/usr/lib/gcc/arm-none-eabi/12.2.1/../../../arm-none-eabi/lib/thumb/v6-m/nofp/libg.a(lib_a-mlock.o)
                              /usr/lib/gcc/arm-none-eabi/12.2.1/../../../arm-none-eabi/lib/thumb/v6-m/nofp/libg.a(lib_a-mallocr.o) (__malloc_lock)
/usr/lib/gcc/arm-none-eabi/12.2.1/../../../arm-none-eabi/lib/thumb/v6-m/nofp/libg.a(lib_a-realloc.o)
                              CMakeFiles/blink.dir/home/laehon/pico/pico-sdk/src/rp2_common/pico_malloc/pico_malloc.c.obj (realloc)
/usr/lib/gcc/arm-none-eabi/12.2.1/../../../arm-none-eabi/lib/thumb/v6-m/nofp/libg.a(lib_a-reallocr.o)
                              /usr/lib/gcc/arm-none-eabi/12.2.1/../../../arm-none-eabi/lib/thumb/v6-m/nofp/libg.a(lib_a-realloc.o) (_realloc_r)
/usr/lib/gcc/arm-none-eabi/12.2.1/../../../arm-none-eabi/lib/thumb/v6-m/nofp/libg.a(lib_a-sbrkr.o)
                              /usr/lib/gcc/arm-none-eabi/12.2.1/../../../arm-none-eabi/lib/thumb/v6-m/nofp/libg.a(lib_a-mallocr.o) (_sbrk_r)
/usr/lib/gcc/arm-none-eabi/12.2.1/../../../arm-none-eabi/lib/thumb/v6-m/nofp/libg.a(lib_a-strlen-stub.o)
                              CMakeFiles/blink.dir/home/laehon/pico/pico-sdk/src/rp2_common/pico_stdio/stdio.c.obj (strlen)
/usr/lib/gcc/arm-none-eabi/12.2.1/../../../arm-none-eabi/lib/thumb/v6-m/nofp/libg.a(lib_a-__atexit.o)
                              /usr/lib/gcc/arm-none-eabi/12.2.1/../../../arm-none-eabi/lib/thumb/v6-m/nofp/libg.a(lib_a-atexit.o) (__register_exitproc)
/usr/lib/gcc/arm-none-eabi/12.2.1/../../../arm-none-eabi/lib/thumb/v6-m/nofp/libg.a(lib_a-freer.o)
                              /usr/lib/gcc/arm-none-eabi/12.2.1/../../../arm-none-eabi/lib/thumb/v6-m/nofp/libg.a(lib_a-malloc.o) (_free_r)
/usr/lib/gcc/arm-none-eabi/12.2.1/../../../arm-none-eabi/lib/thumb/v6-m/nofp/libg.a(lib_a-memmove.o)
                              /usr/lib/gcc/arm-none-eabi/12.2.1/../../../arm-none-eabi/lib/thumb/v6-m/nofp/libg.a(lib_a-reallocr.o) (memmove)
/usr/lib/gcc/arm-none-eabi/12.2.1/../../../arm-none-eabi/lib/thumb/v6-m/nofp/libg.a(lib_a-reent.o)
                              /usr/lib/gcc/arm-none-eabi/12.2.1/../../../arm-none-eabi/lib/thumb/v6-m/nofp/libg.a(lib_a-sbrkr.o) (errno)

Discarded input sections

 .text          0x0000000000000000        0x0 /usr/lib/gcc/arm-none-eabi/12.2.1/thumb/v6-m/nofp/crti.o
 .data          0x0000000000000000        0x0 /usr/lib/gcc/arm-none-eabi/12.2.1/thumb/v6-m/nofp/crti.o
 .bss           0x0000000000000000        0x0 /usr/lib/gcc/arm-none-eabi/12.2.1/thumb/v6-m/nofp/crti.o
 .data          0x0000000000000000        0x4 /usr/lib/gcc/arm-none-eabi/12.2.1/thumb/v6-m/nofp/crtbegin.o
 .rodata        0x0000000000000000       0x24 /usr/lib/gcc/arm-none-eabi/12.2.1/thumb/v6-m/nofp/crtbegin.o
 .fini_array    0x0000000000000000        0x4 /usr/lib/gcc/arm-none-eabi/12.2.1/thumb/v6-m/nofp/crtbegin.o
[...]
Memory Configuration

Name             Origin             Length             Attributes
FLASH            0x0000000010000000 0x0000000000200000 xr
RAM              0x0000000020000000 0x0000000000040000 xrw
SCRATCH_X        0x0000000020040000 0x0000000000001000 xrw
SCRATCH_Y        0x0000000020041000 0x0000000000001000 xrw
*default*        0x0000000000000000 0xffffffffffffffff

Linker script and memory map

LOAD /usr/lib/gcc/arm-none-eabi/12.2.1/thumb/v6-m/nofp/crti.o
LOAD /usr/lib/gcc/arm-none-eabi/12.2.1/thumb/v6-m/nofp/crtbegin.o
LOAD /usr/lib/gcc/arm-none-eabi/12.2.1/../../../arm-none-eabi/lib/thumb/v6-m/nofp/crt0.o

.flash_begin    0x0000000010000000        0x0
                0x0000000010000000                __flash_binary_start = .

.boot2          0x0000000010000000      0x100
                0x0000000010000000                __boot2_start__ = .
 *(.boot2)
 .boot2         0x0000000010000000      0x100 /tmp/ccgNK9lp.o
                0x0000000010000100                __boot2_end__ = .
                0x0000000000000001                ASSERT (((__boot2_end__ - __boot2_start__) == 0x100), ERROR: Pico second stage bootloader must be 256 bytes in size)

.text           0x0000000010000100     0x3fe8
                0x0000000010000100                __logical_binary_start = .
 *(.vectors)
 .vectors       0x0000000010000100       0xd4 CMakeFiles/blink.dir/home/laehon/pico/pico-sdk/src/rp2_common/pico_standard_link/crt0.S.obj
                0x0000000010000100                __vectors
                0x0000000010000100                __VECTOR_TABLE
                0x00000000100001c0                isr_invalid
                0x00000000100001c0                __default_isrs_start
                0x00000000100001c2                isr_nmi
                0x00000000100001c4                isr_hardfault
                0x00000000100001c6                isr_svcall
                0x00000000100001c8                isr_pendsv
                0x00000000100001ca                isr_systick
                0x00000000100001cc                isr_irq30
                0x00000000100001cc                __unhandled_user_irq
                0x00000000100001cc                isr_irq13
                0x00000000100001cc                isr_irq27
                0x00000000100001cc                isr_irq31
                0x00000000100001cc                isr_irq5
                0x00000000100001cc                isr_irq11
                0x00000000100001cc                isr_irq23
                0x00000000100001cc                isr_irq18
                0x00000000100001cc                isr_irq28
                0x00000000100001cc                isr_irq19
                0x00000000100001cc                isr_irq0
                0x00000000100001cc                isr_irq6
                0x00000000100001cc                isr_irq22
                0x00000000100001cc                isr_irq17
                0x00000000100001cc                isr_irq14
                0x00000000100001cc                isr_irq2
                0x00000000100001cc                isr_irq10
                0x00000000100001cc                isr_irq8
                0x00000000100001cc                isr_irq24
                0x00000000100001cc                isr_irq1
                0x00000000100001cc                isr_irq7
                0x00000000100001cc                isr_irq21
                0x00000000100001cc                isr_irq20
                0x00000000100001cc                isr_irq15
                0x00000000100001cc                isr_irq25
                0x00000000100001cc                isr_irq4
                0x00000000100001cc                isr_irq16
                0x00000000100001cc                isr_irq29
                0x00000000100001cc                isr_irq26
                0x00000000100001cc                __default_isrs_end
                0x00000000100001cc                isr_irq3
                0x00000000100001cc                isr_irq12
                0x00000000100001cc                isr_irq9
                0x00000000100001d2                unhandled_user_irq_num_in_r0
 *(.binary_info_header)
 .binary_info_header
                0x00000000100001d4       0x14 CMakeFiles/blink.dir/home/laehon/pico/pico-sdk/src/rp2_common/pico_standard_link/crt0.S.obj
                0x00000000100001e8                __binary_info_header_end = .
 *(.reset)
 .reset         0x00000000100001e8       0xa0 CMakeFiles/blink.dir/home/laehon/pico/pico-sdk/src/rp2_common/pico_standard_link/crt0.S.obj
                0x00000000100001e8                _entry_point
 .reset         0x0000000010000288       0x30 CMakeFiles/blink.dir/home/laehon/pico/pico-sdk/src/rp2_common/pico_standard_link/binary_info.c.obj
 *(.init)
 .init          0x00000000100002b8        0x4 /usr/lib/gcc/arm-none-eabi/12.2.1/thumb/v6-m/nofp/crti.o
                0x00000000100002b8                _init
 *(EXCLUDE_FILE(*libm.a: *libc.a:*lib_a-mem*.o *libgcc.a:) .text*)
 .text          0x00000000100002bc       0x98 /usr/lib/gcc/arm-none-eabi/12.2.1/thumb/v6-m/nofp/crtbegin.o
 .text.main     0x0000000010000354       0x2c CMakeFiles/blink.dir/blink.c.obj
                0x0000000010000354                main
 .text.gpio_set_function
                0x0000000010000380       0x30 CMakeFiles/blink.dir/home/laehon/pico/pico-sdk/src/rp2_common/hardware_gpio/gpio.c.obj
                0x0000000010000380                gpio_set_function
 .text.gpio_init
                0x00000000100003b0       0x16 CMakeFiles/blink.dir/home/laehon/pico/pico-sdk/src/rp2_common/hardware_gpio/gpio.c.obj
                0x00000000100003b0                gpio_init
 *fill*         0x00000000100003c6        0x2 
 .text.running_on_fpga
                0x00000000100003c8       0x14 CMakeFiles/blink.dir/home/laehon/pico/pico-sdk/src/rp2_common/pico_platform/platform.c.obj
                0x00000000100003c8                running_on_fpga
 .text.hw_claim_lock
                0x00000000100003dc       0x18 CMakeFiles/blink.dir/home/laehon/pico/pico-sdk/src/rp2_common/hardware_claim/claim.c.obj
                0x00000000100003dc                hw_claim_lock
 .text.hw_claim_unlock
                0x00000000100003f4       0x14 CMakeFiles/blink.dir/home/laehon/pico/pico-sdk/src/rp2_common/hardware_claim/claim.c.obj
                0x00000000100003f4                hw_claim_unlock
 .text.hw_claim_or_assert
                0x0000000010000408       0x32 CMakeFiles/blink.dir/home/laehon/pico/pico-sdk/src/rp2_common/hardware_claim/claim.c.obj
                0x0000000010000408                hw_claim_or_assert
 *fill*         0x000000001000043a        0x2 
 .text.spin_locks_reset
                0x000000001000043c       0x20 CMakeFiles/blink.dir/home/laehon/pico/pico-sdk/src/rp2_common/hardware_sync/sync.c.obj
                0x000000001000043c                spin_locks_reset
 .text.next_striped_spin_lock_num
                0x000000001000045c       0x1c CMakeFiles/blink.dir/home/laehon/pico/pico-sdk/src/rp2_common/hardware_sync/sync.c.obj
                0x000000001000045c                next_striped_spin_lock_num
 .text.set_raw_irq_handler_and_unlock
                0x0000000010000478       0x28 CMakeFiles/blink.dir/home/laehon/pico/pico-sdk/src/rp2_common/hardware_irq/irq.c.obj
 .text.resolve_branch
                0x00000000100004a0       0x30 CMakeFiles/blink.dir/home/laehon/pico/pico-sdk/src/rp2_common/hardware_irq/irq.c.obj
 .text.make_branch
                0x00000000100004d0       0x48 CMakeFiles/blink.dir/home/laehon/pico/pico-sdk/src/rp2_common/hardware_irq/irq.c.obj
 .text.insert_branch_and_link
                0x0000000010000518       0x40 CMakeFiles/blink.dir/home/laehon/pico/pico-sdk/src/rp2_common/hardware_irq/irq.c.obj
 .text.irq_is_enabled
                0x0000000010000558       0x18 CMakeFiles/blink.dir/home/laehon/pico/pico-sdk/src/rp2_common/hardware_irq/irq.c.obj
                0x0000000010000558                irq_is_enabled
 .text.irq_set_mask_enabled
                0x0000000010000570       0x20 CMakeFiles/blink.dir/home/laehon/pico/pico-sdk/src/rp2_common/hardware_irq/irq.c.obj
                0x0000000010000570                irq_set_mask_enabled
 .text.irq_set_enabled
                0x0000000010000590        0xe CMakeFiles/blink.dir/home/laehon/pico/pico-sdk/src/rp2_common/hardware_irq/irq.c.obj
                0x0000000010000590                irq_set_enabled
 *fill*         0x000000001000059e        0x2 
 .text.irq_get_vtable_handler
                0x00000000100005a0       0x10 CMakeFiles/blink.dir/home/laehon/pico/pico-sdk/src/rp2_common/hardware_irq/irq.c.obj
                0x00000000100005a0                irq_get_vtable_handler
 .text.irq_set_exclusive_handler
                0x00000000100005b0       0x54 CMakeFiles/blink.dir/home/laehon/pico/pico-sdk/src/rp2_common/hardware_irq/irq.c.obj
                0x00000000100005b0                irq_set_exclusive_handler
 .text.irq_remove_handler
                0x0000000010000604      0x188 CMakeFiles/blink.dir/home/laehon/pico/pico-sdk/src/rp2_common/hardware_irq/irq.c.obj
                0x0000000010000604                irq_remove_handler
 .text.irq_add_tail_to_free_list
                0x000000001000078c       0xf0 CMakeFiles/blink.dir/home/laehon/pico/pico-sdk/src/rp2_common/hardware_irq/irq.c.obj
                0x000000001000078c                irq_add_tail_to_free_list
 .text.irq_init_priorities
                0x000000001000087c       0x1c CMakeFiles/blink.dir/home/laehon/pico/pico-sdk/src/rp2_common/hardware_irq/irq.c.obj
                0x000000001000087c                irq_init_priorities
 .text.lock_init
                0x0000000010000898       0x10 CMakeFiles/blink.dir/home/laehon/pico/pico-sdk/src/common/pico_sync/lock_core.c.obj
                0x0000000010000898                lock_init
 .text.mutex_init
                0x00000000100008a8       0x1a CMakeFiles/blink.dir/home/laehon/pico/pico-sdk/src/common/pico_sync/mutex.c.obj
                0x00000000100008a8                mutex_init
 .text.recursive_mutex_init
                0x00000000100008c2       0x1e CMakeFiles/blink.dir/home/laehon/pico/pico-sdk/src/common/pico_sync/mutex.c.obj
                0x00000000100008c2                recursive_mutex_init
 .text.time_reached
                0x00000000100008e0       0x28 CMakeFiles/blink.dir/home/laehon/pico/pico-sdk/src/common/pico_time/time.c.obj
 .text.get_entry
                0x0000000010000908       0x38 CMakeFiles/blink.dir/home/laehon/pico/pico-sdk/src/common/pico_time/time.c.obj
 .text.timer_pool_entry_comparator
                0x0000000010000940       0x2e CMakeFiles/blink.dir/home/laehon/pico/pico-sdk/src/common/pico_time/time.c.obj
                0x0000000010000940                timer_pool_entry_comparator
 *fill*         0x000000001000096e        0x2 
 .text.update_us_since_boot
                0x0000000010000970       0x24 CMakeFiles/blink.dir/home/laehon/pico/pico-sdk/src/common/pico_time/time.c.obj
 .text.delayed_by_us
                0x0000000010000994       0x34 CMakeFiles/blink.dir/home/laehon/pico/pico-sdk/src/common/pico_time/time.c.obj
 .text.ph_get_node
                0x00000000100009c8       0x30 CMakeFiles/blink.dir/home/laehon/pico/pico-sdk/src/common/pico_time/time.c.obj
 .text.ph_contains_node
                0x00000000100009f8       0x1e CMakeFiles/blink.dir/home/laehon/pico/pico-sdk/src/common/pico_time/time.c.obj
 .text.ph_new_node
                0x0000000010000a16       0x28 CMakeFiles/blink.dir/home/laehon/pico/pico-sdk/src/common/pico_time/time.c.obj
 *fill*         0x0000000010000a3e        0x2 
 .text.ph_add_child_node
                0x0000000010000a40       0x6c CMakeFiles/blink.dir/home/laehon/pico/pico-sdk/src/common/pico_time/time.c.obj
 .text.ph_merge_nodes
                0x0000000010000aac       0x3e CMakeFiles/blink.dir/home/laehon/pico/pico-sdk/src/common/pico_time/time.c.obj
 *fill*         0x0000000010000aea        0x2 
 .text.ph_insert_node
                0x0000000010000aec       0x3c CMakeFiles/blink.dir/home/laehon/pico/pico-sdk/src/common/pico_time/time.c.obj
 .text.ph_free_node
                0x0000000010000b28       0x5c CMakeFiles/blink.dir/home/laehon/pico/pico-sdk/src/common/pico_time/time.c.obj
 .text.get_entry_id_high
                0x0000000010000b84       0x30 CMakeFiles/blink.dir/home/laehon/pico/pico-sdk/src/common/pico_time/time.c.obj
 .text.alarm_pool_post_alloc_init
                0x0000000010000bb4       0x40 CMakeFiles/blink.dir/home/laehon/pico/pico-sdk/src/common/pico_time/time.c.obj
 .text.sleep_until_callback
                0x0000000010000bf4       0x30 CMakeFiles/blink.dir/home/laehon/pico/pico-sdk/src/common/pico_time/time.c.obj
 .text.get_absolute_time
                0x0000000010000c24       0x22 CMakeFiles/blink.dir/home/laehon/pico/pico-sdk/src/common/pico_time/time.c.obj
 .text.make_timeout_time_us
                0x0000000010000c46       0x24 CMakeFiles/blink.dir/home/laehon/pico/pico-sdk/src/common/pico_time/time.c.obj
 *fill*         0x0000000010000c6a        0x2 
 .text.add_alarm_under_lock
                0x0000000010000c6c       0x94 CMakeFiles/blink.dir/home/laehon/pico/pico-sdk/src/common/pico_time/time.c.obj
 .text.alarm_pool_alarm_callback
                0x0000000010000d00      0x210 CMakeFiles/blink.dir/home/laehon/pico/pico-sdk/src/common/pico_time/time.c.obj
 .text.alarm_pool_init_default
                0x0000000010000f10       0x40 CMakeFiles/blink.dir/home/laehon/pico/pico-sdk/src/common/pico_time/time.c.obj
                0x0000000010000f10                alarm_pool_init_default
 .text.alarm_pool_get_default
                0x0000000010000f50       0x2c CMakeFiles/blink.dir/home/laehon/pico/pico-sdk/src/common/pico_time/time.c.obj
                0x0000000010000f50                alarm_pool_get_default
 .text.alarm_pool_add_alarm_at
                0x0000000010000f7c      0x10e CMakeFiles/blink.dir/home/laehon/pico/pico-sdk/src/common/pico_time/time.c.obj
                0x0000000010000f7c                alarm_pool_add_alarm_at
 .text.add_alarm_at
                0x000000001000108a       0x2e CMakeFiles/blink.dir/home/laehon/pico/pico-sdk/src/common/pico_time/time.c.obj
 .text.alarm_pool_cancel_alarm
                0x00000000100010b8       0xa8 CMakeFiles/blink.dir/home/laehon/pico/pico-sdk/src/common/pico_time/time.c.obj
                0x00000000100010b8                alarm_pool_cancel_alarm
 .text.cancel_alarm
                0x0000000010001160       0x10 CMakeFiles/blink.dir/home/laehon/pico/pico-sdk/src/common/pico_time/time.c.obj
 .text.sleep_until
                0x0000000010001170       0xb0 CMakeFiles/blink.dir/home/laehon/pico/pico-sdk/src/common/pico_time/time.c.obj
                0x0000000010001170                sleep_until
 .text.sleep_us
                0x0000000010001220       0x1a CMakeFiles/blink.dir/home/laehon/pico/pico-sdk/src/common/pico_time/time.c.obj
                0x0000000010001220                sleep_us
 .text.sleep_ms
                0x000000001000123a       0x14 CMakeFiles/blink.dir/home/laehon/pico/pico-sdk/src/common/pico_time/time.c.obj
                0x000000001000123a                sleep_ms
 *fill*         0x000000001000124e        0x2 
 .text.best_effort_wfe_or_timeout
                0x0000000010001250       0x44 CMakeFiles/blink.dir/home/laehon/pico/pico-sdk/src/common/pico_time/time.c.obj
                0x0000000010001250                best_effort_wfe_or_timeout
 .text.hardware_alarm_irq_handler
                0x0000000010001294       0x8c CMakeFiles/blink.dir/home/laehon/pico/pico-sdk/src/rp2_common/hardware_timer/timer.c.obj
 .text.hardware_alarm_claim
                0x0000000010001320       0x18 CMakeFiles/blink.dir/home/laehon/pico/pico-sdk/src/rp2_common/hardware_timer/timer.c.obj
                0x0000000010001320                hardware_alarm_claim
 .text.time_us_64
                0x0000000010001338       0x18 CMakeFiles/blink.dir/home/laehon/pico/pico-sdk/src/rp2_common/hardware_timer/timer.c.obj
                0x0000000010001338                time_us_64
 .text.busy_wait_until
                0x0000000010001350       0x28 CMakeFiles/blink.dir/home/laehon/pico/pico-sdk/src/rp2_common/hardware_timer/timer.c.obj
                0x0000000010001350                busy_wait_until
 .text.hardware_alarm_set_callback
                0x0000000010001378       0x90 CMakeFiles/blink.dir/home/laehon/pico/pico-sdk/src/rp2_common/hardware_timer/timer.c.obj
                0x0000000010001378                hardware_alarm_set_callback
 .text.hardware_alarm_set_target
                0x0000000010001408       0xe8 CMakeFiles/blink.dir/home/laehon/pico/pico-sdk/src/rp2_common/hardware_timer/timer.c.obj
                0x0000000010001408                hardware_alarm_set_target
 .text.hardware_alarm_cancel
                0x00000000100014f0       0x40 CMakeFiles/blink.dir/home/laehon/pico/pico-sdk/src/rp2_common/hardware_timer/timer.c.obj
                0x00000000100014f0                hardware_alarm_cancel
 .text.ph_get_node
                0x0000000010001530       0x30 CMakeFiles/blink.dir/home/laehon/pico/pico-sdk/src/common/pico_util/pheap.c.obj
 .text.ph_add_child_node
                0x0000000010001560       0x6c CMakeFiles/blink.dir/home/laehon/pico/pico-sdk/src/common/pico_util/pheap.c.obj
 .text.ph_merge_nodes
                0x00000000100015cc       0x3e CMakeFiles/blink.dir/home/laehon/pico/pico-sdk/src/common/pico_util/pheap.c.obj
 .text.ph_clear
                0x000000001000160a       0x34 CMakeFiles/blink.dir/home/laehon/pico/pico-sdk/src/common/pico_util/pheap.c.obj
                0x000000001000160a                ph_clear
 .text.ph_post_alloc_init
                0x000000001000163e        0xe CMakeFiles/blink.dir/home/laehon/pico/pico-sdk/src/common/pico_util/pheap.c.obj
                0x000000001000163e                ph_post_alloc_init
 .text.ph_merge_two_pass
                0x000000001000164c       0x5c CMakeFiles/blink.dir/home/laehon/pico/pico-sdk/src/common/pico_util/pheap.c.obj
                0x000000001000164c                ph_merge_two_pass
 .text.ph_remove_any_head
                0x00000000100016a8       0xc0 CMakeFiles/blink.dir/home/laehon/pico/pico-sdk/src/common/pico_util/pheap.c.obj
 .text.ph_remove_head
                0x0000000010001768       0x14 CMakeFiles/blink.dir/home/laehon/pico/pico-sdk/src/common/pico_util/pheap.c.obj
                0x0000000010001768                ph_remove_head
 .text.ph_remove_and_free_node
                0x000000001000177c       0xa0 CMakeFiles/blink.dir/home/laehon/pico/pico-sdk/src/common/pico_util/pheap.c.obj
                0x000000001000177c                ph_remove_and_free_node
 .text.clock_configure
                0x000000001000181c      0x108 CMakeFiles/blink.dir/home/laehon/pico/pico-sdk/src/rp2_common/hardware_clocks/clocks.c.obj
                0x000000001000181c                clock_configure
 .text.clocks_init
                0x0000000010001924      0x100 CMakeFiles/blink.dir/home/laehon/pico/pico-sdk/src/rp2_common/hardware_clocks/clocks.c.obj
                0x0000000010001924                clocks_init
 .text.pll_init
                0x0000000010001a24      0x120 CMakeFiles/blink.dir/home/laehon/pico/pico-sdk/src/rp2_common/hardware_pll/pll.c.obj
                0x0000000010001a24                pll_init
 .text.watchdog_start_tick
                0x0000000010001b44       0x10 CMakeFiles/blink.dir/home/laehon/pico/pico-sdk/src/rp2_common/hardware_watchdog/watchdog.c.obj
                0x0000000010001b44                watchdog_start_tick
 .text.xosc_init
                0x0000000010001b54       0x28 CMakeFiles/blink.dir/home/laehon/pico/pico-sdk/src/rp2_common/hardware_xosc/xosc.c.obj
                0x0000000010001b54                xosc_init
 .text._exit    0x0000000010001b7c        0x4 CMakeFiles/blink.dir/home/laehon/pico/pico-sdk/src/rp2_common/pico_runtime/runtime.c.obj
                0x0000000010001b7c                _exit
 .text.exit     0x0000000010001b80        0x6 CMakeFiles/blink.dir/home/laehon/pico/pico-sdk/src/rp2_common/pico_runtime/runtime.c.obj
                0x0000000010001b80                exit
 *fill*         0x0000000010001b86        0x2 
 .text.__assert_func
                0x0000000010001b88       0x38 CMakeFiles/blink.dir/home/laehon/pico/pico-sdk/src/rp2_common/pico_runtime/runtime.c.obj
                0x0000000010001b88                __assert_func
 .text.runtime_init
                0x0000000010001bc0       0xf8 CMakeFiles/blink.dir/home/laehon/pico/pico-sdk/src/rp2_common/pico_runtime/runtime.c.obj
                0x0000000010001bc0                runtime_init
 .text.panic    0x0000000010001cb8       0x30 CMakeFiles/blink.dir/home/laehon/pico/pico-sdk/src/rp2_common/pico_runtime/runtime.c.obj
                0x0000000010001cb8                panic
 .text._out_null
                0x0000000010001ce8        0x2 CMakeFiles/blink.dir/home/laehon/pico/pico-sdk/src/rp2_common/pico_printf/printf.c.obj
 .text._out_fct
                0x0000000010001cea        0xe CMakeFiles/blink.dir/home/laehon/pico/pico-sdk/src/rp2_common/pico_printf/printf.c.obj
 .text._atoi    0x0000000010001cf8       0x24 CMakeFiles/blink.dir/home/laehon/pico/pico-sdk/src/rp2_common/pico_printf/printf.c.obj
 .text._out_rev
                0x0000000010001d1c       0xae CMakeFiles/blink.dir/home/laehon/pico/pico-sdk/src/rp2_common/pico_printf/printf.c.obj
 .text._ntoa_format
                0x0000000010001dca      0x110 CMakeFiles/blink.dir/home/laehon/pico/pico-sdk/src/rp2_common/pico_printf/printf.c.obj
 .text._ntoa_long
                0x0000000010001eda       0xbc CMakeFiles/blink.dir/home/laehon/pico/pico-sdk/src/rp2_common/pico_printf/printf.c.obj
 .text._ntoa_long_long
                0x0000000010001f96      0x10e CMakeFiles/blink.dir/home/laehon/pico/pico-sdk/src/rp2_common/pico_printf/printf.c.obj
 .text._etoa    0x00000000100020a4      0x420 CMakeFiles/blink.dir/home/laehon/pico/pico-sdk/src/rp2_common/pico_printf/printf.c.obj
 .text._ftoa    0x00000000100024c4      0x354 CMakeFiles/blink.dir/home/laehon/pico/pico-sdk/src/rp2_common/pico_printf/printf.c.obj
 .text._vsnprintf
                0x0000000010002818      0x65c CMakeFiles/blink.dir/home/laehon/pico/pico-sdk/src/rp2_common/pico_printf/printf.c.obj
 .text.vfctprintf
                0x0000000010002e74       0x20 CMakeFiles/blink.dir/home/laehon/pico/pico-sdk/src/rp2_common/pico_printf/printf.c.obj
                0x0000000010002e74                vfctprintf
 .text          0x0000000010002e94       0x10 CMakeFiles/blink.dir/home/laehon/pico/pico-sdk/src/rp2_common/pico_bit_ops/bit_ops_aeabi.S.obj
 .text.rom_func_lookup
                0x0000000010002ea4       0x10 CMakeFiles/blink.dir/home/laehon/pico/pico-sdk/src/rp2_common/pico_bootrom/bootrom.c.obj
                0x0000000010002ea4                rom_func_lookup
 .text.rom_data_lookup
                0x0000000010002eb4       0x10 CMakeFiles/blink.dir/home/laehon/pico/pico-sdk/src/rp2_common/pico_bootrom/bootrom.c.obj
                0x0000000010002eb4                rom_data_lookup
 .text.rom_funcs_lookup
                0x0000000010002ec4       0x36 CMakeFiles/blink.dir/home/laehon/pico/pico-sdk/src/rp2_common/pico_bootrom/bootrom.c.obj
                0x0000000010002ec4                rom_funcs_lookup
 *fill*         0x0000000010002efa        0x2 
 .text.__wrap___aeabi_idiv
                0x0000000010002efc       0x50 CMakeFiles/blink.dir/home/laehon/pico/pico-sdk/src/rp2_common/pico_divider/divider.S.obj
                0x0000000010002efc                __wrap___aeabi_idivmod
                0x0000000010002efc                divmod_s32s32
                0x0000000010002efc                div_s32s32
                0x0000000010002efc                __wrap___aeabi_idiv
                0x0000000010002f04                divmod_s32s32_unsafe
                0x0000000010002f30                divmod_s32s32_savestate
 .text.__wrap___aeabi_uidiv
                0x0000000010002f4c       0x4c CMakeFiles/blink.dir/home/laehon/pico/pico-sdk/src/rp2_common/pico_divider/divider.S.obj
                0x0000000010002f4c                __wrap___aeabi_uidiv
                0x0000000010002f4c                __wrap___aeabi_uidivmod
                0x0000000010002f4c                div_u32u32
                0x0000000010002f4c                divmod_u32u32
                0x0000000010002f54                divmod_u32u32_unsafe
                0x0000000010002f7c                divmod_u32u32_savestate
 .text.__wrap___aeabi_ldiv
                0x0000000010002f98      0x424 CMakeFiles/blink.dir/home/laehon/pico/pico-sdk/src/rp2_common/pico_divider/divider.S.obj
                0x0000000010002f98                div_s64s64
                0x0000000010002f98                divmod_s64s64
                0x0000000010002f98                __wrap___aeabi_ldivmod
                0x0000000010002fc8                div_u64u64
                0x0000000010002fc8                divmod_u64u64
                0x0000000010002fc8                __wrap___aeabi_uldivmod
                0x0000000010002fd8                divmod_u64u64_savestate
                0x0000000010002ff8                divmod_s64s64_unsafe
                0x0000000010003080                divmod_u64u64_unsafe
 .text.__wrap___aeabi_darithmetic
                0x00000000100033bc       0x80 CMakeFiles/blink.dir/home/laehon/pico/pico-sdk/src/rp2_common/pico_double/double_aeabi.S.obj
                0x00000000100033bc                __wrap___aeabi_drsub
                0x00000000100033c2                __wrap___aeabi_dsub
                0x00000000100033d4                __wrap___aeabi_dadd
                0x00000000100033e6                __wrap___aeabi_ddiv
                0x0000000010003422                __wrap___aeabi_dmul
 .text.__wrap___aeabi_cdcmple
                0x000000001000343c       0x6c CMakeFiles/blink.dir/home/laehon/pico/pico-sdk/src/rp2_common/pico_double/double_aeabi.S.obj
                0x000000001000343c                __wrap___aeabi_cdrcmple
                0x000000001000344c                __wrap___aeabi_cdcmple
                0x000000001000344c                __wrap___aeabi_cdcmpeq
 .text.__wrap___aeabi_dcmplt
                0x00000000100034a8        0xc CMakeFiles/blink.dir/home/laehon/pico/pico-sdk/src/rp2_common/pico_double/double_aeabi.S.obj
                0x00000000100034a8                __wrap___aeabi_dcmplt
 .text.__wrap___aeabi_dcmple
                0x00000000100034b4       0x10 CMakeFiles/blink.dir/home/laehon/pico/pico-sdk/src/rp2_common/pico_double/double_aeabi.S.obj
                0x00000000100034b4                __wrap___aeabi_dcmple
 .text.__wrap___aeabi_dcmpge
                0x00000000100034c4       0x10 CMakeFiles/blink.dir/home/laehon/pico/pico-sdk/src/rp2_common/pico_double/double_aeabi.S.obj
                0x00000000100034c4                __wrap___aeabi_dcmpge
 .text.__wrap___aeabi_dcmpgt
                0x00000000100034d4        0xa CMakeFiles/blink.dir/home/laehon/pico/pico-sdk/src/rp2_common/pico_double/double_aeabi.S.obj
                0x00000000100034d4                __wrap___aeabi_dcmpgt
 .text.__wrap___aeabi_dcmpun
                0x00000000100034de       0x1c CMakeFiles/blink.dir/home/laehon/pico/pico-sdk/src/rp2_common/pico_double/double_aeabi.S.obj
                0x00000000100034de                __wrap___aeabi_dcmpun
 *fill*         0x00000000100034fa        0x2 
 .text.__wrap___aeabi_i2d
                0x00000000100034fc       0x38 CMakeFiles/blink.dir/home/laehon/pico/pico-sdk/src/rp2_common/pico_double/double_aeabi.S.obj
                0x00000000100034fc                __wrap___aeabi_ui2d
                0x0000000010003504                __wrap___aeabi_i2d
 .text.__wrap___aeabi_d2iz
                0x0000000010003534       0x48 CMakeFiles/blink.dir/home/laehon/pico/pico-sdk/src/rp2_common/pico_double/double_aeabi.S.obj
                0x0000000010003534                __wrap___aeabi_d2iz
                0x0000000010003534                double2int_z
 .text.__wrap___aeabi_d2uiz
                0x000000001000357c       0x18 CMakeFiles/blink.dir/home/laehon/pico/pico-sdk/src/rp2_common/pico_double/double_aeabi.S.obj
                0x000000001000357c                double2uint
                0x000000001000357c                __wrap___aeabi_d2uiz
 .text.__aeabi_double_init
                0x0000000010003594       0xcc CMakeFiles/blink.dir/home/laehon/pico/pico-sdk/src/rp2_common/pico_double/double_init_rom.c.obj
                0x0000000010003594                __aeabi_double_init
 .text.double_table_shim_on_use_helper
                0x0000000010003660       0x34 CMakeFiles/blink.dir/home/laehon/pico/pico-sdk/src/rp2_common/pico_double/double_v1_rom_shim.S.obj
                0x0000000010003660                double_table_shim_on_use_helper
 .text.__wrap___aeabi_dsub
                0x0000000010003694       0x10 CMakeFiles/blink.dir/home/laehon/pico/pico-sdk/src/rp2_common/pico_double/double_v1_rom_shim.S.obj
                0x0000000010003694                drsub_shim
                0x000000001000369a                dsub_shim
 .text.dadd_shim
                0x00000000100036a4      0x15c CMakeFiles/blink.dir/home/laehon/pico/pico-sdk/src/rp2_common/pico_double/double_v1_rom_shim.S.obj
                0x00000000100036a4                dadd_shim
 .text.dmul_shim
                0x0000000010003800      0x15c CMakeFiles/blink.dir/home/laehon/pico/pico-sdk/src/rp2_common/pico_double/double_v1_rom_shim.S.obj
                0x0000000010003800                dmul_shim
 .text.ddiv_shim
                0x000000001000395c      0x1b0 CMakeFiles/blink.dir/home/laehon/pico/pico-sdk/src/rp2_common/pico_double/double_v1_rom_shim.S.obj
                0x000000001000395c                ddiv_shim
 .text.double2uint_shim
                0x0000000010003b0c        0xe CMakeFiles/blink.dir/home/laehon/pico/pico-sdk/src/rp2_common/pico_double/double_v1_rom_shim.S.obj
                0x0000000010003b0c                double2uint_shim
                0x0000000010003b0e                double2ufix_shim
 *fill*         0x0000000010003b1a        0x2 
 .text.double2uint64_shim
                0x0000000010003b1c       0x70 CMakeFiles/blink.dir/home/laehon/pico/pico-sdk/src/rp2_common/pico_double/double_v1_rom_shim.S.obj
                0x0000000010003b1c                double2uint64_shim
                0x0000000010003b1e                double2ufix64_shim
                0x0000000010003b3e                d2fix_a
 .text.dunpacks
                0x0000000010003b8c       0x3c CMakeFiles/blink.dir/home/laehon/pico/pico-sdk/src/rp2_common/pico_double/double_v1_rom_shim.S.obj
                0x0000000010003b8c                dunpacks
 .text.__aeabi_lmul
                0x0000000010003bc8       0x32 CMakeFiles/blink.dir/home/laehon/pico/pico-sdk/src/rp2_common/pico_int64_ops/pico_int64_ops_aeabi.S.obj
                0x0000000010003bc8                __wrap___aeabi_lmul
 *fill*         0x0000000010003bfa        0x2 
 .text.__aeabi_float_init
                0x0000000010003bfc       0xfc CMakeFiles/blink.dir/home/laehon/pico/pico-sdk/src/rp2_common/pico_float/float_init_rom.c.obj
                0x0000000010003bfc                __aeabi_float_init
 .text.float_table_shim_on_use_helper
                0x0000000010003cf8       0x34 CMakeFiles/blink.dir/home/laehon/pico/pico-sdk/src/rp2_common/pico_float/float_v1_rom_shim.S.obj
                0x0000000010003cf8                float_table_shim_on_use_helper
 .text          0x0000000010003d2c       0x10 CMakeFiles/blink.dir/home/laehon/pico/pico-sdk/src/rp2_common/pico_mem_ops/mem_ops_aeabi.S.obj
                0x0000000010003d2c                __aeabi_mem_init
 .text.memcpy   0x0000000010003d3c        0xc CMakeFiles/blink.dir/home/laehon/pico/pico-sdk/src/rp2_common/pico_mem_ops/mem_ops_aeabi.S.obj
                0x0000000010003d3c                __wrap___aeabi_memcpy
                0x0000000010003d3c                __wrap_memcpy
 .text.stdio_out_chars_no_crlf
                0x0000000010003d48        0xe CMakeFiles/blink.dir/home/laehon/pico/pico-sdk/src/rp2_common/pico_stdio/stdio.c.obj
 *fill*         0x0000000010003d56        0x2 
 .text.stdio_out_chars_crlf
                0x0000000010003d58       0x80 CMakeFiles/blink.dir/home/laehon/pico/pico-sdk/src/rp2_common/pico_stdio/stdio.c.obj
 .text.stdio_stack_buffer_flush
                0x0000000010003dd8       0x44 CMakeFiles/blink.dir/home/laehon/pico/pico-sdk/src/rp2_common/pico_stdio/stdio.c.obj
 .text.stdio_buffered_printer
                0x0000000010003e1c       0x20 CMakeFiles/blink.dir/home/laehon/pico/pico-sdk/src/rp2_common/pico_stdio/stdio.c.obj
 .text.update_us_since_boot
                0x0000000010003e3c       0x24 CMakeFiles/blink.dir/home/laehon/pico/pico-sdk/src/rp2_common/pico_stdio/stdio.c.obj
 .text.get_absolute_time
                0x0000000010003e60       0x22 CMakeFiles/blink.dir/home/laehon/pico/pico-sdk/src/rp2_common/pico_stdio/stdio.c.obj
 *fill*         0x0000000010003e82        0x2 
 .text.delayed_by_ms
                0x0000000010003e84       0x44 CMakeFiles/blink.dir/home/laehon/pico/pico-sdk/src/rp2_common/pico_stdio/stdio.c.obj
 .text.make_timeout_time_ms
                0x0000000010003ec8       0x20 CMakeFiles/blink.dir/home/laehon/pico/pico-sdk/src/rp2_common/pico_stdio/stdio.c.obj
 .text.stdout_serialize_begin
                0x0000000010003ee8       0x20 CMakeFiles/blink.dir/home/laehon/pico/pico-sdk/src/rp2_common/pico_stdio/stdio.c.obj
                0x0000000010003ee8                stdout_serialize_begin
 .text.stdout_serialize_end
                0x0000000010003f08       0x10 CMakeFiles/blink.dir/home/laehon/pico/pico-sdk/src/rp2_common/pico_stdio/stdio.c.obj
                0x0000000010003f08                stdout_serialize_end
 .text.stdio_put_string
                0x0000000010003f18       0x98 CMakeFiles/blink.dir/home/laehon/pico/pico-sdk/src/rp2_common/pico_stdio/stdio.c.obj
 .text.stdio_flush
                0x0000000010003fb0       0x20 CMakeFiles/blink.dir/home/laehon/pico/pico-sdk/src/rp2_common/pico_stdio/stdio.c.obj
                0x0000000010003fb0                stdio_flush
 .text.__wrap_puts
                0x0000000010003fd0       0x1e CMakeFiles/blink.dir/home/laehon/pico/pico-sdk/src/rp2_common/pico_stdio/stdio.c.obj
                0x0000000010003fd0                __wrap_puts
 *fill*         0x0000000010003fee        0x2 
 .text.__wrap_vprintf
                0x0000000010003ff0       0x40 CMakeFiles/blink.dir/home/laehon/pico/pico-sdk/src/rp2_common/pico_stdio/stdio.c.obj
                0x0000000010003ff0                __wrap_vprintf
 .text.__wrap_printf
                0x0000000010004030       0x18 CMakeFiles/blink.dir/home/laehon/pico/pico-sdk/src/rp2_common/pico_stdio/stdio.c.obj
                0x0000000010004030                __wrap_printf
 .text          0x0000000010004048       0x5c /usr/lib/gcc/arm-none-eabi/12.2.1/../../../arm-none-eabi/lib/thumb/v6-m/nofp/libg.a(lib_a-strlen-stub.o)
                0x0000000010004048                strlen
 *(.fini)
 .fini          0x00000000100040a4        0x4 /usr/lib/gcc/arm-none-eabi/12.2.1/thumb/v6-m/nofp/crti.o
                0x00000000100040a4                _fini
 .fini.__stub   0x00000000100040a8       0x40 linker stubs
 *crtbegin.o(.ctors)
 *crtbegin?.o(.ctors)
 *(EXCLUDE_FILE(*crtend.o *crtend?.o) .ctors)
 *(SORT_BY_NAME(.ctors.*))
 *(.ctors)
 *crtbegin.o(.dtors)
 *crtbegin?.o(.dtors)
 *(EXCLUDE_FILE(*crtend.o *crtend?.o) .dtors)
 *(SORT_BY_NAME(.dtors.*))
 *(.dtors)
 *(.eh_frame*)
 .eh_frame      0x00000000100040e8        0x0 /usr/lib/gcc/arm-none-eabi/12.2.1/thumb/v6-m/nofp/crtbegin.o
                0x00000000100040e8                . = ALIGN (0x4)

.glue_7         0x00000000100040e8        0x0
 .glue_7        0x00000000100040e8        0x0 linker stubs

.glue_7t        0x00000000100040e8        0x0
 .glue_7t       0x00000000100040e8        0x0 linker stubs

.vfp11_veneer   0x00000000100040e8        0x0
 .vfp11_veneer  0x00000000100040e8        0x0 linker stubs

.v4_bx          0x00000000100040e8        0x0
 .v4_bx         0x00000000100040e8        0x0 linker stubs

.iplt           0x00000000100040e8        0x0
 .iplt          0x00000000100040e8        0x0 /usr/lib/gcc/arm-none-eabi/12.2.1/thumb/v6-m/nofp/crtbegin.o

.rodata         0x00000000100040e8      0xdcc
 *(EXCLUDE_FILE(*libm.a: *libc.a:*lib_a-mem*.o *libgcc.a:) .rodata*)
 .rodata.resolve_branch.str1.4
                0x00000000100040e8       0x55 CMakeFiles/blink.dir/home/laehon/pico/pico-sdk/src/rp2_common/hardware_irq/irq.c.obj
 *fill*         0x000000001000413d        0x3 
 .rodata.make_branch.str1.4
                0x0000000010004140       0x30 CMakeFiles/blink.dir/home/laehon/pico/pico-sdk/src/rp2_common/hardware_irq/irq.c.obj
 .rodata.insert_branch_and_link.str1.4
                0x0000000010004170       0x10 CMakeFiles/blink.dir/home/laehon/pico/pico-sdk/src/rp2_common/hardware_irq/irq.c.obj
 .rodata.irq_set_exclusive_handler.str1.4
                0x0000000010004180       0x36 CMakeFiles/blink.dir/home/laehon/pico/pico-sdk/src/rp2_common/hardware_irq/irq.c.obj
 *fill*         0x00000000100041b6        0x2 
 .rodata.irq_remove_handler.str1.4
                0x00000000100041b8       0x3a CMakeFiles/blink.dir/home/laehon/pico/pico-sdk/src/rp2_common/hardware_irq/irq.c.obj
 *fill*         0x00000000100041f2        0x2 
 .rodata.irq_add_tail_to_free_list.str1.4
                0x00000000100041f4       0x3a CMakeFiles/blink.dir/home/laehon/pico/pico-sdk/src/rp2_common/hardware_irq/irq.c.obj
 *fill*         0x000000001000422e        0x2 
 .rodata.__func__.0
                0x0000000010004230       0x1a CMakeFiles/blink.dir/home/laehon/pico/pico-sdk/src/rp2_common/hardware_irq/irq.c.obj
 *fill*         0x000000001000424a        0x2 
 .rodata.__func__.1
                0x000000001000424c       0x17 CMakeFiles/blink.dir/home/laehon/pico/pico-sdk/src/rp2_common/hardware_irq/irq.c.obj
 *fill*         0x0000000010004263        0x1 
 .rodata.__func__.2
                0x0000000010004264       0x13 CMakeFiles/blink.dir/home/laehon/pico/pico-sdk/src/rp2_common/hardware_irq/irq.c.obj
 *fill*         0x0000000010004277        0x1 
 .rodata.__func__.3
                0x0000000010004278        0xc CMakeFiles/blink.dir/home/laehon/pico/pico-sdk/src/rp2_common/hardware_irq/irq.c.obj
 .rodata.__func__.4
                0x0000000010004284        0xf CMakeFiles/blink.dir/home/laehon/pico/pico-sdk/src/rp2_common/hardware_irq/irq.c.obj
 *fill*         0x0000000010004293        0x1 
 .rodata.__func__.6
                0x0000000010004294       0x1a CMakeFiles/blink.dir/home/laehon/pico/pico-sdk/src/rp2_common/hardware_irq/irq.c.obj
 *fill*         0x00000000100042ae        0x2 
 .rodata.str1.4
                0x00000000100042b0       0x89 CMakeFiles/blink.dir/home/laehon/pico/pico-sdk/src/common/pico_sync/mutex.c.obj
 *fill*         0x0000000010004339        0x3 
 .rodata.__func__.1
                0x000000001000433c        0xb CMakeFiles/blink.dir/home/laehon/pico/pico-sdk/src/common/pico_sync/mutex.c.obj
 *fill*         0x0000000010004347        0x1 
 .rodata.__func__.3
                0x0000000010004348       0x18 CMakeFiles/blink.dir/home/laehon/pico/pico-sdk/src/common/pico_sync/mutex.c.obj
 .rodata.get_entry.str1.4
                0x0000000010004360       0x5b CMakeFiles/blink.dir/home/laehon/pico/pico-sdk/src/common/pico_time/time.c.obj
 *fill*         0x00000000100043bb        0x1 
 .rodata.update_us_since_boot.str1.4
                0x00000000100043bc       0x61 CMakeFiles/blink.dir/home/laehon/pico/pico-sdk/src/common/pico_time/time.c.obj
 *fill*         0x000000001000441d        0x3 
 .rodata.ph_get_node.str1.4
                0x0000000010004420       0x66 CMakeFiles/blink.dir/home/laehon/pico/pico-sdk/src/common/pico_time/time.c.obj
 *fill*         0x0000000010004486        0x2 
 .rodata.ph_add_child_node.str1.4
                0x0000000010004488       0x2e CMakeFiles/blink.dir/home/laehon/pico/pico-sdk/src/common/pico_time/time.c.obj
 *fill*         0x00000000100044b6        0x2 
 .rodata.ph_insert_node.str1.4
                0x00000000100044b8        0x3 CMakeFiles/blink.dir/home/laehon/pico/pico-sdk/src/common/pico_time/time.c.obj
 *fill*         0x00000000100044bb        0x1 
 .rodata.ph_free_node.str1.4
                0x00000000100044bc       0x38 CMakeFiles/blink.dir/home/laehon/pico/pico-sdk/src/common/pico_time/time.c.obj
 .rodata.add_alarm_under_lock.str1.4
                0x00000000100044f4       0x28 CMakeFiles/blink.dir/home/laehon/pico/pico-sdk/src/common/pico_time/time.c.obj
 .rodata.alarm_pool_alarm_callback.str1.4
                0x000000001000451c       0x60 CMakeFiles/blink.dir/home/laehon/pico/pico-sdk/src/common/pico_time/time.c.obj
 .rodata.alarm_pool_get_default.str1.4
                0x000000001000457c       0x21 CMakeFiles/blink.dir/home/laehon/pico/pico-sdk/src/common/pico_time/time.c.obj
 *fill*         0x000000001000459d        0x3 
 .rodata.alarm_pool_cancel_alarm.str1.4
                0x00000000100045a0       0x27 CMakeFiles/blink.dir/home/laehon/pico/pico-sdk/src/common/pico_time/time.c.obj
 *fill*         0x00000000100045c7        0x1 
 .rodata.sleep_until.str1.4
                0x00000000100045c8       0x4d CMakeFiles/blink.dir/home/laehon/pico/pico-sdk/src/common/pico_time/time.c.obj
 *fill*         0x0000000010004615        0x3 
 .rodata.__func__.1
                0x0000000010004618       0x18 CMakeFiles/blink.dir/home/laehon/pico/pico-sdk/src/common/pico_time/time.c.obj
 .rodata.__func__.3
                0x0000000010004630       0x17 CMakeFiles/blink.dir/home/laehon/pico/pico-sdk/src/common/pico_time/time.c.obj
 *fill*         0x0000000010004647        0x1 
 .rodata.__func__.4
                0x0000000010004648       0x12 CMakeFiles/blink.dir/home/laehon/pico/pico-sdk/src/common/pico_time/time.c.obj
 *fill*         0x000000001000465a        0x2 
 .rodata.__func__.5
                0x000000001000465c        0xd CMakeFiles/blink.dir/home/laehon/pico/pico-sdk/src/common/pico_time/time.c.obj
 *fill*         0x0000000010004669        0x3 
 .rodata.__func__.6
                0x000000001000466c       0x12 CMakeFiles/blink.dir/home/laehon/pico/pico-sdk/src/common/pico_time/time.c.obj
 *fill*         0x000000001000467e        0x2 
 .rodata.__func__.7
                0x0000000010004680        0xf CMakeFiles/blink.dir/home/laehon/pico/pico-sdk/src/common/pico_time/time.c.obj
 *fill*         0x000000001000468f        0x1 
 .rodata.__func__.8
                0x0000000010004690        0xc CMakeFiles/blink.dir/home/laehon/pico/pico-sdk/src/common/pico_time/time.c.obj
 .rodata.__func__.9
                0x000000001000469c       0x15 CMakeFiles/blink.dir/home/laehon/pico/pico-sdk/src/common/pico_time/time.c.obj
 *fill*         0x00000000100046b1        0x3 
 .rodata.__func__.10
                0x00000000100046b4       0x15 CMakeFiles/blink.dir/home/laehon/pico/pico-sdk/src/common/pico_time/time.c.obj
 *fill*         0x00000000100046c9        0x3 
 .rodata.__func__.11
                0x00000000100046cc       0x1a CMakeFiles/blink.dir/home/laehon/pico/pico-sdk/src/common/pico_time/time.c.obj
 *fill*         0x00000000100046e6        0x2 
 .rodata.__func__.12
                0x00000000100046e8        0xa CMakeFiles/blink.dir/home/laehon/pico/pico-sdk/src/common/pico_time/time.c.obj
 *fill*         0x00000000100046f2        0x2 
 .rodata.hardware_alarm_claim.str1.4
                0x00000000100046f4       0x22 CMakeFiles/blink.dir/home/laehon/pico/pico-sdk/src/rp2_common/hardware_timer/timer.c.obj
 *fill*         0x0000000010004716        0x2 
 .rodata.hardware_alarm_set_target.str1.4
                0x0000000010004718       0x65 CMakeFiles/blink.dir/home/laehon/pico/pico-sdk/src/rp2_common/hardware_timer/timer.c.obj
 *fill*         0x000000001000477d        0x3 
 .rodata.__func__.0
                0x0000000010004780       0x1a CMakeFiles/blink.dir/home/laehon/pico/pico-sdk/src/rp2_common/hardware_timer/timer.c.obj
 .rodata.ph_get_node.str1.4
                0x000000001000479a       0x66 CMakeFiles/blink.dir/home/laehon/pico/pico-sdk/src/common/pico_util/pheap.c.obj
 .rodata.ph_add_child_node.str1.4
                0x000000001000479a       0x2e CMakeFiles/blink.dir/home/laehon/pico/pico-sdk/src/common/pico_util/pheap.c.obj
 *fill*         0x000000001000479a        0x2 
 .rodata.ph_remove_any_head.str1.4
                0x000000001000479c       0x8c CMakeFiles/blink.dir/home/laehon/pico/pico-sdk/src/common/pico_util/pheap.c.obj
                                         0xa0 (size before relaxing)
 .rodata.ph_remove_and_free_node.str1.4
                0x0000000010004828       0x1e CMakeFiles/blink.dir/home/laehon/pico/pico-sdk/src/common/pico_util/pheap.c.obj
                                         0x26 (size before relaxing)
 *fill*         0x0000000010004846        0x2 
 .rodata.__func__.0
                0x0000000010004848       0x18 CMakeFiles/blink.dir/home/laehon/pico/pico-sdk/src/common/pico_util/pheap.c.obj
 .rodata.__func__.1
                0x0000000010004860       0x13 CMakeFiles/blink.dir/home/laehon/pico/pico-sdk/src/common/pico_util/pheap.c.obj
 *fill*         0x0000000010004873        0x1 
 .rodata.__func__.2
                0x0000000010004874       0x12 CMakeFiles/blink.dir/home/laehon/pico/pico-sdk/src/common/pico_util/pheap.c.obj
 *fill*         0x0000000010004886        0x2 
 .rodata.__func__.3
                0x0000000010004888        0xc CMakeFiles/blink.dir/home/laehon/pico/pico-sdk/src/common/pico_util/pheap.c.obj
 .rodata.clock_configure.str1.4
                0x0000000010004894       0x57 CMakeFiles/blink.dir/home/laehon/pico/pico-sdk/src/rp2_common/hardware_clocks/clocks.c.obj
 *fill*         0x00000000100048eb        0x1 
 .rodata.__func__.1
                0x00000000100048ec       0x10 CMakeFiles/blink.dir/home/laehon/pico/pico-sdk/src/rp2_common/hardware_clocks/clocks.c.obj
 .rodata.pll_init.str1.4
                0x00000000100048fc      0x124 CMakeFiles/blink.dir/home/laehon/pico/pico-sdk/src/rp2_common/hardware_pll/pll.c.obj
 .rodata.__func__.0
                0x0000000010004a20        0x9 CMakeFiles/blink.dir/home/laehon/pico/pico-sdk/src/rp2_common/hardware_pll/pll.c.obj
 *fill*         0x0000000010004a29        0x3 
 .rodata.__assert_func.str1.4
                0x0000000010004a2c       0x3f CMakeFiles/blink.dir/home/laehon/pico/pico-sdk/src/rp2_common/pico_runtime/runtime.c.obj
                                         0x43 (size before relaxing)
 *fill*         0x0000000010004a6b        0x1 
 .rodata.runtime_init.str1.4
                0x0000000010004a6c       0x61 CMakeFiles/blink.dir/home/laehon/pico/pico-sdk/src/rp2_common/pico_runtime/runtime.c.obj
 *fill*         0x0000000010004acd        0x3 
 .rodata.panic.str1.4
                0x0000000010004ad0       0x12 CMakeFiles/blink.dir/home/laehon/pico/pico-sdk/src/rp2_common/pico_runtime/runtime.c.obj
 *fill*         0x0000000010004ae2        0x2 
 .rodata.__func__.2
                0x0000000010004ae4        0xd CMakeFiles/blink.dir/home/laehon/pico/pico-sdk/src/rp2_common/pico_runtime/runtime.c.obj
 *fill*         0x0000000010004af1        0x3 
 .rodata._ftoa.str1.4
                0x0000000010004af4       0x15 CMakeFiles/blink.dir/home/laehon/pico/pico-sdk/src/rp2_common/pico_printf/printf.c.obj
 *fill*         0x0000000010004b09        0x3 
 .rodata._vsnprintf
                0x0000000010004b0c      0x19c CMakeFiles/blink.dir/home/laehon/pico/pico-sdk/src/rp2_common/pico_printf/printf.c.obj
 .rodata.pow10.0
                0x0000000010004ca8       0x50 CMakeFiles/blink.dir/home/laehon/pico/pico-sdk/src/rp2_common/pico_printf/printf.c.obj
 .rodata.__aeabi_double_init.str1.4
                0x0000000010004cf8       0x9c CMakeFiles/blink.dir/home/laehon/pico/pico-sdk/src/rp2_common/pico_double/double_init_rom.c.obj
 .rodata.__func__.0
                0x0000000010004d94       0x14 CMakeFiles/blink.dir/home/laehon/pico/pico-sdk/src/rp2_common/pico_double/double_init_rom.c.obj
 .rodata.__aeabi_float_init.str1.4
                0x0000000010004da8       0x7a CMakeFiles/blink.dir/home/laehon/pico/pico-sdk/src/rp2_common/pico_float/float_init_rom.c.obj
                                         0x7e (size before relaxing)
 *fill*         0x0000000010004e22        0x2 
 .rodata.__func__.0
                0x0000000010004e24       0x13 CMakeFiles/blink.dir/home/laehon/pico/pico-sdk/src/rp2_common/pico_float/float_init_rom.c.obj
 *fill*         0x0000000010004e37        0x1 
 .rodata.str1.4
                0x0000000010004e38       0x3c CMakeFiles/blink.dir/home/laehon/pico/pico-sdk/src/rp2_common/pico_standard_link/binary_info.c.obj
 .rodata.__bi_81
                0x0000000010004e74        0xc CMakeFiles/blink.dir/home/laehon/pico/pico-sdk/src/rp2_common/pico_standard_link/binary_info.c.obj
 .rodata.__bi_75
                0x0000000010004e80        0xc CMakeFiles/blink.dir/home/laehon/pico/pico-sdk/src/rp2_common/pico_standard_link/binary_info.c.obj
 .rodata.__bi_44
                0x0000000010004e8c        0xc CMakeFiles/blink.dir/home/laehon/pico/pico-sdk/src/rp2_common/pico_standard_link/binary_info.c.obj
 .rodata.update_us_since_boot.str1.4
                0x0000000010004e98       0x61 CMakeFiles/blink.dir/home/laehon/pico/pico-sdk/src/rp2_common/pico_stdio/stdio.c.obj
 .rodata.crlf_str.2
                0x0000000010004e98        0x2 CMakeFiles/blink.dir/home/laehon/pico/pico-sdk/src/rp2_common/pico_stdio/stdio.c.obj
 *fill*         0x0000000010004e9a        0x2 
 .rodata.__func__.3
                0x0000000010004e9c       0x15 CMakeFiles/blink.dir/home/laehon/pico/pico-sdk/src/rp2_common/pico_stdio/stdio.c.obj
                0x0000000010004eb4                . = ALIGN (0x4)
 *fill*         0x0000000010004eb1        0x3 
 *(SORT_BY_ALIGNMENT(SORT_BY_NAME(.flashdata*)))
                0x0000000010004eb4                . = ALIGN (0x4)

.ARM.extab
 *(.ARM.extab* .gnu.linkonce.armextab.*)
                0x0000000010004eb4                __exidx_start = .

.ARM.exidx
 *(.ARM.exidx* .gnu.linkonce.armexidx.*)
                0x0000000010004eb4                __exidx_end = .
                0x0000000010004eb4                . = ALIGN (0x4)
                0x0000000010004eb4                __binary_info_start = .

.binary_info    0x0000000010004eb4       0x1c
 *(.binary_info.keep.*)
 .binary_info.keep.__bi_ptr81
                0x0000000010004eb4        0x4 CMakeFiles/blink.dir/home/laehon/pico/pico-sdk/src/rp2_common/pico_standard_link/binary_info.c.obj
 .binary_info.keep.__bi_ptr75
                0x0000000010004eb8        0x4 CMakeFiles/blink.dir/home/laehon/pico/pico-sdk/src/rp2_common/pico_standard_link/binary_info.c.obj
 .binary_info.keep.__bi_ptr50
                0x0000000010004ebc        0x4 CMakeFiles/blink.dir/home/laehon/pico/pico-sdk/src/rp2_common/pico_standard_link/binary_info.c.obj
 .binary_info.keep.__bi_ptr44
                0x0000000010004ec0        0x4 CMakeFiles/blink.dir/home/laehon/pico/pico-sdk/src/rp2_common/pico_standard_link/binary_info.c.obj
 .binary_info.keep.__bi_ptr38
                0x0000000010004ec4        0x4 CMakeFiles/blink.dir/home/laehon/pico/pico-sdk/src/rp2_common/pico_standard_link/binary_info.c.obj
 .binary_info.keep.__bi_ptr30
                0x0000000010004ec8        0x4 CMakeFiles/blink.dir/home/laehon/pico/pico-sdk/src/rp2_common/pico_standard_link/binary_info.c.obj
 .binary_info.keep.__bi_ptr22
                0x0000000010004ecc        0x4 CMakeFiles/blink.dir/home/laehon/pico/pico-sdk/src/rp2_common/pico_standard_link/binary_info.c.obj
 *(.binary_info.*)
                0x0000000010004ed0                __binary_info_end = .

.rel.dyn        0x0000000010004ed0        0x0
 .rel.iplt      0x0000000010004ed0        0x0 /usr/lib/gcc/arm-none-eabi/12.2.1/thumb/v6-m/nofp/crtbegin.o
                0x0000000010004ed0                . = ALIGN (0x4)

.ram_vector_table
                0x0000000020000000       0xc0
 *(.ram_vector_table)
 .ram_vector_table
                0x0000000020000000       0xc0 CMakeFiles/blink.dir/home/laehon/pico/pico-sdk/src/rp2_common/pico_runtime/runtime.c.obj
                0x0000000020000000                ram_vector_table

.data           0x00000000200000c0      0x22c load address 0x0000000010004ed0
                0x00000000200000c0                __data_start__ = .
 *(vtable)
 *(.time_critical*)
 .time_critical.mutex_try_enter
                0x00000000200000c0       0x46 CMakeFiles/blink.dir/home/laehon/pico/pico-sdk/src/common/pico_sync/mutex.c.obj
                0x00000000200000c0                mutex_try_enter
 *fill*         0x0000000020000106        0x2 
 .time_critical.mutex_enter_block_until
                0x0000000020000108       0x8c CMakeFiles/blink.dir/home/laehon/pico/pico-sdk/src/common/pico_sync/mutex.c.obj
                0x0000000020000108                mutex_enter_block_until
 .time_critical.mutex_try_enter_block_until
                0x0000000020000194       0x34 CMakeFiles/blink.dir/home/laehon/pico/pico-sdk/src/common/pico_sync/mutex.c.obj
                0x0000000020000194                mutex_try_enter_block_until
 .time_critical.mutex_exit
                0x00000000200001c8       0x4c CMakeFiles/blink.dir/home/laehon/pico/pico-sdk/src/common/pico_sync/mutex.c.obj
                0x00000000200001c8                mutex_exit
 *(.text*)
 .text          0x0000000020000214        0x4 /usr/lib/gcc/arm-none-eabi/12.2.1/thumb/v6-m/nofp/libgcc.a(_dvmd_tls.o)
                0x0000000020000214                __aeabi_ldiv0
                0x0000000020000214                __aeabi_idiv0
 .text.__stub   0x0000000020000218       0x20 linker stubs
                0x0000000020000238                . = ALIGN (0x4)
 *(.rodata*)
                0x0000000020000238                . = ALIGN (0x4)
 *(.data*)
 .data.striped_spin_lock_num
                0x0000000020000238        0x1 CMakeFiles/blink.dir/home/laehon/pico/pico-sdk/src/rp2_common/hardware_sync/sync.c.obj
 *fill*         0x0000000020000239        0x3 
 .data          0x000000002000023c       0x48 CMakeFiles/blink.dir/home/laehon/pico/pico-sdk/src/rp2_common/hardware_irq/irq_handler_chain.S.obj
                0x000000002000023c                irq_handler_chain_slots
                0x000000002000026c                irq_handler_chain_first_slot
                0x0000000020000276                irq_handler_chain_remove_tail
 .data.default_alarm_pool
                0x0000000020000284       0x18 CMakeFiles/blink.dir/home/laehon/pico/pico-sdk/src/common/pico_time/time.c.obj
 .data.default_alarm_pool_heap
                0x000000002000029c       0x10 CMakeFiles/blink.dir/home/laehon/pico/pico-sdk/src/common/pico_time/time.c.obj
 *fill*         0x00000000200002ac        0x4 
 .data.aeabi_bits_funcs
                0x00000000200002b0       0x10 CMakeFiles/blink.dir/home/laehon/pico/pico-sdk/src/rp2_common/pico_bit_ops/bit_ops_aeabi.S.obj
                0x00000000200002b0                aeabi_bits_funcs
                0x00000000200002c0                aeabi_bits_funcs_end
 .data.aeabi_mem_funcs
                0x00000000200002c0       0x10 CMakeFiles/blink.dir/home/laehon/pico/pico-sdk/src/rp2_common/pico_mem_ops/mem_ops_aeabi.S.obj
                0x00000000200002c0                aeabi_mem_funcs
                0x00000000200002d0                aeabi_mem_funcs_end
                0x00000000200002d0                . = ALIGN (0x4)
 *(.after_data.*)
                0x00000000200002d0                . = ALIGN (0x4)
                0x00000000200002d0                PROVIDE (__mutex_array_start = .)
 *(SORT_BY_NAME(.mutex_array.*))
 *(.mutex_array)
 .mutex_array   0x00000000200002d0        0x8 CMakeFiles/blink.dir/home/laehon/pico/pico-sdk/src/rp2_common/pico_stdio/stdio.c.obj
                0x00000000200002d8                PROVIDE (__mutex_array_end = .)
                0x00000000200002d8                . = ALIGN (0x4)
                0x00000000200002d8                PROVIDE (__preinit_array_start = .)
 *(SORT_BY_NAME(.preinit_array.*))
 .preinit_array.00001
                0x00000000200002d8        0x4 CMakeFiles/blink.dir/home/laehon/pico/pico-sdk/src/rp2_common/pico_mem_ops/mem_ops_aeabi.S.obj
 .preinit_array.00010
                0x00000000200002dc        0x4 CMakeFiles/blink.dir/home/laehon/pico/pico-sdk/src/rp2_common/pico_bit_ops/bit_ops_aeabi.S.obj
 .preinit_array.00020
                0x00000000200002e0        0x4 CMakeFiles/blink.dir/home/laehon/pico/pico-sdk/src/rp2_common/pico_double/double_aeabi.S.obj
 .preinit_array.00020
                0x00000000200002e4        0x4 CMakeFiles/blink.dir/home/laehon/pico/pico-sdk/src/rp2_common/pico_float/float_aeabi.S.obj
 *(.preinit_array)
                0x00000000200002e8                PROVIDE (__preinit_array_end = .)
                0x00000000200002e8                . = ALIGN (0x4)
                0x00000000200002e8                PROVIDE (__init_array_start = .)
 *(SORT_BY_NAME(.init_array.*))
 *(.init_array)
 .init_array    0x00000000200002e8        0x4 /usr/lib/gcc/arm-none-eabi/12.2.1/thumb/v6-m/nofp/crtbegin.o
                0x00000000200002ec                PROVIDE (__init_array_end = .)
                0x00000000200002ec                . = ALIGN (0x4)
                0x00000000200002ec                PROVIDE (__fini_array_start = .)
 *(SORT_BY_NAME(.fini_array.*))
 *(.fini_array)
                0x00000000200002ec                PROVIDE (__fini_array_end = .)
 *(.jcr)
                0x00000000200002ec                . = ALIGN (0x4)
                0x00000000200002ec                __data_end__ = .
                0x0000000010004ed0                __etext = LOADADDR (.data)

.tm_clone_table
                0x00000000200002ec        0x0 load address 0x00000000100050fc
 .tm_clone_table
                0x00000000200002ec        0x0 /usr/lib/gcc/arm-none-eabi/12.2.1/thumb/v6-m/nofp/crtbegin.o
 .tm_clone_table
                0x00000000200002ec        0x0 /usr/lib/gcc/arm-none-eabi/12.2.1/thumb/v6-m/nofp/crtend.o

.igot.plt       0x00000000200002ec        0x0 load address 0x00000000100050fc
 .igot.plt      0x00000000200002ec        0x0 /usr/lib/gcc/arm-none-eabi/12.2.1/thumb/v6-m/nofp/crtbegin.o

.uninitialized_data
                0x00000000200002ec        0x0 load address 0x00000000100050fc
                0x00000000200002ec                . = ALIGN (0x4)
 *(.uninitialized_data*)

.scratch_x      0x0000000020040000        0x0 load address 0x00000000100050fc
                0x0000000020040000                __scratch_x_start__ = .
 *(.scratch_x.*)
                0x0000000020040000                . = ALIGN (0x4)
                0x0000000020040000                __scratch_x_end__ = .
                0x00000000100050fc                __scratch_x_source__ = LOADADDR (.scratch_x)

.scratch_y      0x0000000020041000        0x0 load address 0x00000000100050fc
                0x0000000020041000                __scratch_y_start__ = .
 *(.scratch_y.*)
                0x0000000020041000                . = ALIGN (0x4)
                0x0000000020041000                __scratch_y_end__ = .
                0x00000000100050fc                __scratch_y_source__ = LOADADDR (.scratch_y)

.bss            0x00000000200002f0      0x3c8
                0x00000000200002f0                . = ALIGN (0x4)
                0x00000000200002f0                __bss_start__ = .
 *(SORT_BY_ALIGNMENT(SORT_BY_NAME(.bss*)))
 .bss.default_alarm_pool_entries
                0x00000000200002f0      0x100 CMakeFiles/blink.dir/home/laehon/pico/pico-sdk/src/common/pico_time/time.c.obj
 .bss           0x00000000200003f0       0x1c /usr/lib/gcc/arm-none-eabi/12.2.1/thumb/v6-m/nofp/crtbegin.o
 .bss.alarm_callbacks
                0x000000002000040c       0x10 CMakeFiles/blink.dir/home/laehon/pico/pico-sdk/src/rp2_common/hardware_timer/timer.c.obj
 .bss.configured_freq
                0x000000002000041c       0x28 CMakeFiles/blink.dir/home/laehon/pico/pico-sdk/src/rp2_common/hardware_clocks/clocks.c.obj
 .bss.default_alarm_pool_entry_ids_high
                0x0000000020000444       0x10 CMakeFiles/blink.dir/home/laehon/pico/pico-sdk/src/common/pico_time/time.c.obj
 .bss.default_alarm_pool_heap_nodes
                0x0000000020000454       0x30 CMakeFiles/blink.dir/home/laehon/pico/pico-sdk/src/common/pico_time/time.c.obj
 .bss.drivers   0x0000000020000484        0x4 CMakeFiles/blink.dir/home/laehon/pico/pico-sdk/src/rp2_common/pico_stdio/stdio.c.obj
 .bss.filter    0x0000000020000488        0x4 CMakeFiles/blink.dir/home/laehon/pico/pico-sdk/src/rp2_common/pico_stdio/stdio.c.obj
 .bss.pools     0x000000002000048c       0x10 CMakeFiles/blink.dir/home/laehon/pico/pico-sdk/src/common/pico_time/time.c.obj
 .bss.sd_table  0x000000002000049c      0x100 CMakeFiles/blink.dir/home/laehon/pico/pico-sdk/src/rp2_common/pico_double/double_init_rom.c.obj
                0x000000002000049c                sd_table
 .bss.sf_clz_func
                0x000000002000059c        0x4 CMakeFiles/blink.dir/home/laehon/pico/pico-sdk/src/rp2_common/pico_double/double_init_rom.c.obj
                0x000000002000059c                sf_clz_func
 .bss.sf_table  0x00000000200005a0      0x100 CMakeFiles/blink.dir/home/laehon/pico/pico-sdk/src/rp2_common/pico_float/float_init_rom.c.obj
                0x00000000200005a0                sf_table
 .bss.sleep_notifier
                0x00000000200006a0        0x4 CMakeFiles/blink.dir/home/laehon/pico/pico-sdk/src/common/pico_time/time.c.obj
 .bss.target_hi
                0x00000000200006a4       0x10 CMakeFiles/blink.dir/home/laehon/pico/pico-sdk/src/rp2_common/hardware_timer/timer.c.obj
 .bss.claimed   0x00000000200006b4        0x1 CMakeFiles/blink.dir/home/laehon/pico/pico-sdk/src/rp2_common/hardware_timer/timer.c.obj
 .bss.irq_hander_chain_free_slot_head
                0x00000000200006b5        0x1 CMakeFiles/blink.dir/home/laehon/pico/pico-sdk/src/rp2_common/hardware_irq/irq.c.obj
 .bss.timer_callbacks_pending
                0x00000000200006b6        0x1 CMakeFiles/blink.dir/home/laehon/pico/pico-sdk/src/rp2_common/hardware_timer/timer.c.obj
 *(COMMON)
                0x00000000200006b8                . = ALIGN (0x4)
 *fill*         0x00000000200006b7        0x1 
                0x00000000200006b8                __bss_end__ = .

.heap           0x00000000200006b8      0x800
                0x00000000200006b8                __end__ = .
                0x00000000200006b8                end = __end__
 *(.heap*)
 .heap          0x00000000200006b8      0x800 CMakeFiles/blink.dir/home/laehon/pico/pico-sdk/src/rp2_common/pico_standard_link/crt0.S.obj
                0x0000000020000eb8                __HeapLimit = .

.stack1_dummy
 *(.stack1*)

.stack_dummy    0x0000000020041000      0x800
 *(.stack*)
 .stack         0x0000000020041000      0x800 CMakeFiles/blink.dir/home/laehon/pico/pico-sdk/src/rp2_common/pico_standard_link/crt0.S.obj

.flash_end      0x00000000100050fc        0x0
                0x00000000100050fc                PROVIDE (__flash_binary_end = .)
                0x0000000020040000                __StackLimit = (ORIGIN (RAM) + LENGTH (RAM))
                0x0000000020041000                __StackOneTop = (ORIGIN (SCRATCH_X) + LENGTH (SCRATCH_X))
                0x0000000020042000                __StackTop = (ORIGIN (SCRATCH_Y) + LENGTH (SCRATCH_Y))
                0x0000000020041000                __StackOneBottom = (__StackOneTop - SIZEOF (.stack1_dummy))
                0x0000000020041800                __StackBottom = (__StackTop - SIZEOF (.stack_dummy))
                0x0000000020042000                PROVIDE (__stack = __StackTop)
                0x0000000000000001                ASSERT ((__StackLimit >= __HeapLimit), region RAM overflowed)
                0x0000000000000001                ASSERT (((__binary_info_header_end - __logical_binary_start) <= 0x100), Binary info must be in first 256 bytes of the binary)
LOAD CMakeFiles/blink.dir/blink.c.obj
LOAD CMakeFiles/blink.dir/home/laehon/pico/pico-sdk/src/rp2_common/pico_stdlib/stdlib.c.obj
LOAD CMakeFiles/blink.dir/home/laehon/pico/pico-sdk/src/rp2_common/hardware_gpio/gpio.c.obj
LOAD CMakeFiles/blink.dir/home/laehon/pico/pico-sdk/src/rp2_common/pico_platform/platform.c.obj
LOAD CMakeFiles/blink.dir/home/laehon/pico/pico-sdk/src/rp2_common/hardware_claim/claim.c.obj
LOAD CMakeFiles/blink.dir/home/laehon/pico/pico-sdk/src/rp2_common/hardware_sync/sync.c.obj
LOAD CMakeFiles/blink.dir/home/laehon/pico/pico-sdk/src/rp2_common/hardware_irq/irq.c.obj
LOAD CMakeFiles/blink.dir/home/laehon/pico/pico-sdk/src/rp2_common/hardware_irq/irq_handler_chain.S.obj
LOAD CMakeFiles/blink.dir/home/laehon/pico/pico-sdk/src/common/pico_sync/sem.c.obj
LOAD CMakeFiles/blink.dir/home/laehon/pico/pico-sdk/src/common/pico_sync/lock_core.c.obj
LOAD CMakeFiles/blink.dir/home/laehon/pico/pico-sdk/src/common/pico_sync/mutex.c.obj
LOAD CMakeFiles/blink.dir/home/laehon/pico/pico-sdk/src/common/pico_sync/critical_section.c.obj
LOAD CMakeFiles/blink.dir/home/laehon/pico/pico-sdk/src/common/pico_time/time.c.obj
LOAD CMakeFiles/blink.dir/home/laehon/pico/pico-sdk/src/common/pico_time/timeout_helper.c.obj
LOAD CMakeFiles/blink.dir/home/laehon/pico/pico-sdk/src/rp2_common/hardware_timer/timer.c.obj
LOAD CMakeFiles/blink.dir/home/laehon/pico/pico-sdk/src/common/pico_util/datetime.c.obj
LOAD CMakeFiles/blink.dir/home/laehon/pico/pico-sdk/src/common/pico_util/pheap.c.obj
LOAD CMakeFiles/blink.dir/home/laehon/pico/pico-sdk/src/common/pico_util/queue.c.obj
LOAD CMakeFiles/blink.dir/home/laehon/pico/pico-sdk/src/rp2_common/hardware_uart/uart.c.obj
LOAD CMakeFiles/blink.dir/home/laehon/pico/pico-sdk/src/rp2_common/hardware_clocks/clocks.c.obj
LOAD CMakeFiles/blink.dir/home/laehon/pico/pico-sdk/src/rp2_common/hardware_pll/pll.c.obj
LOAD CMakeFiles/blink.dir/home/laehon/pico/pico-sdk/src/rp2_common/hardware_vreg/vreg.c.obj
LOAD CMakeFiles/blink.dir/home/laehon/pico/pico-sdk/src/rp2_common/hardware_watchdog/watchdog.c.obj
LOAD CMakeFiles/blink.dir/home/laehon/pico/pico-sdk/src/rp2_common/hardware_xosc/xosc.c.obj
LOAD CMakeFiles/blink.dir/home/laehon/pico/pico-sdk/src/rp2_common/hardware_divider/divider.S.obj
LOAD CMakeFiles/blink.dir/home/laehon/pico/pico-sdk/src/rp2_common/pico_runtime/runtime.c.obj
LOAD CMakeFiles/blink.dir/home/laehon/pico/pico-sdk/src/rp2_common/pico_printf/printf.c.obj
LOAD CMakeFiles/blink.dir/home/laehon/pico/pico-sdk/src/rp2_common/pico_bit_ops/bit_ops_aeabi.S.obj
LOAD CMakeFiles/blink.dir/home/laehon/pico/pico-sdk/src/rp2_common/pico_bootrom/bootrom.c.obj
LOAD CMakeFiles/blink.dir/home/laehon/pico/pico-sdk/src/rp2_common/pico_divider/divider.S.obj
LOAD CMakeFiles/blink.dir/home/laehon/pico/pico-sdk/src/rp2_common/pico_double/double_aeabi.S.obj
LOAD CMakeFiles/blink.dir/home/laehon/pico/pico-sdk/src/rp2_common/pico_double/double_init_rom.c.obj
LOAD CMakeFiles/blink.dir/home/laehon/pico/pico-sdk/src/rp2_common/pico_double/double_math.c.obj
LOAD CMakeFiles/blink.dir/home/laehon/pico/pico-sdk/src/rp2_common/pico_double/double_v1_rom_shim.S.obj
LOAD CMakeFiles/blink.dir/home/laehon/pico/pico-sdk/src/rp2_common/pico_int64_ops/pico_int64_ops_aeabi.S.obj
LOAD CMakeFiles/blink.dir/home/laehon/pico/pico-sdk/src/rp2_common/pico_float/float_aeabi.S.obj
LOAD CMakeFiles/blink.dir/home/laehon/pico/pico-sdk/src/rp2_common/pico_float/float_init_rom.c.obj
LOAD CMakeFiles/blink.dir/home/laehon/pico/pico-sdk/src/rp2_common/pico_float/float_math.c.obj
LOAD CMakeFiles/blink.dir/home/laehon/pico/pico-sdk/src/rp2_common/pico_float/float_v1_rom_shim.S.obj
LOAD CMakeFiles/blink.dir/home/laehon/pico/pico-sdk/src/rp2_common/pico_malloc/pico_malloc.c.obj
LOAD CMakeFiles/blink.dir/home/laehon/pico/pico-sdk/src/rp2_common/pico_mem_ops/mem_ops_aeabi.S.obj
LOAD CMakeFiles/blink.dir/home/laehon/pico/pico-sdk/src/rp2_common/pico_standard_link/crt0.S.obj
LOAD CMakeFiles/blink.dir/home/laehon/pico/pico-sdk/src/rp2_common/pico_standard_link/new_delete.cpp.obj
LOAD CMakeFiles/blink.dir/home/laehon/pico/pico-sdk/src/rp2_common/pico_standard_link/binary_info.c.obj
LOAD CMakeFiles/blink.dir/home/laehon/pico/pico-sdk/src/rp2_common/pico_stdio/stdio.c.obj
LOAD CMakeFiles/blink.dir/home/laehon/pico/pico-sdk/src/rp2_common/pico_stdio_uart/stdio_uart.c.obj
LOAD /tmp/ccgNK9lp.o
LOAD /usr/lib/gcc/arm-none-eabi/12.2.1/../../../arm-none-eabi/lib/thumb/v6-m/nofp/libstdc++.a
LOAD /usr/lib/gcc/arm-none-eabi/12.2.1/../../../arm-none-eabi/lib/thumb/v6-m/nofp/libm.a
START GROUP
LOAD /usr/lib/gcc/arm-none-eabi/12.2.1/thumb/v6-m/nofp/libgcc.a
LOAD /usr/lib/gcc/arm-none-eabi/12.2.1/../../../arm-none-eabi/lib/thumb/v6-m/nofp/libg.a
LOAD /usr/lib/gcc/arm-none-eabi/12.2.1/../../../arm-none-eabi/lib/thumb/v6-m/nofp/libc.a
END GROUP
START GROUP
LOAD /usr/lib/gcc/arm-none-eabi/12.2.1/thumb/v6-m/nofp/libgcc.a
LOAD /usr/lib/gcc/arm-none-eabi/12.2.1/../../../arm-none-eabi/lib/thumb/v6-m/nofp/libc.a
LOAD /usr/lib/gcc/arm-none-eabi/12.2.1/../../../arm-none-eabi/lib/thumb/v6-m/nofp/libnosys.a
END GROUP
LOAD /usr/lib/gcc/arm-none-eabi/12.2.1/thumb/v6-m/nofp/crtend.o
LOAD /usr/lib/gcc/arm-none-eabi/12.2.1/thumb/v6-m/nofp/crtn.o
OUTPUT(blink.elf elf32-littlearm)
LOAD linker stubs

.ARM.attributes
                0x0000000000000000       0x28
 .ARM.attributes
                0x0000000000000000       0x1e /usr/lib/gcc/arm-none-eabi/12.2.1/thumb/v6-m/nofp/crti.o
 .ARM.attributes
                0x000000000000001e       0x2c /usr/lib/gcc/arm-none-eabi/12.2.1/thumb/v6-m/nofp/crtbegin.o
 .ARM.attributes
                0x000000000000004a       0x2c CMakeFiles/blink.dir/blink.c.obj
 .ARM.attributes
                0x0000000000000076       0x2c CMakeFiles/blink.dir/home/laehon/pico/pico-sdk/src/rp2_common/hardware_gpio/gpio.c.obj
 .ARM.attributes
                0x00000000000000a2       0x2c CMakeFiles/blink.dir/home/laehon/pico/pico-sdk/src/rp2_common/pico_platform/platform.c.obj
 .ARM.attributes
                0x00000000000000ce       0x2c CMakeFiles/blink.dir/home/laehon/pico/pico-sdk/src/rp2_common/hardware_claim/claim.c.obj
 .ARM.attributes
                0x00000000000000fa       0x2c CMakeFiles/blink.dir/home/laehon/pico/pico-sdk/src/rp2_common/hardware_sync/sync.c.obj
 .ARM.attributes
                0x0000000000000126       0x2c CMakeFiles/blink.dir/home/laehon/pico/pico-sdk/src/rp2_common/hardware_irq/irq.c.obj
 .ARM.attributes
                0x0000000000000152       0x22 CMakeFiles/blink.dir/home/laehon/pico/pico-sdk/src/rp2_common/hardware_irq/irq_handler_chain.S.obj
 .ARM.attributes
                0x0000000000000174       0x2c CMakeFiles/blink.dir/home/laehon/pico/pico-sdk/src/common/pico_sync/lock_core.c.obj
 .ARM.attributes
                0x00000000000001a0       0x2c CMakeFiles/blink.dir/home/laehon/pico/pico-sdk/src/common/pico_sync/mutex.c.obj
 .ARM.attributes
                0x00000000000001cc       0x2c CMakeFiles/blink.dir/home/laehon/pico/pico-sdk/src/common/pico_time/time.c.obj
 .ARM.attributes
                0x00000000000001f8       0x2c CMakeFiles/blink.dir/home/laehon/pico/pico-sdk/src/rp2_common/hardware_timer/timer.c.obj
 .ARM.attributes
                0x0000000000000224       0x2c CMakeFiles/blink.dir/home/laehon/pico/pico-sdk/src/common/pico_util/pheap.c.obj
 .ARM.attributes
                0x0000000000000250       0x2c CMakeFiles/blink.dir/home/laehon/pico/pico-sdk/src/rp2_common/hardware_clocks/clocks.c.obj
 .ARM.attributes
                0x000000000000027c       0x2c CMakeFiles/blink.dir/home/laehon/pico/pico-sdk/src/rp2_common/hardware_pll/pll.c.obj
 .ARM.attributes
                0x00000000000002a8       0x2c CMakeFiles/blink.dir/home/laehon/pico/pico-sdk/src/rp2_common/hardware_watchdog/watchdog.c.obj
 .ARM.attributes
                0x00000000000002d4       0x2c CMakeFiles/blink.dir/home/laehon/pico/pico-sdk/src/rp2_common/hardware_xosc/xosc.c.obj
 .ARM.attributes
                0x0000000000000300       0x2c CMakeFiles/blink.dir/home/laehon/pico/pico-sdk/src/rp2_common/pico_runtime/runtime.c.obj
 .ARM.attributes
                0x000000000000032c       0x2c CMakeFiles/blink.dir/home/laehon/pico/pico-sdk/src/rp2_common/pico_printf/printf.c.obj
 .ARM.attributes
                0x0000000000000358       0x22 CMakeFiles/blink.dir/home/laehon/pico/pico-sdk/src/rp2_common/pico_bit_ops/bit_ops_aeabi.S.obj
 .ARM.attributes
                0x000000000000037a       0x2c CMakeFiles/blink.dir/home/laehon/pico/pico-sdk/src/rp2_common/pico_bootrom/bootrom.c.obj
 .ARM.attributes
                0x00000000000003a6       0x22 CMakeFiles/blink.dir/home/laehon/pico/pico-sdk/src/rp2_common/pico_divider/divider.S.obj
 .ARM.attributes
                0x00000000000003c8       0x22 CMakeFiles/blink.dir/home/laehon/pico/pico-sdk/src/rp2_common/pico_double/double_aeabi.S.obj
 .ARM.attributes
                0x00000000000003ea       0x2c CMakeFiles/blink.dir/home/laehon/pico/pico-sdk/src/rp2_common/pico_double/double_init_rom.c.obj
 .ARM.attributes
                0x0000000000000416       0x22 CMakeFiles/blink.dir/home/laehon/pico/pico-sdk/src/rp2_common/pico_double/double_v1_rom_shim.S.obj
 .ARM.attributes
                0x0000000000000438       0x22 CMakeFiles/blink.dir/home/laehon/pico/pico-sdk/src/rp2_common/pico_int64_ops/pico_int64_ops_aeabi.S.obj
 .ARM.attributes
                0x000000000000045a       0x22 CMakeFiles/blink.dir/home/laehon/pico/pico-sdk/src/rp2_common/pico_float/float_aeabi.S.obj
 .ARM.attributes
                0x000000000000047c       0x2c CMakeFiles/blink.dir/home/laehon/pico/pico-sdk/src/rp2_common/pico_float/float_init_rom.c.obj
 .ARM.attributes
                0x00000000000004a8       0x22 CMakeFiles/blink.dir/home/laehon/pico/pico-sdk/src/rp2_common/pico_float/float_v1_rom_shim.S.obj
 .ARM.attributes
                0x00000000000004ca       0x22 CMakeFiles/blink.dir/home/laehon/pico/pico-sdk/src/rp2_common/pico_mem_ops/mem_ops_aeabi.S.obj
 .ARM.attributes
                0x00000000000004ec       0x22 CMakeFiles/blink.dir/home/laehon/pico/pico-sdk/src/rp2_common/pico_standard_link/crt0.S.obj
 .ARM.attributes
                0x000000000000050e       0x2c CMakeFiles/blink.dir/home/laehon/pico/pico-sdk/src/rp2_common/pico_standard_link/binary_info.c.obj
 .ARM.attributes
                0x000000000000053a       0x2c CMakeFiles/blink.dir/home/laehon/pico/pico-sdk/src/rp2_common/pico_stdio/stdio.c.obj
 .ARM.attributes
                0x0000000000000566       0x22 /tmp/ccgNK9lp.o
 .ARM.attributes
                0x0000000000000588       0x1e /usr/lib/gcc/arm-none-eabi/12.2.1/thumb/v6-m/nofp/libgcc.a(_dvmd_tls.o)
 .ARM.attributes
                0x00000000000005a6       0x2c /usr/lib/gcc/arm-none-eabi/12.2.1/../../../arm-none-eabi/lib/thumb/v6-m/nofp/libg.a(lib_a-strlen-stub.o)
 .ARM.attributes
                0x00000000000005d2       0x2c /usr/lib/gcc/arm-none-eabi/12.2.1/thumb/v6-m/nofp/crtend.o

.comment        0x0000000000000000       0x59
 .comment       0x0000000000000000       0x26 /usr/lib/gcc/arm-none-eabi/12.2.1/thumb/v6-m/nofp/crtbegin.o
                                         0x27 (size before relaxing)
 .comment       0x0000000000000026       0x27 CMakeFiles/blink.dir/blink.c.obj
 .comment       0x0000000000000026       0x27 CMakeFiles/blink.dir/home/laehon/pico/pico-sdk/src/rp2_common/hardware_gpio/gpio.c.obj
 .comment       0x0000000000000026       0x27 CMakeFiles/blink.dir/home/laehon/pico/pico-sdk/src/rp2_common/pico_platform/platform.c.obj
 .comment       0x0000000000000026       0x27 CMakeFiles/blink.dir/home/laehon/pico/pico-sdk/src/rp2_common/hardware_claim/claim.c.obj
 .comment       0x0000000000000026       0x27 CMakeFiles/blink.dir/home/laehon/pico/pico-sdk/src/rp2_common/hardware_sync/sync.c.obj
 .comment       0x0000000000000026       0x27 CMakeFiles/blink.dir/home/laehon/pico/pico-sdk/src/rp2_common/hardware_irq/irq.c.obj
 .comment       0x0000000000000026       0x27 CMakeFiles/blink.dir/home/laehon/pico/pico-sdk/src/common/pico_sync/lock_core.c.obj
 .comment       0x0000000000000026       0x27 CMakeFiles/blink.dir/home/laehon/pico/pico-sdk/src/common/pico_sync/mutex.c.obj
 .comment       0x0000000000000026       0x27 CMakeFiles/blink.dir/home/laehon/pico/pico-sdk/src/common/pico_time/time.c.obj
 .comment       0x0000000000000026       0x27 CMakeFiles/blink.dir/home/laehon/pico/pico-sdk/src/rp2_common/hardware_timer/timer.c.obj
 .comment       0x0000000000000026       0x27 CMakeFiles/blink.dir/home/laehon/pico/pico-sdk/src/common/pico_util/pheap.c.obj
 .comment       0x0000000000000026       0x27 CMakeFiles/blink.dir/home/laehon/pico/pico-sdk/src/rp2_common/hardware_clocks/clocks.c.obj
 .comment       0x0000000000000026       0x27 CMakeFiles/blink.dir/home/laehon/pico/pico-sdk/src/rp2_common/hardware_pll/pll.c.obj
 .comment       0x0000000000000026       0x27 CMakeFiles/blink.dir/home/laehon/pico/pico-sdk/src/rp2_common/hardware_watchdog/watchdog.c.obj
 .comment       0x0000000000000026       0x27 CMakeFiles/blink.dir/home/laehon/pico/pico-sdk/src/rp2_common/hardware_xosc/xosc.c.obj
 .comment       0x0000000000000026       0x27 CMakeFiles/blink.dir/home/laehon/pico/pico-sdk/src/rp2_common/pico_runtime/runtime.c.obj
 .comment       0x0000000000000026       0x27 CMakeFiles/blink.dir/home/laehon/pico/pico-sdk/src/rp2_common/pico_printf/printf.c.obj
 .comment       0x0000000000000026       0x27 CMakeFiles/blink.dir/home/laehon/pico/pico-sdk/src/rp2_common/pico_bootrom/bootrom.c.obj
 .comment       0x0000000000000026       0x27 CMakeFiles/blink.dir/home/laehon/pico/pico-sdk/src/rp2_common/pico_double/double_init_rom.c.obj
 .comment       0x0000000000000026       0x27 CMakeFiles/blink.dir/home/laehon/pico/pico-sdk/src/rp2_common/pico_float/float_init_rom.c.obj
 .comment       0x0000000000000026       0x27 CMakeFiles/blink.dir/home/laehon/pico/pico-sdk/src/rp2_common/pico_standard_link/binary_info.c.obj
 .comment       0x0000000000000026       0x27 CMakeFiles/blink.dir/home/laehon/pico/pico-sdk/src/rp2_common/pico_stdio/stdio.c.obj
 .comment       0x0000000000000026       0x33 /usr/lib/gcc/arm-none-eabi/12.2.1/../../../arm-none-eabi/lib/thumb/v6-m/nofp/libg.a(lib_a-strlen-stub.o)
                                         0x34 (size before relaxing)
 .comment       0x0000000000000059       0x27 /usr/lib/gcc/arm-none-eabi/12.2.1/thumb/v6-m/nofp/crtend.o

.debug_info     0x0000000000000000    0x124d8
 .debug_info    0x0000000000000000      0x5aa CMakeFiles/blink.dir/blink.c.obj
 .debug_info    0x00000000000005aa     0x17d1 CMakeFiles/blink.dir/home/laehon/pico/pico-sdk/src/rp2_common/hardware_gpio/gpio.c.obj
 .debug_info    0x0000000000001d7b      0x1e3 CMakeFiles/blink.dir/home/laehon/pico/pico-sdk/src/rp2_common/pico_platform/platform.c.obj
 .debug_info    0x0000000000001f5e      0x682 CMakeFiles/blink.dir/home/laehon/pico/pico-sdk/src/rp2_common/hardware_claim/claim.c.obj
 .debug_info    0x00000000000025e0      0x5c3 CMakeFiles/blink.dir/home/laehon/pico/pico-sdk/src/rp2_common/hardware_sync/sync.c.obj
 .debug_info    0x0000000000002ba3     0x1bc3 CMakeFiles/blink.dir/home/laehon/pico/pico-sdk/src/rp2_common/hardware_irq/irq.c.obj
 .debug_info    0x0000000000004766      0x197 CMakeFiles/blink.dir/home/laehon/pico/pico-sdk/src/common/pico_sync/lock_core.c.obj
 .debug_info    0x00000000000048fd     0x1ce9 CMakeFiles/blink.dir/home/laehon/pico/pico-sdk/src/common/pico_sync/mutex.c.obj
 .debug_info    0x00000000000065e6     0x33ad CMakeFiles/blink.dir/home/laehon/pico/pico-sdk/src/common/pico_time/time.c.obj
 .debug_info    0x0000000000009993     0x13ee CMakeFiles/blink.dir/home/laehon/pico/pico-sdk/src/rp2_common/hardware_timer/timer.c.obj
 .debug_info    0x000000000000ad81      0xe63 CMakeFiles/blink.dir/home/laehon/pico/pico-sdk/src/common/pico_util/pheap.c.obj
 .debug_info    0x000000000000bbe4      0xfb7 CMakeFiles/blink.dir/home/laehon/pico/pico-sdk/src/rp2_common/hardware_clocks/clocks.c.obj
 .debug_info    0x000000000000cb9b      0x4ed CMakeFiles/blink.dir/home/laehon/pico/pico-sdk/src/rp2_common/hardware_pll/pll.c.obj
 .debug_info    0x000000000000d088      0x4c5 CMakeFiles/blink.dir/home/laehon/pico/pico-sdk/src/rp2_common/hardware_watchdog/watchdog.c.obj
 .debug_info    0x000000000000d54d      0x1af CMakeFiles/blink.dir/home/laehon/pico/pico-sdk/src/rp2_common/hardware_xosc/xosc.c.obj
 .debug_info    0x000000000000d6fc      0xf17 CMakeFiles/blink.dir/home/laehon/pico/pico-sdk/src/rp2_common/pico_runtime/runtime.c.obj
 .debug_info    0x000000000000e613     0x198a CMakeFiles/blink.dir/home/laehon/pico/pico-sdk/src/rp2_common/pico_printf/printf.c.obj
 .debug_info    0x000000000000ff9d       0x23 CMakeFiles/blink.dir/home/laehon/pico/pico-sdk/src/rp2_common/pico_bit_ops/bit_ops_aeabi.S.obj
 .debug_info    0x000000000000ffc0      0x301 CMakeFiles/blink.dir/home/laehon/pico/pico-sdk/src/rp2_common/pico_bootrom/bootrom.c.obj
 .debug_info    0x00000000000102c1       0x23 CMakeFiles/blink.dir/home/laehon/pico/pico-sdk/src/rp2_common/pico_divider/divider.S.obj
 .debug_info    0x00000000000102e4       0x23 CMakeFiles/blink.dir/home/laehon/pico/pico-sdk/src/rp2_common/pico_double/double_aeabi.S.obj
 .debug_info    0x0000000000010307      0x30b CMakeFiles/blink.dir/home/laehon/pico/pico-sdk/src/rp2_common/pico_double/double_init_rom.c.obj
 .debug_info    0x0000000000010612       0x23 CMakeFiles/blink.dir/home/laehon/pico/pico-sdk/src/rp2_common/pico_double/double_v1_rom_shim.S.obj
 .debug_info    0x0000000000010635       0x24 CMakeFiles/blink.dir/home/laehon/pico/pico-sdk/src/rp2_common/pico_int64_ops/pico_int64_ops_aeabi.S.obj
 .debug_info    0x0000000000010659       0x23 CMakeFiles/blink.dir/home/laehon/pico/pico-sdk/src/rp2_common/pico_float/float_aeabi.S.obj
 .debug_info    0x000000000001067c      0x31f CMakeFiles/blink.dir/home/laehon/pico/pico-sdk/src/rp2_common/pico_float/float_init_rom.c.obj
 .debug_info    0x000000000001099b       0x23 CMakeFiles/blink.dir/home/laehon/pico/pico-sdk/src/rp2_common/pico_float/float_v1_rom_shim.S.obj
 .debug_info    0x00000000000109be       0x23 CMakeFiles/blink.dir/home/laehon/pico/pico-sdk/src/rp2_common/pico_mem_ops/mem_ops_aeabi.S.obj
 .debug_info    0x00000000000109e1       0x23 CMakeFiles/blink.dir/home/laehon/pico/pico-sdk/src/rp2_common/pico_standard_link/crt0.S.obj
 .debug_info    0x0000000000010a04      0x288 CMakeFiles/blink.dir/home/laehon/pico/pico-sdk/src/rp2_common/pico_standard_link/binary_info.c.obj
 .debug_info    0x0000000000010c8c     0x1725 CMakeFiles/blink.dir/home/laehon/pico/pico-sdk/src/rp2_common/pico_stdio/stdio.c.obj
 .debug_info    0x00000000000123b1       0x39 /usr/lib/gcc/arm-none-eabi/12.2.1/thumb/v6-m/nofp/libgcc.a(_dvmd_tls.o)
 .debug_info    0x00000000000123ea       0xee /usr/lib/gcc/arm-none-eabi/12.2.1/../../../arm-none-eabi/lib/thumb/v6-m/nofp/libg.a(lib_a-strlen-stub.o)

.debug_abbrev   0x0000000000000000     0x3e7a
 .debug_abbrev  0x0000000000000000      0x1a2 CMakeFiles/blink.dir/blink.c.obj
 .debug_abbrev  0x00000000000001a2      0x3a6 CMakeFiles/blink.dir/home/laehon/pico/pico-sdk/src/rp2_common/hardware_gpio/gpio.c.obj
 .debug_abbrev  0x0000000000000548       0xf8 CMakeFiles/blink.dir/home/laehon/pico/pico-sdk/src/rp2_common/pico_platform/platform.c.obj
 .debug_abbrev  0x0000000000000640      0x2ce CMakeFiles/blink.dir/home/laehon/pico/pico-sdk/src/rp2_common/hardware_claim/claim.c.obj
 .debug_abbrev  0x000000000000090e      0x249 CMakeFiles/blink.dir/home/laehon/pico/pico-sdk/src/rp2_common/hardware_sync/sync.c.obj
 .debug_abbrev  0x0000000000000b57      0x500 CMakeFiles/blink.dir/home/laehon/pico/pico-sdk/src/rp2_common/hardware_irq/irq.c.obj
 .debug_abbrev  0x0000000000001057      0x116 CMakeFiles/blink.dir/home/laehon/pico/pico-sdk/src/common/pico_sync/lock_core.c.obj
 .debug_abbrev  0x000000000000116d      0x3e8 CMakeFiles/blink.dir/home/laehon/pico/pico-sdk/src/common/pico_sync/mutex.c.obj
 .debug_abbrev  0x0000000000001555      0x5c3 CMakeFiles/blink.dir/home/laehon/pico/pico-sdk/src/common/pico_time/time.c.obj
 .debug_abbrev  0x0000000000001b18      0x3d5 CMakeFiles/blink.dir/home/laehon/pico/pico-sdk/src/rp2_common/hardware_timer/timer.c.obj
 .debug_abbrev  0x0000000000001eed      0x290 CMakeFiles/blink.dir/home/laehon/pico/pico-sdk/src/common/pico_util/pheap.c.obj
 .debug_abbrev  0x000000000000217d      0x434 CMakeFiles/blink.dir/home/laehon/pico/pico-sdk/src/rp2_common/hardware_clocks/clocks.c.obj
 .debug_abbrev  0x00000000000025b1      0x1e7 CMakeFiles/blink.dir/home/laehon/pico/pico-sdk/src/rp2_common/hardware_pll/pll.c.obj
 .debug_abbrev  0x0000000000002798      0x1a8 CMakeFiles/blink.dir/home/laehon/pico/pico-sdk/src/rp2_common/hardware_watchdog/watchdog.c.obj
 .debug_abbrev  0x0000000000002940      0x10c CMakeFiles/blink.dir/home/laehon/pico/pico-sdk/src/rp2_common/hardware_xosc/xosc.c.obj
 .debug_abbrev  0x0000000000002a4c      0x530 CMakeFiles/blink.dir/home/laehon/pico/pico-sdk/src/rp2_common/pico_runtime/runtime.c.obj
 .debug_abbrev  0x0000000000002f7c      0x38a CMakeFiles/blink.dir/home/laehon/pico/pico-sdk/src/rp2_common/pico_printf/printf.c.obj
 .debug_abbrev  0x0000000000003306       0x12 CMakeFiles/blink.dir/home/laehon/pico/pico-sdk/src/rp2_common/pico_bit_ops/bit_ops_aeabi.S.obj
 .debug_abbrev  0x0000000000003318      0x167 CMakeFiles/blink.dir/home/laehon/pico/pico-sdk/src/rp2_common/pico_bootrom/bootrom.c.obj
 .debug_abbrev  0x000000000000347f       0x12 CMakeFiles/blink.dir/home/laehon/pico/pico-sdk/src/rp2_common/pico_divider/divider.S.obj
 .debug_abbrev  0x0000000000003491       0x12 CMakeFiles/blink.dir/home/laehon/pico/pico-sdk/src/rp2_common/pico_double/double_aeabi.S.obj
 .debug_abbrev  0x00000000000034a3      0x1c3 CMakeFiles/blink.dir/home/laehon/pico/pico-sdk/src/rp2_common/pico_double/double_init_rom.c.obj
 .debug_abbrev  0x0000000000003666       0x12 CMakeFiles/blink.dir/home/laehon/pico/pico-sdk/src/rp2_common/pico_double/double_v1_rom_shim.S.obj
 .debug_abbrev  0x0000000000003678       0x14 CMakeFiles/blink.dir/home/laehon/pico/pico-sdk/src/rp2_common/pico_int64_ops/pico_int64_ops_aeabi.S.obj
 .debug_abbrev  0x000000000000368c       0x12 CMakeFiles/blink.dir/home/laehon/pico/pico-sdk/src/rp2_common/pico_float/float_aeabi.S.obj
 .debug_abbrev  0x000000000000369e      0x1c6 CMakeFiles/blink.dir/home/laehon/pico/pico-sdk/src/rp2_common/pico_float/float_init_rom.c.obj
 .debug_abbrev  0x0000000000003864       0x12 CMakeFiles/blink.dir/home/laehon/pico/pico-sdk/src/rp2_common/pico_float/float_v1_rom_shim.S.obj
 .debug_abbrev  0x0000000000003876       0x12 CMakeFiles/blink.dir/home/laehon/pico/pico-sdk/src/rp2_common/pico_mem_ops/mem_ops_aeabi.S.obj
 .debug_abbrev  0x0000000000003888       0x12 CMakeFiles/blink.dir/home/laehon/pico/pico-sdk/src/rp2_common/pico_standard_link/crt0.S.obj
 .debug_abbrev  0x000000000000389a       0xb8 CMakeFiles/blink.dir/home/laehon/pico/pico-sdk/src/rp2_common/pico_standard_link/binary_info.c.obj
 .debug_abbrev  0x0000000000003952      0x47a CMakeFiles/blink.dir/home/laehon/pico/pico-sdk/src/rp2_common/pico_stdio/stdio.c.obj
 .debug_abbrev  0x0000000000003dcc       0x1f /usr/lib/gcc/arm-none-eabi/12.2.1/thumb/v6-m/nofp/libgcc.a(_dvmd_tls.o)
 .debug_abbrev  0x0000000000003deb       0x8f /usr/lib/gcc/arm-none-eabi/12.2.1/../../../arm-none-eabi/lib/thumb/v6-m/nofp/libg.a(lib_a-strlen-stub.o)

.debug_loclists
                0x0000000000000000     0x7136
 .debug_loclists
                0x0000000000000000       0xa8 CMakeFiles/blink.dir/blink.c.obj
 .debug_loclists
                0x00000000000000a8      0x9c2 CMakeFiles/blink.dir/home/laehon/pico/pico-sdk/src/rp2_common/hardware_gpio/gpio.c.obj
 .debug_loclists
                0x0000000000000a6a       0x9f CMakeFiles/blink.dir/home/laehon/pico/pico-sdk/src/rp2_common/pico_platform/platform.c.obj
 .debug_loclists
                0x0000000000000b09      0x27b CMakeFiles/blink.dir/home/laehon/pico/pico-sdk/src/rp2_common/hardware_claim/claim.c.obj
 .debug_loclists
                0x0000000000000d84      0x157 CMakeFiles/blink.dir/home/laehon/pico/pico-sdk/src/rp2_common/hardware_sync/sync.c.obj
 .debug_loclists
                0x0000000000000edb      0xc84 CMakeFiles/blink.dir/home/laehon/pico/pico-sdk/src/rp2_common/hardware_irq/irq.c.obj
 .debug_loclists
                0x0000000000001b5f       0x4a CMakeFiles/blink.dir/home/laehon/pico/pico-sdk/src/common/pico_sync/lock_core.c.obj
 .debug_loclists
                0x0000000000001ba9      0x9bf CMakeFiles/blink.dir/home/laehon/pico/pico-sdk/src/common/pico_sync/mutex.c.obj
 .debug_loclists
                0x0000000000002568     0x12c0 CMakeFiles/blink.dir/home/laehon/pico/pico-sdk/src/common/pico_time/time.c.obj
 .debug_loclists
                0x0000000000003828      0x63d CMakeFiles/blink.dir/home/laehon/pico/pico-sdk/src/rp2_common/hardware_timer/timer.c.obj
 .debug_loclists
                0x0000000000003e65      0x690 CMakeFiles/blink.dir/home/laehon/pico/pico-sdk/src/common/pico_util/pheap.c.obj
 .debug_loclists
                0x00000000000044f5      0x502 CMakeFiles/blink.dir/home/laehon/pico/pico-sdk/src/rp2_common/hardware_clocks/clocks.c.obj
 .debug_loclists
                0x00000000000049f7      0x1f0 CMakeFiles/blink.dir/home/laehon/pico/pico-sdk/src/rp2_common/hardware_pll/pll.c.obj
 .debug_loclists
                0x0000000000004be7      0x1c7 CMakeFiles/blink.dir/home/laehon/pico/pico-sdk/src/rp2_common/hardware_watchdog/watchdog.c.obj
 .debug_loclists
                0x0000000000004dae       0x48 CMakeFiles/blink.dir/home/laehon/pico/pico-sdk/src/rp2_common/hardware_xosc/xosc.c.obj
 .debug_loclists
                0x0000000000004df6      0x36a CMakeFiles/blink.dir/home/laehon/pico/pico-sdk/src/rp2_common/pico_runtime/runtime.c.obj
 .debug_loclists
                0x0000000000005160     0x1640 CMakeFiles/blink.dir/home/laehon/pico/pico-sdk/src/rp2_common/pico_printf/printf.c.obj
 .debug_loclists
                0x00000000000067a0      0x12f CMakeFiles/blink.dir/home/laehon/pico/pico-sdk/src/rp2_common/pico_bootrom/bootrom.c.obj
 .debug_loclists
                0x00000000000068cf       0x41 CMakeFiles/blink.dir/home/laehon/pico/pico-sdk/src/rp2_common/pico_double/double_init_rom.c.obj
 .debug_loclists
                0x0000000000006910       0x4f CMakeFiles/blink.dir/home/laehon/pico/pico-sdk/src/rp2_common/pico_float/float_init_rom.c.obj
 .debug_loclists
                0x000000000000695f      0x7d7 CMakeFiles/blink.dir/home/laehon/pico/pico-sdk/src/rp2_common/pico_stdio/stdio.c.obj

.debug_aranges  0x0000000000000000      0xef8
 .debug_aranges
                0x0000000000000000       0x20 CMakeFiles/blink.dir/blink.c.obj
 .debug_aranges
                0x0000000000000020      0x100 CMakeFiles/blink.dir/home/laehon/pico/pico-sdk/src/rp2_common/hardware_gpio/gpio.c.obj
 .debug_aranges
                0x0000000000000120       0x28 CMakeFiles/blink.dir/home/laehon/pico/pico-sdk/src/rp2_common/pico_platform/platform.c.obj
 .debug_aranges
                0x0000000000000148       0x48 CMakeFiles/blink.dir/home/laehon/pico/pico-sdk/src/rp2_common/hardware_claim/claim.c.obj
 .debug_aranges
                0x0000000000000190       0x58 CMakeFiles/blink.dir/home/laehon/pico/pico-sdk/src/rp2_common/hardware_sync/sync.c.obj
 .debug_aranges
                0x00000000000001e8       0xd0 CMakeFiles/blink.dir/home/laehon/pico/pico-sdk/src/rp2_common/hardware_irq/irq.c.obj
 .debug_aranges
                0x00000000000002b8       0x20 CMakeFiles/blink.dir/home/laehon/pico/pico-sdk/src/common/pico_sync/lock_core.c.obj
 .debug_aranges
                0x00000000000002d8       0xc0 CMakeFiles/blink.dir/home/laehon/pico/pico-sdk/src/common/pico_sync/mutex.c.obj
 .debug_aranges
                0x0000000000000398      0x158 CMakeFiles/blink.dir/home/laehon/pico/pico-sdk/src/common/pico_time/time.c.obj
 .debug_aranges
                0x00000000000004f0       0x90 CMakeFiles/blink.dir/home/laehon/pico/pico-sdk/src/rp2_common/hardware_timer/timer.c.obj
 .debug_aranges
                0x0000000000000580       0x80 CMakeFiles/blink.dir/home/laehon/pico/pico-sdk/src/common/pico_util/pheap.c.obj
 .debug_aranges
                0x0000000000000600       0x70 CMakeFiles/blink.dir/home/laehon/pico/pico-sdk/src/rp2_common/hardware_clocks/clocks.c.obj
 .debug_aranges
                0x0000000000000670       0x28 CMakeFiles/blink.dir/home/laehon/pico/pico-sdk/src/rp2_common/hardware_pll/pll.c.obj
 .debug_aranges
                0x0000000000000698       0x58 CMakeFiles/blink.dir/home/laehon/pico/pico-sdk/src/rp2_common/hardware_watchdog/watchdog.c.obj
 .debug_aranges
                0x00000000000006f0       0x30 CMakeFiles/blink.dir/home/laehon/pico/pico-sdk/src/rp2_common/hardware_xosc/xosc.c.obj
 .debug_aranges
                0x0000000000000720       0x98 CMakeFiles/blink.dir/home/laehon/pico/pico-sdk/src/rp2_common/pico_runtime/runtime.c.obj
 .debug_aranges
                0x00000000000007b8       0x90 CMakeFiles/blink.dir/home/laehon/pico/pico-sdk/src/rp2_common/pico_printf/printf.c.obj
 .debug_aranges
                0x0000000000000848       0x68 CMakeFiles/blink.dir/home/laehon/pico/pico-sdk/src/rp2_common/pico_bit_ops/bit_ops_aeabi.S.obj
 .debug_aranges
                0x00000000000008b0       0x30 CMakeFiles/blink.dir/home/laehon/pico/pico-sdk/src/rp2_common/pico_bootrom/bootrom.c.obj
 .debug_aranges
                0x00000000000008e0       0x40 CMakeFiles/blink.dir/home/laehon/pico/pico-sdk/src/rp2_common/pico_divider/divider.S.obj
 .debug_aranges
                0x0000000000000920      0x140 CMakeFiles/blink.dir/home/laehon/pico/pico-sdk/src/rp2_common/pico_double/double_aeabi.S.obj
 .debug_aranges
                0x0000000000000a60       0x20 CMakeFiles/blink.dir/home/laehon/pico/pico-sdk/src/rp2_common/pico_double/double_init_rom.c.obj
 .debug_aranges
                0x0000000000000a80       0xc8 CMakeFiles/blink.dir/home/laehon/pico/pico-sdk/src/rp2_common/pico_double/double_v1_rom_shim.S.obj
 .debug_aranges
                0x0000000000000b48       0x20 CMakeFiles/blink.dir/home/laehon/pico/pico-sdk/src/rp2_common/pico_int64_ops/pico_int64_ops_aeabi.S.obj
 .debug_aranges
                0x0000000000000b68      0x130 CMakeFiles/blink.dir/home/laehon/pico/pico-sdk/src/rp2_common/pico_float/float_aeabi.S.obj
 .debug_aranges
                0x0000000000000c98       0x20 CMakeFiles/blink.dir/home/laehon/pico/pico-sdk/src/rp2_common/pico_float/float_init_rom.c.obj
 .debug_aranges
                0x0000000000000cb8       0x50 CMakeFiles/blink.dir/home/laehon/pico/pico-sdk/src/rp2_common/pico_float/float_v1_rom_shim.S.obj
 .debug_aranges
                0x0000000000000d08       0x38 CMakeFiles/blink.dir/home/laehon/pico/pico-sdk/src/rp2_common/pico_mem_ops/mem_ops_aeabi.S.obj
 .debug_aranges
                0x0000000000000d40       0x28 CMakeFiles/blink.dir/home/laehon/pico/pico-sdk/src/rp2_common/pico_standard_link/crt0.S.obj
 .debug_aranges